ahdlcmicompile: Compiling ahdlcmi in xcelium.d/AMSD/ahdlSimDB/amsXrunControl.ahdlSimDB//5d611ff1210ac8147a1817fa891ef14d.worklib__cmos_transition__vams__0x10000001_behavioral.ahdlcmi/Linux-64/ for Linux-64 with optimize using gcc on Thu Oct 23 14:43:04 CEST 2025 [5.0]
ahdlcmicompile: Generating makefile
PATH:  /comelec/softs/opt/Cadence/releases/SPECTRE211/bin:/comelec/softs/opt/Cadence/releases/SPECTRE211/tools.lnx86/bin/64bit:/comelec/softs/opt/Cadence/releases/SPECTRE211/tools.lnx86/bin:/comelec/softs/opt/Cadence/releases/XCELIUM2109/bin:/comelec/softs/opt/Cadence/releases/XCELIUM2109/tools/bin/64bit:/comelec/softs/opt/Cadence/releases/XCELIUM2109/tools/bin:/comelec/softs/opt/Cadence/releases/XCELIUM2109/tools/vtools/vfault/bin:/comelec/softs/opt/Cadence/releases/ULTRASIM181/bin:/usr/local/bin:/usr/bin:/bin:/usr/local/games:/usr/games:/usr/local/sbin:/usr/sbin:/sbin:/usr/local/nfs_bin
LD_LIBRARY_PATH:  /comelec/softs/opt/Cadence/releases/SPECTRE211/tools.lnx86/giganta/lib/64bit:/comelec/softs/opt/Cadence/releases/SPECTRE211/tools.lnx86/mdl/lib/64bit:/comelec/softs/opt/Cadence/releases/SPECTRE211/tools.lnx86/mmsim/lib/64bit:/comelec/softs/opt/Cadence/releases/SPECTRE211/tools.lnx86/tcltk-8.4.20/lib/64bit:/comelec/softs/opt/Cadence/releases/SPECTRE211/tools.lnx86/python/64bit/lib:/comelec/softs/opt/Cadence/releases/SPECTRE211/tools.lnx86/inca/lib/64bit:/comelec/softs/opt/Cadence/releases/SPECTRE211/tools.lnx86/awrmwo/lib/64bit:/comelec/softs/opt/Cadence/releases/SPECTRE211/tools.lnx86/spectre/lib/64bit:/comelec/softs/opt/Cadence/releases/SPECTRE211/tools.lnx86/dfII/lib/64bit:/comelec/softs/opt/Cadence/releases/SPECTRE211/tools.lnx86/fmc/lib/64bit:/comelec/softs/opt/Cadence/releases/SPECTRE211/tools.lnx86/lib/64bit:/comelec/softs/opt/Cadence/releases/SPECTRE211/tools.lnx86/lib/64bit:/comelec/softs/opt/Cadence/releases/SPECTRE211/tools.lnx86/lib:/comelec/softs/opt/Cadence/releases/XCELIUM2109/tools/lib/64bit/Debian:/comelec/softs/opt/Cadence/releases/XCELIUM2109/tools/lib/64bit:/usr/lib/x86_64-linux-gnu:/usr/lib:/comelec/softs/opt/Cadence/releases/XCELIUM2109/tools/lib/64bit:/comelec/softs/opt/Cadence/releases/XCELIUM2109/tools/lib/64bit/Ubuntu:/tools/lib/64/comelec/softs/opt/Cadence/releases/XCELIUM2109/tools/sev/lib/64bit:/comelec/softs/opt/Cadence/releases/XCELIUM2109/tools/cdsbinutils/lib/64bit:/comelec/softs/opt/Cadence/releases/XCELIUM2109/tools/systemc/lib/64bit:/comelec/softs/opt/Cadence/releases/XCELIUM2109/tools/tbsc/lib/64bit
/comelec/softs/opt/Cadence/releases/SPECTRE211/tools.lnx86/spectre/ahdlcmi/bin/gnumake -j1 -f GNUmakefile
gnumake[1]: Entering directory '/cal/exterieurs/prats-25/Desktop/Cadence45nm/INV_fall_transition/xcelium.d/AMSD/ahdlSimDB/amsXrunControl.ahdlSimDB/5d611ff1210ac8147a1817fa891ef14d.worklib__cmos_transition__vams__0x10000001_behavioral.ahdlcmi/Linux-64'
Cleaning ./obj/optimize/5.0
rm -f -rf ./obj/optimize/5.0
gnumake[1]: Leaving directory '/cal/exterieurs/prats-25/Desktop/Cadence45nm/INV_fall_transition/xcelium.d/AMSD/ahdlSimDB/amsXrunControl.ahdlSimDB/5d611ff1210ac8147a1817fa891ef14d.worklib__cmos_transition__vams__0x10000001_behavioral.ahdlcmi/Linux-64'
gnumake[1]: Entering directory '/cal/exterieurs/prats-25/Desktop/Cadence45nm/INV_fall_transition/xcelium.d/AMSD/ahdlSimDB/amsXrunControl.ahdlSimDB/5d611ff1210ac8147a1817fa891ef14d.worklib__cmos_transition__vams__0x10000001_behavioral.ahdlcmi/Linux-64'
Compiling C file worklib__cmos_transition__vams__0x10000001_behavioral_func.c (optimize)
/comelec/softs/opt/Cadence/releases/SPECTRE211/tools.lnx86/spectre/ahdlcmi/bin/64bit/ahdlcc 0 /usr/bin/gcc  -ffast-math  -fno-unsafe-math-optimizations -O3 -m64 -DSYSV -DSVR4 -D_REENTRANT -fPIC   -DconfigSPECTRE -I. -I/comelec/softs/opt/Cadence/releases/SPECTRE211/tools.lnx86/spectre/ahdlcmi/include -c worklib__cmos_transition__vams__0x10000001_behavioral_func.c -o obj/optimize/5.0/worklib__cmos_transition__vams__0x10000001_behavioral_func.o || rm -f -f obj/optimize/5.0/worklib__cmos_transition__vams__0x10000001_behavioral_func.o
<stdin>: In function 'worklib__cmos_transition__vams__0x10000001_behavioral_AcLoad':
<stdin>:126:453: warning: passing argument 2 of 'aslDevInterGetIntFromABReg' from incompatible pointer type [-Wincompatible-pointer-types]
In file included from <stdin>:24:
/comelec/softs/opt/Cadence/releases/SPECTRE211/tools.lnx86/spectre/ahdlcmi/include/ahdlDevLibGlobal.h:2225:73: note: expected 'char *' but argument is of type 'long int *'
 2225 | ASL_FUNC_DECL_START extern long long aslDevInterGetIntFromABReg ( long, char *, long, struct ahdlFuncModeParam *, int * );
      |                                                                         ^~~~~~
<stdin>:126:120: warning: passing argument 2 of 'aslDevEvalTableModelC' makes pointer from integer without a cast [-Wint-conversion]
/comelec/softs/opt/Cadence/releases/SPECTRE211/tools.lnx86/spectre/ahdlcmi/include/ahdlDevLibGlobal.h:2765:79: note: expected 'void *' but argument is of type 'long int'
 2765 | ASL_FUNC_DECL_START double aslDevEvalTableModelC( struct ahdlFuncModeParam *, void *, ... );
      |                                                                               ^~~~~~
rm -f -rf worklib__cmos_transition__vams__0x10000001_behavioral_func.c
Compiling C file worklib__cmos_transition__vams__0x10000001_behavioral_DcFuncDerLoad.c (optimize)
/comelec/softs/opt/Cadence/releases/SPECTRE211/tools.lnx86/spectre/ahdlcmi/bin/64bit/ahdlcc 0 /usr/bin/gcc  -ffast-math  -fno-unsafe-math-optimizations -O3 -m64 -DSYSV -DSVR4 -D_REENTRANT -fPIC   -DconfigSPECTRE -I. -I/comelec/softs/opt/Cadence/releases/SPECTRE211/tools.lnx86/spectre/ahdlcmi/include -c worklib__cmos_transition__vams__0x10000001_behavioral_DcFuncDerLoad.c -o obj/optimize/5.0/worklib__cmos_transition__vams__0x10000001_behavioral_DcFuncDerLoad.o || rm -f -f obj/optimize/5.0/worklib__cmos_transition__vams__0x10000001_behavioral_DcFuncDerLoad.o
<stdin>: In function 'worklib__cmos_transition__vams__0x10000001_behavioral_DcFuncDerLoad':
<stdin>:127:453: warning: passing argument 2 of 'aslDevInterGetIntFromABReg' from incompatible pointer type [-Wincompatible-pointer-types]
In file included from <stdin>:24:
/comelec/softs/opt/Cadence/releases/SPECTRE211/tools.lnx86/spectre/ahdlcmi/include/ahdlDevLibGlobal.h:2225:73: note: expected 'char *' but argument is of type 'long int *'
 2225 | ASL_FUNC_DECL_START extern long long aslDevInterGetIntFromABReg ( long, char *, long, struct ahdlFuncModeParam *, int * );
      |                                                                         ^~~~~~
<stdin>:127:120: warning: passing argument 2 of 'aslDevEvalTableModelC' makes pointer from integer without a cast [-Wint-conversion]
/comelec/softs/opt/Cadence/releases/SPECTRE211/tools.lnx86/spectre/ahdlcmi/include/ahdlDevLibGlobal.h:2765:79: note: expected 'void *' but argument is of type 'long int'
 2765 | ASL_FUNC_DECL_START double aslDevEvalTableModelC( struct ahdlFuncModeParam *, void *, ... );
      |                                                                               ^~~~~~
rm -f -rf worklib__cmos_transition__vams__0x10000001_behavioral_DcFuncDerLoad.c
Compiling C file worklib__cmos_transition__vams__0x10000001_behavioral_DcFuncLoad.c (optimize)
/comelec/softs/opt/Cadence/releases/SPECTRE211/tools.lnx86/spectre/ahdlcmi/bin/64bit/ahdlcc 0 /usr/bin/gcc  -ffast-math  -fno-unsafe-math-optimizations -O3 -m64 -DSYSV -DSVR4 -D_REENTRANT -fPIC   -DconfigSPECTRE -I. -I/comelec/softs/opt/Cadence/releases/SPECTRE211/tools.lnx86/spectre/ahdlcmi/include -c worklib__cmos_transition__vams__0x10000001_behavioral_DcFuncLoad.c -o obj/optimize/5.0/worklib__cmos_transition__vams__0x10000001_behavioral_DcFuncLoad.o || rm -f -f obj/optimize/5.0/worklib__cmos_transition__vams__0x10000001_behavioral_DcFuncLoad.o
<stdin>: In function 'worklib__cmos_transition__vams__0x10000001_behavioral_DcFuncLoad':
<stdin>:127:453: warning: passing argument 2 of 'aslDevInterGetIntFromABReg' from incompatible pointer type [-Wincompatible-pointer-types]
In file included from <stdin>:24:
/comelec/softs/opt/Cadence/releases/SPECTRE211/tools.lnx86/spectre/ahdlcmi/include/ahdlDevLibGlobal.h:2225:73: note: expected 'char *' but argument is of type 'long int *'
 2225 | ASL_FUNC_DECL_START extern long long aslDevInterGetIntFromABReg ( long, char *, long, struct ahdlFuncModeParam *, int * );
      |                                                                         ^~~~~~
<stdin>:127:120: warning: passing argument 2 of 'aslDevEvalTableModelC' makes pointer from integer without a cast [-Wint-conversion]
/comelec/softs/opt/Cadence/releases/SPECTRE211/tools.lnx86/spectre/ahdlcmi/include/ahdlDevLibGlobal.h:2765:79: note: expected 'void *' but argument is of type 'long int'
 2765 | ASL_FUNC_DECL_START double aslDevEvalTableModelC( struct ahdlFuncModeParam *, void *, ... );
      |                                                                               ^~~~~~
rm -f -rf worklib__cmos_transition__vams__0x10000001_behavioral_DcFuncLoad.c
Compiling C file worklib__cmos_transition__vams__0x10000001_behavioral_TranFuncDerLoad.c (optimize)
/comelec/softs/opt/Cadence/releases/SPECTRE211/tools.lnx86/spectre/ahdlcmi/bin/64bit/ahdlcc 0 /usr/bin/gcc  -ffast-math  -fno-unsafe-math-optimizations -O3 -m64 -DSYSV -DSVR4 -D_REENTRANT -fPIC   -DconfigSPECTRE -I. -I/comelec/softs/opt/Cadence/releases/SPECTRE211/tools.lnx86/spectre/ahdlcmi/include -c worklib__cmos_transition__vams__0x10000001_behavioral_TranFuncDerLoad.c -o obj/optimize/5.0/worklib__cmos_transition__vams__0x10000001_behavioral_TranFuncDerLoad.o || rm -f -f obj/optimize/5.0/worklib__cmos_transition__vams__0x10000001_behavioral_TranFuncDerLoad.o
<stdin>: In function 'worklib__cmos_transition__vams__0x10000001_behavioral_TranFuncDerLoad':
<stdin>:128:453: warning: passing argument 2 of 'aslDevInterGetIntFromABReg' from incompatible pointer type [-Wincompatible-pointer-types]
In file included from <stdin>:24:
/comelec/softs/opt/Cadence/releases/SPECTRE211/tools.lnx86/spectre/ahdlcmi/include/ahdlDevLibGlobal.h:2225:73: note: expected 'char *' but argument is of type 'long int *'
 2225 | ASL_FUNC_DECL_START extern long long aslDevInterGetIntFromABReg ( long, char *, long, struct ahdlFuncModeParam *, int * );
      |                                                                         ^~~~~~
<stdin>:128:120: warning: passing argument 2 of 'aslDevEvalTableModelC' makes pointer from integer without a cast [-Wint-conversion]
/comelec/softs/opt/Cadence/releases/SPECTRE211/tools.lnx86/spectre/ahdlcmi/include/ahdlDevLibGlobal.h:2765:79: note: expected 'void *' but argument is of type 'long int'
 2765 | ASL_FUNC_DECL_START double aslDevEvalTableModelC( struct ahdlFuncModeParam *, void *, ... );
      |                                                                               ^~~~~~
rm -f -rf worklib__cmos_transition__vams__0x10000001_behavioral_TranFuncDerLoad.c
Compiling C file worklib__cmos_transition__vams__0x10000001_behavioral_TranFuncLoad.c (optimize)
/comelec/softs/opt/Cadence/releases/SPECTRE211/tools.lnx86/spectre/ahdlcmi/bin/64bit/ahdlcc 0 /usr/bin/gcc  -ffast-math  -fno-unsafe-math-optimizations -O3 -m64 -DSYSV -DSVR4 -D_REENTRANT -fPIC   -DconfigSPECTRE -I. -I/comelec/softs/opt/Cadence/releases/SPECTRE211/tools.lnx86/spectre/ahdlcmi/include -c worklib__cmos_transition__vams__0x10000001_behavioral_TranFuncLoad.c -o obj/optimize/5.0/worklib__cmos_transition__vams__0x10000001_behavioral_TranFuncLoad.o || rm -f -f obj/optimize/5.0/worklib__cmos_transition__vams__0x10000001_behavioral_TranFuncLoad.o
<stdin>: In function 'worklib__cmos_transition__vams__0x10000001_behavioral_TranFuncLoad':
<stdin>:128:453: warning: passing argument 2 of 'aslDevInterGetIntFromABReg' from incompatible pointer type [-Wincompatible-pointer-types]
In file included from <stdin>:24:
/comelec/softs/opt/Cadence/releases/SPECTRE211/tools.lnx86/spectre/ahdlcmi/include/ahdlDevLibGlobal.h:2225:73: note: expected 'char *' but argument is of type 'long int *'
 2225 | ASL_FUNC_DECL_START extern long long aslDevInterGetIntFromABReg ( long, char *, long, struct ahdlFuncModeParam *, int * );
      |                                                                         ^~~~~~
<stdin>:128:120: warning: passing argument 2 of 'aslDevEvalTableModelC' makes pointer from integer without a cast [-Wint-conversion]
/comelec/softs/opt/Cadence/releases/SPECTRE211/tools.lnx86/spectre/ahdlcmi/include/ahdlDevLibGlobal.h:2765:79: note: expected 'void *' but argument is of type 'long int'
 2765 | ASL_FUNC_DECL_START double aslDevEvalTableModelC( struct ahdlFuncModeParam *, void *, ... );
      |                                                                               ^~~~~~
rm -f -rf worklib__cmos_transition__vams__0x10000001_behavioral_TranFuncLoad.c
Compiling C file worklib__cmos_transition__vams__0x10000001_behavioral_OpPointCalc.c (optimize)
/comelec/softs/opt/Cadence/releases/SPECTRE211/tools.lnx86/spectre/ahdlcmi/bin/64bit/ahdlcc 0 /usr/bin/gcc  -ffast-math  -fno-unsafe-math-optimizations -O3 -m64 -DSYSV -DSVR4 -D_REENTRANT -fPIC   -DconfigSPECTRE -I. -I/comelec/softs/opt/Cadence/releases/SPECTRE211/tools.lnx86/spectre/ahdlcmi/include -c worklib__cmos_transition__vams__0x10000001_behavioral_OpPointCalc.c -o obj/optimize/5.0/worklib__cmos_transition__vams__0x10000001_behavioral_OpPointCalc.o || rm -f -f obj/optimize/5.0/worklib__cmos_transition__vams__0x10000001_behavioral_OpPointCalc.o
<stdin>: In function 'worklib__cmos_transition__vams__0x10000001_behavioral_OpPointCalc':
<stdin>:122:453: warning: passing argument 2 of 'aslDevInterGetIntFromABReg' from incompatible pointer type [-Wincompatible-pointer-types]
In file included from <stdin>:24:
/comelec/softs/opt/Cadence/releases/SPECTRE211/tools.lnx86/spectre/ahdlcmi/include/ahdlDevLibGlobal.h:2225:73: note: expected 'char *' but argument is of type 'long int *'
 2225 | ASL_FUNC_DECL_START extern long long aslDevInterGetIntFromABReg ( long, char *, long, struct ahdlFuncModeParam *, int * );
      |                                                                         ^~~~~~
<stdin>:122:120: warning: passing argument 2 of 'aslDevEvalTableModelC' makes pointer from integer without a cast [-Wint-conversion]
/comelec/softs/opt/Cadence/releases/SPECTRE211/tools.lnx86/spectre/ahdlcmi/include/ahdlDevLibGlobal.h:2765:79: note: expected 'void *' but argument is of type 'long int'
 2765 | ASL_FUNC_DECL_START double aslDevEvalTableModelC( struct ahdlFuncModeParam *, void *, ... );
      |                                                                               ^~~~~~
rm -f -rf worklib__cmos_transition__vams__0x10000001_behavioral_OpPointCalc.c
Compiling C file worklib__cmos_transition__vams__0x10000001_behavioral_cmi_c.c (optimize)
/comelec/softs/opt/Cadence/releases/SPECTRE211/tools.lnx86/spectre/ahdlcmi/bin/64bit/ahdlcc 0 /usr/bin/gcc  -ffast-math  -fno-unsafe-math-optimizations -O3 -m64 -DSYSV -DSVR4 -D_REENTRANT -fPIC   -DconfigSPECTRE -I. -I/comelec/softs/opt/Cadence/releases/SPECTRE211/tools.lnx86/spectre/ahdlcmi/include -I/comelec/softs/opt/Cadence/releases/SPECTRE211/tools.lnx86/cmi/include -c worklib__cmos_transition__vams__0x10000001_behavioral_cmi_c.c -o obj/optimize/5.0/worklib__cmos_transition__vams__0x10000001_behavioral_cmi_c.o || rm -f -f obj/optimize/5.0/worklib__cmos_transition__vams__0x10000001_behavioral_cmi_c.o
<stdin>: In function 'worklib__cmos_transition__vams__0x10000001_behavioral_pPrintDescription':
<stdin>:573:3: warning: implicit declaration of function 'msgWrite' [-Wimplicit-function-declaration]
<stdin>:575:67: warning: implicit declaration of function 'devGetRFinFreqDomain' [-Wimplicit-function-declaration]
<stdin>: In function 'worklib__cmos_transition__vams__0x10000001_behavioral_pGetInstanceParams':
<stdin>:804:41: warning: implicit declaration of function 'devGetInstKnotStatus'; did you mean 'devGetInstState'? [-Wimplicit-function-declaration]
<stdin>: In function 'worklib__cmos_transition__vams__0x10000001_behavioral_pDC_Load':
<stdin>:1089:41: warning: passing argument 1 of 'aslDevFillZeorDiagonalElemet' makes pointer from integer without a cast [-Wint-conversion]
In file included from <stdin>:24:
/comelec/softs/opt/Cadence/releases/SPECTRE211/tools.lnx86/spectre/ahdlcmi/include/ahdlDevLibGlobal.h:2803:63: note: expected 'void *' but argument is of type 'long int'
 2803 | ASL_FUNC_DECL_START extern void aslDevFillZeorDiagonalElemet( void *, int, unsigned int, struct ahdlFuncModeParam * );
      |                                                               ^~~~~~
<stdin>: In function 'worklib__cmos_transition__vams__0x10000001_behavioral_pCompare':
<stdin>:1727:3: warning: implicit declaration of function 'spReplaceMatrixPointer'; did you mean 'aslDevLaplaceGetMatrixPointer'? [-Wimplicit-function-declaration]
<stdin>:1731:36: warning: assignment to 'long int' from 'long int *' makes integer from pointer without a cast [-Wint-conversion]
<stdin>:1732:23: warning: passing argument 1 of 'memcpy' makes pointer from integer without a cast [-Wint-conversion]
In file included from /comelec/softs/opt/Cadence/releases/SPECTRE211/tools.lnx86/spectre/ahdlcmi/include/ahdlPiCmi.h:5,
                 from /comelec/softs/opt/Cadence/releases/SPECTRE211/tools.lnx86/spectre/ahdlcmi/include/ahdlDevLibGlobal.h:83:
/usr/include/string.h:43:39: note: expected 'void * restrict' but argument is of type 'long int'
   43 | extern void *memcpy (void *__restrict __dest, const void *__restrict __src,
      |                      ~~~~~~~~~~~~~~~~~^~~~~~
<stdin>:1732:57: warning: passing argument 2 of 'memcpy' makes pointer from integer without a cast [-Wint-conversion]
/usr/include/string.h:43:70: note: expected 'const void * restrict' but argument is of type 'long int'
   43 | extern void *memcpy (void *__restrict __dest, const void *__restrict __src,
      |                                               ~~~~~~~~~~~~~~~~~~~~~~~^~~~~
<stdin>:1734:36: warning: assignment to 'long int' from 'void *' makes integer from pointer without a cast [-Wint-conversion]
<stdin>: In function 'worklib__cmos_transition__vams__0x10000001_behavioral_pMapSignals':
<stdin>:1794:26: warning: comparison between pointer and integer
<stdin>: In function 'worklib__cmos_transition__vams__0x10000001_behavioral_pGetMatrixPointers':
<stdin>:1914:33: warning: assignment to 'long int' from 'void *' makes integer from pointer without a cast [-Wint-conversion]
<stdin>: In function 'worklib__cmos_transition__vams__0x10000001_behavioral_pAnalTranLoad':
<stdin>:2805:42: warning: passing argument 1 of 'aslDevFillZeorDiagonalElemet' makes pointer from integer without a cast [-Wint-conversion]
/comelec/softs/opt/Cadence/releases/SPECTRE211/tools.lnx86/spectre/ahdlcmi/include/ahdlDevLibGlobal.h:2803:63: note: expected 'void *' but argument is of type 'long int'
 2803 | ASL_FUNC_DECL_START extern void aslDevFillZeorDiagonalElemet( void *, int, unsigned int, struct ahdlFuncModeParam * );
      |                                                               ^~~~~~
<stdin>: In function 'worklib__cmos_transition__vams__0x10000001_behavioral_pSaveRestart':
<stdin>:3072:13: warning: implicit declaration of function 'mmsThreshSR' [-Wimplicit-function-declaration]
<stdin>:3079:4: warning: implicit declaration of function 'pklAccessDouble' [-Wimplicit-function-declaration]
<stdin>: In function 'ahdlworklib__cmos_transition__vams__0x10000001_behavioralDescInstall':
<stdin>:3363:2: warning: implicit declaration of function 'descSetDeviceType'; did you mean 'descSetDelete'? [-Wimplicit-function-declaration]
<stdin>:3365:2: warning: implicit declaration of function 'descSetSetContrInfoPtr' [-Wimplicit-function-declaration]
<stdin>:3373:2: warning: implicit declaration of function 'descSetCopySignals'; did you mean 'descSetMapSignals'? [-Wimplicit-function-declaration]
<stdin>:3403:2: warning: implicit declaration of function 'descSetPrintDescription' [-Wimplicit-function-declaration]
<stdin>:3408:2: warning: implicit declaration of function 'descSetGetDigitalOffset' [-Wimplicit-function-declaration]
<stdin>:3409:2: warning: implicit declaration of function 'descSetGetNodeNamesForBranch' [-Wimplicit-function-declaration]
<stdin>:3410:2: warning: implicit declaration of function 'descSetGetLinearityFactor' [-Wimplicit-function-declaration]
rm -f -rf worklib__cmos_transition__vams__0x10000001_behavioral_cmi_c.c
/usr/bin/gcc -shared -O3 -m64 -fPIC -o obj/optimize/5.0/libahdlcmi_worklib__cmos_transition__vams__0x10000001_behavioral.so ./obj/optimize/5.0/worklib__cmos_transition__vams__0x10000001_behavioral_func.o ./obj/optimize/5.0/worklib__cmos_transition__vams__0x10000001_behavioral_DcFuncDerLoad.o ./obj/optimize/5.0/worklib__cmos_transition__vams__0x10000001_behavioral_DcFuncLoad.o ./obj/optimize/5.0/worklib__cmos_transition__vams__0x10000001_behavioral_TranFuncDerLoad.o ./obj/optimize/5.0/worklib__cmos_transition__vams__0x10000001_behavioral_TranFuncLoad.o ./obj/optimize/5.0/worklib__cmos_transition__vams__0x10000001_behavioral_OpPointCalc.o ./obj/optimize/5.0/worklib__cmos_transition__vams__0x10000001_behavioral_cmi_c.o  -Wl,-rpath,/usr/lib -Wl,-rpath,/lib -s 
rm -f -f ./obj/optimize/5.0/worklib__cmos_transition__vams__0x10000001_behavioral_func.o ./obj/optimize/5.0/worklib__cmos_transition__vams__0x10000001_behavioral_DcFuncDerLoad.o ./obj/optimize/5.0/worklib__cmos_transition__vams__0x10000001_behavioral_DcFuncLoad.o ./obj/optimize/5.0/worklib__cmos_transition__vams__0x10000001_behavioral_TranFuncDerLoad.o ./obj/optimize/5.0/worklib__cmos_transition__vams__0x10000001_behavioral_TranFuncLoad.o ./obj/optimize/5.0/worklib__cmos_transition__vams__0x10000001_behavioral_OpPointCalc.o ./obj/optimize/5.0/worklib__cmos_transition__vams__0x10000001_behavioral_cmi_c.o 
gnumake[1]: Leaving directory '/cal/exterieurs/prats-25/Desktop/Cadence45nm/INV_fall_transition/xcelium.d/AMSD/ahdlSimDB/amsXrunControl.ahdlSimDB/5d611ff1210ac8147a1817fa891ef14d.worklib__cmos_transition__vams__0x10000001_behavioral.ahdlcmi/Linux-64'
