********************************************************************************
Product   : Virtuoso(R) XStream Out
Program   : @(#)$CDS: strmout version 6.1.7-64b 09/01/2017 11:59 (sjfhw319) $
          : sub-version  IC6.1.7-64b.500.14 
Started at: 13-Nov-2025  18:27:40
User Name : afonlupt-25
Host Name : tp-3a107-06
Directory : /cal/exterieurs/afonlupt-25/afonlupt/projetCD2IC/CDS_wk_dir2
CADENCE Design Systems, Inc.
********************************************************************************
Info: Cellview Rev Num:99,  Tech Rev Num:59

WARNING (XSTRM-20): Output Stream file './TSPCFF.gds' already exists. It will be overwritten.
INFO (XSTRM-217): Reading the layer map file, /comelec/softs/opt/opus_kits/CADENCE_PDKS/gpdk045_v_4_0/gpdk045/gpdk045.layermap
INFO (XSTRM-162): You have not used the viaMap option. If the OpenAccess design has native oaVia instances, use the -viaMap option for preserving oaVia instances in a Stream Out - Stream In round trip. Using the -viaMap option improves performance and VM usage of applications using the Streamed-In design.  For details on the viaMap option, refer to the "Design Data Translator's Reference" guide for XStream.

Summary of Options :
library                                 TSPCFF_LIB
strmFile                                TSPCFF.gds
topCell                                 TSPCFF
view                                    layout
logFile                                 strmOut.log
layerMap                                /comelec/softs/opt/opus_kits/CADENCE_PDKS/gpdk045_v_4_0/gpdk045/gpdk045.layermap
case                                    Preserve
convertDot                              node
pathToPolygon

INFO (XSTRM-223): 1. Translating cellView gpdk045/M1_PO/layout as STRUCTURE M1_PO_CDNS_763054860570.
INFO (XSTRM-223): 2. Translating cellView gpdk045/nmos1v/layout as STRUCTURE nmos1v_CDNS_763054860570.
INFO (XSTRM-223): 3. Translating cellView gpdk045/pmos1v/layout as STRUCTURE pmos1v_CDNS_763054860571.
INFO (XSTRM-223): 4. Translating cellView gpdk045/pmos1v/layout as STRUCTURE pmos1v_CDNS_763054860572.
INFO (XSTRM-223): 5. Translating cellView gpdk045/nmos1v/layout as STRUCTURE nmos1v_CDNS_763054860573.
INFO (XSTRM-223): 6. Translating cellView gpdk045/pmos1v/layout as STRUCTURE pmos1v_CDNS_763054860574.
INFO (XSTRM-223): 7. Translating cellView gsclib045_tech/cellTmpl/layout as STRUCTURE cellTmpl_CDNS_763054860575.
INFO (XSTRM-223): 8. Translating cellView gpdk045/pmos1v/layout as STRUCTURE pmos1v_CDNS_763054860576.
INFO (XSTRM-223): 9. Translating cellView gpdk045/pmos1v/layout as STRUCTURE pmos1v_CDNS_763054860577.
INFO (XSTRM-223): 10. Translating cellView gpdk045/pmos1v/layout as STRUCTURE pmos1v_CDNS_763054860578.
INFO (XSTRM-223): 11. Translating cellView gpdk045/nmos1v/layout as STRUCTURE nmos1v_CDNS_763054860579.
INFO (XSTRM-223): 12. Translating cellView gpdk045/nmos1v/layout as STRUCTURE nmos1v_CDNS_7630548605710.
INFO (XSTRM-223): 13. Translating cellView gpdk045/nmos1v/layout as STRUCTURE nmos1v_CDNS_7630548605711.
INFO (XSTRM-223): 14. Translating cellView gpdk045/nmos1v/layout as STRUCTURE nmos1v_CDNS_7630548605712.
INFO (XSTRM-223): 15. Translating cellView TSPCFF_LIB/TSPCFF/layout as STRUCTURE TSPCFF.
INFO (XSTRM-180): You have not used the objectMap option. The design has instance(s) of at least one of following OpenAccess objects: oaBlockage, oaBoundary, oaRow, and oaMarker. Any information about these objects will not be translated into the generated stream file. Use the objectMap option to translate/preserve these objects using XStream. For details on the objectMap option, refer to the "Design Data Translator's Reference" guide for XStream.

Summary of Objects Translated:
	Scalar Instances:                       14
	Array Instances:                        0
	Polygons:                               8
	Paths:                                  8
	Rectangles:                             210
	Lines:                                  0
	Arcs:                                   0
	Donuts:                                 0
	Dots:                                   0
	Ellipses:                               0
	Boundaries:                             0
	Area Blockages:                         0
	Layer Blockages:                        0
	Area Halos:                             0
	Markers:                                0
	Rows:                                   0
	Standard Vias                           9
	Custom Vias:                            0
	CdsGen Vias:                            0
	Pathsegs:                               7
	Text:                                   5
	TextDisplay:                            0
	Cells:                                  15

Elapsed Time: 0.4s   User Time: 0.1s   CPU Time: 0.0s   Peak VM: 5848KB
INFO (XSTRM-234): Translation completed. '0' error(s) and '1' warning(s) found.
