Virtuoso Framework License (111) was checked out successfully. Total checkout time was 0.13s.
cellTag  INV
WARNING (CONN2SCH-135): Signal 'VDD!' terminates with '!' but is not defined as global in the cellview
'TSPCFF_LIB INV netlist_tmp'. This signal would be marked global by the schematic extractor.
WARNING (CONN2SCH-135): Signal 'VSS!' terminates with '!' but is not defined as global in the cellview
'TSPCFF_LIB INV netlist_tmp'. This signal would be marked global by the schematic extractor.
INFO (CONN2SCH-383): Generated sheet 1 for schematic INV.
cellTag  TSPCFF
WARNING (CONN2SCH-135): Signal 'VDD!' terminates with '!' but is not defined as global in the cellview
'TSPCFF_LIB TSPCFF netlist_tmp'. This signal would be marked global by the schematic extractor.
WARNING (CONN2SCH-135): Signal 'VSS!' terminates with '!' but is not defined as global in the cellview
'TSPCFF_LIB TSPCFF netlist_tmp'. This signal would be marked global by the schematic extractor.
INFO (CONN2SCH-383): Generated sheet 1 for schematic TSPCFF.
Loading gpdk045/libInit.il ...
	Loading gpdk045/loadCxt.ile ... done!
	Loading context 'gpdk045' from library 'gpdk045' ... done!
	Loading context 'pdkUtils' from library 'gpdk045' ... done!
	Loading gpdk045/gpdk045_customFilter.il ... done!
	Loading gpdk045/libInitCustomExit.il ... 
	Loading Environment Settings ...
	Loading gpdk045/gpdk045_PDKRegistrations.il ... done!

  *************************************************************           
  *              Cadence Design Systems, Inc.                 *           
  *                                                           *           
  *                    Generic 45nm PDK                       *           
  *                        (gpdk045)                          *           
  *                                                           *           
  *************************************************************           
	

	VERSION: 4.0 (17-June-2014)

done!
Loaded gpdk045/libInit.il successfully!
WARNING (SPICEIN-99): 'Import Subcircuit List' is not found in the specification, hence setting it to
default empty value and importing all sub-circuits in the netlist.
INFO (SPICEIN-100): SpiceIn successfully parsed the cdl netlist file 'TSPCFF_setup_explore/tmp/TSPCFF.cdl'.
INFO (SPICEIN-54): Spice In successfully imported the netlist file 'TSPCFF_setup_explore/tmp/TSPCFF.cdl'. You may like to read the
log file 'spiceIn.log' for details.
