================================================================================
Rule No. 359 : POLY.A.1: Minimum area for Poly interconnect >= 0.02 um

Real Error Count : 5; Flat Error Count : 5
================================================================================

--------------------------------------------------------------------------------
Cell Name : TSPCFF layout TSPCFF_LIB

                   Cell Errors    Real Errors   Cell Placements     Environments
                             5              5                 1                1
--------------------------------------------------------------------------------
Env.  Env. Placements            X1           Y1          X2           Y2

  1        1                  0.350        0.325       1.310        1.430

Shape               Environments Status & Error Marker 

          1           X1         Y1         X2         Y2

   1      X        0.350      1.015      0.395      1.430
   2      X        0.855      0.325      0.900      0.670
   3      X        0.860      1.015      0.905      1.430
   4      X        1.260      0.325      1.305      0.670
   5      X        1.265      1.015      1.310      1.430

================================================================================
Rule No. 597 : METAL1.A.1: Metal1 area must be >= 0.02 um

Real Error Count : 10; Flat Error Count : 10
================================================================================

--------------------------------------------------------------------------------
Cell Name : TSPCFF layout TSPCFF_LIB

                   Cell Errors    Real Errors   Cell Placements     Environments
                            10             10                 1                1
--------------------------------------------------------------------------------
Env.  Env. Placements            X1           Y1          X2           Y2

  1        1                  0.340        0.385       2.980        1.330

Shape               Environments Status & Error Marker 

          1           X1         Y1         X2         Y2

   1      X        0.340      0.425      0.400      0.570
   2      X        0.445      1.115      0.505      1.330
   3      X        0.920      0.790      0.980      0.850
   4      X        0.950      0.425      1.010      0.570
   5      X        0.955      1.115      1.015      1.330
   6      X        1.150      0.425      1.210      0.570
   7      X        1.155      1.115      1.215      1.330
   8      X        1.565      1.115      1.625      1.330
   9      X        1.970      0.385      2.030      0.645
  10      X        2.920      0.580      2.980      0.640

