\o Program:		@(#)$CDS: libManager version 6.1.7 - CAT35 08/11/2017 18:55 (sjfhw311) $
\o Sub version:		sub-version  s054 
\o Arguments:		-unmapped -mpssession virtuoso931692 -mpshost tp-3a107-06 
\o Working Directory:	tp-3a107-06:/cal/exterieurs/afonlupt-25/afonlupt/projetCD2IC
\o 64-bit offsets
\o Qt version: 		4.8.5
\o changeWorkingDir("/cal/exterieurs/afonlupt-25/afonlupt/projetCD2IC") unnecessary.
\o ddSetForcedLib("") unnecessary.
\o Log file is "/cal/exterieurs/afonlupt-25/afonlupt/projetCD2IC/./libManager.log".
\o Opening libManager window.
\a nrSetWindowVisibility(cdsLibManager "show")
\o MPS service: map window
\a nrSetCurrentWindow(cdsLibManager)
\o Library Manager customization server connected.
\a nrResizeWindow(cdsLibManager list(654 291 602 491))
\a cdsLibManager->libListBox->value = "TSPCFF_LIB"
\a cdsLibManager->libLineEdit->value = "TSPCFF_LIB"
\a cdsLibManager->cellListBox->value = "TSPCFF"
\a cdsLibManager->cellLineEdit->value = "TSPCFF"
\a cdsLibManager->viewListBox->value = "schematic"
\a cdsLibManager->viewLineEdit->value = "schematic"
\a nrResizeWindow(cdsLibManager list(166 237 602 491))
\a cdsLibManager->viewListBox->value = nil
\a cdsLibManager->viewLineEdit->value = ""
\a cdsLibManager->viewListBox->value = "schematic"
\a cdsLibManager->viewLineEdit->value = "schematic"
\o MPS request: edit design
\a nrListItemAction(cdsLibManager->gdmXTView 0 0)
\a cdsLibManager->libListBox->value = nil
\a cdsLibManager->libLineEdit->value = ""
\a cdsLibManager->cellListBox->value = nil
\a cdsLibManager->viewLineEdit->value = ""
\a cdsLibManager->viewListBox->value = nil
\a cdsLibManager->cellLineEdit->value = ""
\a cdsLibManager->libListBox->value = "TSPCFF_LIB"
\a cdsLibManager->libLineEdit->value = "TSPCFF_LIB"
\a cdsLibManager->cellListBox->value = "TSPCFF"
\a cdsLibManager->cellLineEdit->value = "TSPCFF"
\a cdsLibManager->viewListBox->value = "schematic"
\a cdsLibManager->viewLineEdit->value = "schematic"
\a cdsLibManager->viewLineEdit->value = ""
\a cdsLibManager->viewListBox->value = nil
\a cdsLibManager->viewListBox->value = "schematic"
\a cdsLibManager->viewLineEdit->value = "schematic"
\a nrSetCurrentWindow(cdsLibManager)
\a nrSetCurrentWindow(cdsLibManager)
\a cdsLibManager->libListBox->value = nil
\a cdsLibManager->libLineEdit->value = ""
\a cdsLibManager->cellListBox->value = nil
\a cdsLibManager->viewLineEdit->value = ""
\a cdsLibManager->viewListBox->value = nil
\a cdsLibManager->cellLineEdit->value = ""
\a cdsLibManager->libListBox->value = "TSPCFF_LIB"
\a cdsLibManager->libLineEdit->value = "TSPCFF_LIB"
\a cdsLibManager->cellListBox->value = "TSPCFF"
\a cdsLibManager->cellLineEdit->value = "TSPCFF"
\a cdsLibManager->viewListBox->value = "schematic"
\a cdsLibManager->viewLineEdit->value = "schematic"
\a cdsLibManager->viewLineEdit->value = ""
\a cdsLibManager->viewListBox->value = nil
\a cdsLibManager->viewListBox->value = "schematic"
\a cdsLibManager->viewLineEdit->value = "schematic"
\a cdsLibManager->libListBox->value = nil
\a cdsLibManager->libLineEdit->value = ""
\a cdsLibManager->cellListBox->value = nil
\a cdsLibManager->viewLineEdit->value = ""
\a cdsLibManager->viewListBox->value = nil
\a cdsLibManager->cellLineEdit->value = ""
\a cdsLibManager->libListBox->value = "TSPCFF_LIB"
\a cdsLibManager->libLineEdit->value = "TSPCFF_LIB"
\a cdsLibManager->cellListBox->value = "TSPCFF"
\a cdsLibManager->cellLineEdit->value = "TSPCFF"
\a cdsLibManager->viewListBox->value = "schematic"
\a cdsLibManager->viewLineEdit->value = "schematic"
\a cdsLibManager->viewLineEdit->value = ""
\a cdsLibManager->viewListBox->value = nil
\a cdsLibManager->viewListBox->value = "schematic"
\a cdsLibManager->viewLineEdit->value = "schematic"
