Starting Single Run, Sweeps and Corners...

Current time: Thu Nov 20 19:39:29 2025 
Best design point: 1
Design specs: 
	TSPCFF_LIB:TB_TSPCFF:1	corner	C0_0 - 
	Dout50n		1
	TSPCFF_LIB:TB_TSPCFF:1	corner	C0_1 - 
	Dout50n		1
	TSPCFF_LIB:TB_TSPCFF:1	corner	C0_2 - 
	Dout50n		1
	TSPCFF_LIB:TB_TSPCFF:1	corner	C0_3 - 
	Dout50n		1
	TSPCFF_LIB:TB_TSPCFF:1	corner	C0_4 - 
	Dout50n		1
	TSPCFF_LIB:TB_TSPCFF:1	corner	C0_5 - 
	Dout50n		1
	TSPCFF_LIB:TB_TSPCFF:1	corner	C0_6 - 
	Dout50n		1
	TSPCFF_LIB:TB_TSPCFF:1	corner	C0_7 - 
	Dout50n		1
	TSPCFF_LIB:TB_TSPCFF:1	corner	C0_8 - 
	Dout50n		1
	TSPCFF_LIB:TB_TSPCFF:1	corner	C0_9 - 
	Dout50n		1
	TSPCFF_LIB:TB_TSPCFF:1	corner	C0_10 - 
	Dout50n		1
	TSPCFF_LIB:TB_TSPCFF:1	corner	C0_11 - 
	Dout50n		1
	TSPCFF_LIB:TB_TSPCFF:1	corner	C0_12 - 
	Dout50n		1
	TSPCFF_LIB:TB_TSPCFF:1	corner	C0_13 - 
	Dout50n		1
	TSPCFF_LIB:TB_TSPCFF:1	corner	C0_14 - 
	Dout50n		1
	TSPCFF_LIB:TB_TSPCFF:1	corner	C0_15 - 
	Dout50n		1
	TSPCFF_LIB:TB_TSPCFF:1	corner	C0_16 - 
	Dout50n		910.9m
	TSPCFF_LIB:TB_TSPCFF:1	corner	C0_17 - 
	Dout50n		88n
	TSPCFF_LIB:TB_TSPCFF:1	corner	C0_18 - 
	Dout50n		92.92n
	TSPCFF_LIB:TB_TSPCFF:1	corner	C0_19 - 
	Dout50n		96.68n
Design parameters: 
	tsetup		700p

Interactive.14
Number of points completed: 1
Number of simulation errors: 0
Interactive.14 completed. 
Current time: Thu Nov 20 19:39:49 2025 
