\o Program:		@(#)$CDS: cdsLibEditor version 6.1.7 - CAT35 08/11/2017 18:56 (sjfhw311) $
\o Sub version:		sub-version  s054 
\o Arguments:		-display :0.0 -mpssession virtuoso3114658 -mpshost tp-3a107-06 -namespace CDBA -cdslib /comelec/softs/opt/Cadence/releases/IC617/share/cdssetup/cds.lib 
\o Working Directory:	tp-3a107-06:/cal/exterieurs/afonlupt-25/afonlupt/projetCD2IC/TSPCFF_setup_explore
\o 64-bit offsets
\a nrSetWindowVisibility(cdsLibEditor "show")
\o Qt version: 		4.8.5
\o WARNING (CLE-120): The file "/comelec/softs/opt/Cadence/releases/IC617/share/cdssetup/cds.lib" is read only. 
\a nrSetWindowVisibility(errorDialog "show")
\a nrSetCurrentWindow(cdsLibEditor)
\a nrListItemAction(cdsLibEditor->mainTable 0 0)
\o Active cell: 0 0 "cdsDefTechLib"
\a nrSetCurrentWindow(errorDialog)
\a nrResizeWindow(cdsLibEditor list(705 336 500 400))
\a nrResizeWindow(errorDialog list(689 475 533 122))
\a errorDialog->errorOkButton->value = t
\a nrSetCurrentWindow(cdsLibEditor)
\a nrListItemAction(cdsLibEditor->mainTable 8 0)
\o Active cell: 8 0 ""
\a nrListItemAction(cdsLibEditor->mainTable 7 1)
\o Active cell: 7 1 "../../../etc/cdslib/artist/functional"
\a nrListItemAction(cdsLibEditor->mainTable 8 1)
\o Active cell: 8 1 ""
\a cdsLibEditor->fileImportLibDefsButton->value = t
\a cdsLibEditor->viewIncludeFilesButton->value = t
\a nrResizeWindow(cdsLibEditor list(705 336 500 515))
\a cdsLibEditor->editAddLibButton->value = t
\a newLibraryDialog->filePathComboBox->value = "/cal/exterieurs/afonlupt-25/afonlupt/projetCD2IC/TSPCFF_setup_explore"
\a newLibraryDialog->filePathComboBox->value = "/comelec/softs/opt/Cadence/releases/IC617/share/cdssetup"
\a newLibraryDialog->useMappedName->value = nil
\a nrSetWindowVisibility(newLibraryDialog "show")
\a nrSetCurrentWindow(newLibraryDialog)
\a nrResizeWindow(newLibraryDialog list(690 337 531 513))
\a newLibraryDialog->filePathComboBox->value = "/cal/exterieurs/afonlupt-25/afonlupt/projetCD2IC/TSPCFF_setup_explore"
\a newLibraryDialog->dirListWidget->value = ".."
\a newLibraryDialog->filePathComboBox->value = "/cal/exterieurs/afonlupt-25/afonlupt/projetCD2IC/TSPCFF_setup_explore/.."
\a nrListItemAction(newLibraryDialog->dirListWidget 0 0)
\a newLibraryDialog->filePathComboBox->value = "/cal/exterieurs/afonlupt-25/afonlupt/projetCD2IC"
\a newLibraryDialog->dirListWidget->value = nil
\a newLibraryDialog->libraryListBox->value = "TSPCFF_LIB"
\a newLibraryDialog->useMappedName->value = t
\a newLibraryDialog->libraryName->value = "TSPCFF_LIB"
\a newLibraryDialog->applyButton->value = t
\a nrListItemRename(cdsLibEditor->mainTable, 8 1 "/cal/exterieurs/afonlupt-25/afonlupt/projetCD2IC/TSPCFF_LIB")
\a newLibraryDialog->libraryListBox->value = nil
\a newLibraryDialog->useMappedName->value = nil
\a newLibraryDialog->libraryName->value = ""
\a nrListItemAction(cdsLibEditor->mainTable 9 0)
\o Active cell: 9 0 ""
\a newLibraryDialog->okButton->value = t
\o ERROR (CLE-214): Provide a library name. 
\a nrSetWindowVisibility(errorDialog "show")
\a nrSetCurrentWindow(cdsLibEditor)
\a nrSetCurrentWindow(errorDialog)
\a nrResizeWindow(errorDialog list(857 532 195 122))
\a errorDialog->errorOkButton->value = t
\a nrSetCurrentWindow(cdsLibEditor)
\a nrResizeWindow(cdsLibEditor list(209 352 500 515))
\a nrSetCurrentWindow(cdsLibEditor)
\a nrResizeWindow(cdsLibEditor list(-5 22 1920 1029))
\a cdsLibEditor->fileExitButton->value = t
\o QUESTION (CLE-205): You have made changes which have not been saved. \n\nWould you like to save your changes? 
\a nrSetWindowVisibility(needSaveDialog "show")
\a nrSetCurrentWindow(needSaveDialog)
\a nrResizeWindow(needSaveDialog list(770 468 369 136))
\a needSaveDialog->yesButton->value = t
\a saveAsGroupDialog->saveAsLibDefsCheckBox->value = nil
\a saveAsGroupDialog->unionUsageRadioB->value = nil
\a saveAsGroupDialog->saveAsCdsLibText->value = "/comelec/softs/opt/Cadence/releases/IC617/share/cdssetup/cds.lib"
\a nrSetWindowVisibility(saveAsGroupDialog "show")
\a nrSetCurrentWindow(cdsLibEditor)
\a nrSetCurrentWindow(saveAsGroupDialog)
\a nrResizeWindow(saveAsGroupDialog list(692 364 526 345))
\a saveAsGroupDialog->saveAsCdsLibCheckBox->value = nil
\a saveAsGroupDialog->saveAsLibDefsCheckBox->value = t
\a saveAsGroupDialog->okButton->value = t
\a nrSetWindowVisibility(cdsLibEditor "hide")
\a exit(0)
