\# Program start time:     UTC 2025.10.23 12:50:33.610
\# Local time: CEST (UTC+02:00) 2025.10.23 14:50:33.610
\o Program:		@(#)$CDS: viva version 6.1.8-64b 06/29/2021 19:15 (sjfhw316) $
\o Hierarchy:		/comelec/softs/opt/Cadence/releases/IC618/tools.lnx86/dfII/
\o Sub version:		sub-version  IC6.1.8-64b.500.19  (64-bit addresses)
\# Command line:	/comelec/softs/opt/Cadence/releases/IC618/tools.lnx86/dfII/bin/64bit/viva -datadir psf
\# Host name (type):	tp-3a107-06 (x86_64)
\# Operating system:	Linux 6.1.0-40-amd64 #1 SMP PREEMPT_DYNAMIC Debian 6.1.153-1 (2025-09-20)
\# Linux /etc/issue:	Debian GNU/Linux 12 \n \l
\# X display name (WxH):	:2.0 (1920x1080)
\# Available geometry:			TL(0:27) BR(1919:1079)
\# X server:			The X.Org Foundation
\# Depth of Visual (Root):	24 (24)
\# Number of Planes Used:	24
\# X version:		11.0 (vendor release 12101007)
\# X resource pool:	base 0x3400000, mask 0x1fffff (2097151), shift 0
\# 			current id 0x0, current max 0x1ffffa (2097146)
\# Max data seg size:	     unlimited
\# Max process size:	     unlimited
\# Initial sbrk value:	        326 MB
\# Available memory:	     15,937 MB
\# System memory:	     19,583 MB
\# Maximum memory size:	     19,305 MB
\# Max mem available:	     15,986 MB
\# Initial memory used:	         49 MB
\#        process size:	        586 MB
\# Thread usage limits (effective/default):	maxthreads 62496/62496 maxload 20.00/20.00
\# Qt version:		5.9.1
\# Window Manager:	other
\# User Name:		prats-25
\o Working Directory:	tp-3a107-06:/cal/exterieurs/prats-25/Desktop/Cadence45nm/INV_fall_transition
\# Process Id:		2689191
\o 
\o COPYRIGHT (C) 1992-2021  CADENCE DESIGN SYSTEMS INC.  ALL RIGHTS RESERVED.
\o           (C) 1992-2021  UNIX SYSTEMS Laboratories INC.,
\o                          Reproduced with permission.
\o 
\o This Cadence Design Systems program and online documentation are
\o proprietary/confidential information and may be disclosed/used only
\o as authorized in a license agreement controlling such use and disclosure.
\o 
\o           RESTRICTED RIGHTS NOTICE (SHORT FORM)
\o Use/reproduction/disclosure is subject to restriction
\o set forth at FAR 1252.227-19 or its equivalent.
\o Virtuoso Framework License (111) was checked out successfully. Total checkout time was 0.33s.
\o Loading ams.cxt 
\o Loading auCore.cxt 
\p > 
\o Loading dal.cxt 
\o Loading awv.cxt 
\o Loading viva.cxt 
\o Loading oasis.cxt 
\# Memory report: using         154 MB, process size 746 MB at UTC 2025.10.23 12:50:36.404
\a hiSetCurrentWindow(window(2))
\r t
\a rdbShowDialog(_vivaGetSessionName()  "browser" "findResults" "show" list((list "pathlist" _vivaGetSessionRootDirectory())))
\a rdbShowDialog("unbound" "browser" "findResults" "show" '(("pathlist" "/cal/exterieurs/prats-25/Desktop/Cadence45nm/INV_fall_transition") ))
\r t
\r t
\# Available memory:         15,910 MB at UTC 2025.10.23 12:50:43.551
\# Memory report: Maximum memory size now 16,081 MB at UTC 2025.10.23 12:50:43.551
\# Thread usage report: 25 active threads, active load 1.40 at UTC 2025.10.23 12:50:43.552
\a rdbShowDialog("unbound" "browser" "findResults" "hide" )
\r t
\a rdbShowDialog(_vivaGetSessionName()  "browser" "findResults" "show" list((list "pathlist" _vivaGetSessionRootDirectory())))
\a rdbShowDialog("unbound" "browser" "findResults" "show" '(("pathlist" "/cal/exterieurs/prats-25/Desktop/Cadence45nm/INV_fall_transition") ))
\r t
\r t
\a rdbSetCurrentDirectory("unbound" "./psf")
\r t
\a rdbShowDialog("unbound" "browser" "findResults" "hide" )
\r t
\a vvDisplayBrowser()
\r dwindow:2
\a rdbSetCurrentDirectory("unbound" "./psf/tran-tran")
\r t
\a rdbSetCurrentDirectory("unbound" "./psf/tran-tran/testbench")
\r t
\# Memory report: using         335 MB, process size 2,332 MB at UTC 2025.10.23 12:51:24.597
\a _ddtExecuteAction(awvGetCurrentWindow()->vivaSession "aMarker")
\r t
\a _ddtExecuteAction(awvGetCurrentWindow()->vivaSession "bMarker")
\r t
\a _ddtExecuteAction(awvGetCurrentWindow()->vivaSession "aMarker")
\r t
\a _ddtExecuteAction(awvGetCurrentWindow()->vivaSession "aMarker")
\r t
\a _ddtExecuteAction(awvGetCurrentWindow()->vivaSession "bMarker")
\r t
\a _ddtExecuteAction(awvGetCurrentWindow()->vivaSession "bMarker")
\r t
\a _ddtExecuteAction(awvGetCurrentWindow()->vivaSession "bMarker")
\r t
\a _ddtExecuteAction(awvGetCurrentWindow()->vivaSession "bMarker")
\r t
\a _ddtExecuteAction(awvGetCurrentWindow()->vivaSession "aMarker")
\r t
\a _ddtExecuteAction(awvGetCurrentWindow()->vivaSession "bMarker")
\r t
\a _ddtExecuteAction(awvGetCurrentWindow()->vivaSession "bMarker")
\r t
\a _ddtExecuteAction(awvGetCurrentWindow()->vivaSession "bMarker")
\r t
\a _ddtExecuteAction(awvGetCurrentWindow()->vivaSession "aMarker")
\r t
\a _ddtExecuteAction(awvGetCurrentWindow()->vivaSession "aMarker")
\r t
\a _ddtExecuteAction(awvGetCurrentWindow()->vivaSession "bMarker")
\r t
\a _ddtExecuteAction(awvGetCurrentWindow()->vivaSession "deleteObjects")
\r t
\a _ddtExecuteAction(awvGetCurrentWindow()->vivaSession "deleteObjects")
\r t
\a _ddtExecuteAction(awvGetCurrentWindow()->vivaSession "selectAllTracesInStrip")
\r t
\a _ddtExecuteAction(awvGetCurrentWindow()->vivaSession "deleteObjects")
\r t
\a _ddtExecuteAction(awvGetCurrentWindow()->vivaSession "splitAllStrips")
\r t
\a _ddtExecuteAction(awvGetCurrentWindow()->vivaSession "splitAllStrips")
\r t
\a _ddtExecuteAction(awvGetCurrentWindow()->vivaSession "deleteObjects")
\r t
\o Segmentation fault
\a _ddtExecuteAction(awvGetCurrentWindow()->vivaSession "deleteObjects")
\r t
\a hiCloseWindow(swindow(1))
\r t
\# Memory report: Maximum memory size now 15,762 MB at UTC 2025.10.23 14:12:58.553
\o Fatal error: glibc detected an invalid stdio handle
\o Aborted
