ahdlcmicompile: Compiling ahdlcmi in xcelium.d/AMSD/ahdlSimDB/amsXrunControl.ahdlSimDB//dd1dae7269034baa66ae420ee304a414.connectLib__E2L_2_dynsup__module__0x10000001_behavioral_c0_0_c1_1.ahdlcmi/Linux-64/ for Linux-64 with optimize using gcc on Thu Oct 23 15:46:03 CEST 2025 [5.0]
ahdlcmicompile: Generating makefile
PATH:  /comelec/softs/opt/Cadence/releases/SPECTRE211/bin:/comelec/softs/opt/Cadence/releases/SPECTRE211/tools.lnx86/bin/64bit:/comelec/softs/opt/Cadence/releases/SPECTRE211/tools.lnx86/bin:/comelec/softs/opt/Cadence/releases/XCELIUM2109/bin:/comelec/softs/opt/Cadence/releases/XCELIUM2109/tools/bin/64bit:/comelec/softs/opt/Cadence/releases/XCELIUM2109/tools/bin:/comelec/softs/opt/Cadence/releases/XCELIUM2109/tools/vtools/vfault/bin:/comelec/softs/opt/Cadence/releases/ULTRASIM181/bin:/usr/local/bin:/usr/bin:/bin:/usr/local/games:/usr/games:/usr/local/sbin:/usr/sbin:/sbin:/usr/local/nfs_bin
LD_LIBRARY_PATH:  /comelec/softs/opt/Cadence/releases/SPECTRE211/tools.lnx86/giganta/lib/64bit:/comelec/softs/opt/Cadence/releases/SPECTRE211/tools.lnx86/mdl/lib/64bit:/comelec/softs/opt/Cadence/releases/SPECTRE211/tools.lnx86/mmsim/lib/64bit:/comelec/softs/opt/Cadence/releases/SPECTRE211/tools.lnx86/tcltk-8.4.20/lib/64bit:/comelec/softs/opt/Cadence/releases/SPECTRE211/tools.lnx86/python/64bit/lib:/comelec/softs/opt/Cadence/releases/SPECTRE211/tools.lnx86/inca/lib/64bit:/comelec/softs/opt/Cadence/releases/SPECTRE211/tools.lnx86/awrmwo/lib/64bit:/comelec/softs/opt/Cadence/releases/SPECTRE211/tools.lnx86/spectre/lib/64bit:/comelec/softs/opt/Cadence/releases/SPECTRE211/tools.lnx86/dfII/lib/64bit:/comelec/softs/opt/Cadence/releases/SPECTRE211/tools.lnx86/fmc/lib/64bit:/comelec/softs/opt/Cadence/releases/SPECTRE211/tools.lnx86/lib/64bit:/comelec/softs/opt/Cadence/releases/SPECTRE211/tools.lnx86/lib/64bit:/comelec/softs/opt/Cadence/releases/SPECTRE211/tools.lnx86/lib:/comelec/softs/opt/Cadence/releases/XCELIUM2109/tools/lib/64bit/Debian:/comelec/softs/opt/Cadence/releases/XCELIUM2109/tools/lib/64bit:/usr/lib/x86_64-linux-gnu:/usr/lib:/comelec/softs/opt/Cadence/releases/XCELIUM2109/tools/lib/64bit:/comelec/softs/opt/Cadence/releases/XCELIUM2109/tools/lib/64bit/Ubuntu:/tools/lib/64/comelec/softs/opt/Cadence/releases/XCELIUM2109/tools/sev/lib/64bit:/comelec/softs/opt/Cadence/releases/XCELIUM2109/tools/cdsbinutils/lib/64bit:/comelec/softs/opt/Cadence/releases/XCELIUM2109/tools/systemc/lib/64bit:/comelec/softs/opt/Cadence/releases/XCELIUM2109/tools/tbsc/lib/64bit
/comelec/softs/opt/Cadence/releases/SPECTRE211/tools.lnx86/spectre/ahdlcmi/bin/gnumake -j1 -f GNUmakefile
gnumake[1]: Entering directory '/cal/exterieurs/prats-25/Desktop/Cadence45nm/INV_cell_fall/xcelium.d/AMSD/ahdlSimDB/amsXrunControl.ahdlSimDB/dd1dae7269034baa66ae420ee304a414.connectLib__E2L_2_dynsup__module__0x10000001_behavioral_c0_0_c1_1.ahdlcmi/Linux-64'
Cleaning ./obj/optimize/5.0
rm -f -rf ./obj/optimize/5.0
gnumake[1]: Leaving directory '/cal/exterieurs/prats-25/Desktop/Cadence45nm/INV_cell_fall/xcelium.d/AMSD/ahdlSimDB/amsXrunControl.ahdlSimDB/dd1dae7269034baa66ae420ee304a414.connectLib__E2L_2_dynsup__module__0x10000001_behavioral_c0_0_c1_1.ahdlcmi/Linux-64'
gnumake[1]: Entering directory '/cal/exterieurs/prats-25/Desktop/Cadence45nm/INV_cell_fall/xcelium.d/AMSD/ahdlSimDB/amsXrunControl.ahdlSimDB/dd1dae7269034baa66ae420ee304a414.connectLib__E2L_2_dynsup__module__0x10000001_behavioral_c0_0_c1_1.ahdlcmi/Linux-64'
Compiling C file connectLib__E2L_2_dynsup__module__0x10000001_behavioral_c0_0_c1_1_func.c (optimize)
/comelec/softs/opt/Cadence/releases/SPECTRE211/tools.lnx86/spectre/ahdlcmi/bin/64bit/ahdlcc 0 /usr/bin/gcc  -ffast-math  -fno-unsafe-math-optimizations -O3 -m64 -DSYSV -DSVR4 -D_REENTRANT -fPIC   -DconfigSPECTRE -I. -I/comelec/softs/opt/Cadence/releases/SPECTRE211/tools.lnx86/spectre/ahdlcmi/include -c connectLib__E2L_2_dynsup__module__0x10000001_behavioral_c0_0_c1_1_func.c -o obj/optimize/5.0/connectLib__E2L_2_dynsup__module__0x10000001_behavioral_c0_0_c1_1_func.o || rm -f -f obj/optimize/5.0/connectLib__E2L_2_dynsup__module__0x10000001_behavioral_c0_0_c1_1_func.o
<stdin>: In function 'connectLib__E2L_2_dynsup__module__0x10000001_behavioral_c0_0_c1_1_AcLoad':
<stdin>:239:410: warning: passing argument 1 of 'aslDevDoDACGetIntFromABInt' from incompatible pointer type [-Wincompatible-pointer-types]
In file included from <stdin>:24:
/comelec/softs/opt/Cadence/releases/SPECTRE211/tools.lnx86/spectre/ahdlcmi/include/ahdlDevLibGlobal.h:2229:67: note: expected 'char *' but argument is of type 'long int *'
 2229 | ASL_FUNC_DECL_START extern long long aslDevDoDACGetIntFromABInt ( char *, long, struct ahdlFuncModeParam *, int * );
      |                                                                   ^~~~~~
<stdin>: In function 'connectLib__E2L_2_dynsup__module__0x10000001_behavioral_c0_0_c1_1_ParamInit':
<stdin>:495:24: warning: passing argument 2 of 'aslDevAssignStringC' from incompatible pointer type [-Wincompatible-pointer-types]
/comelec/softs/opt/Cadence/releases/SPECTRE211/tools.lnx86/spectre/ahdlcmi/include/ahdlDevLibGlobal.h:2490:58: note: expected 'char *' but argument is of type 'long int *'
 2490 | ASL_FUNC_DECL_START extern int aslDevAssignStringC( int, char *, char *, struct ahdlFuncModeParam * );
      |                                                          ^~~~~~
<stdin>:506:24: warning: passing argument 2 of 'aslDevAssignStringC' from incompatible pointer type [-Wincompatible-pointer-types]
/comelec/softs/opt/Cadence/releases/SPECTRE211/tools.lnx86/spectre/ahdlcmi/include/ahdlDevLibGlobal.h:2490:58: note: expected 'char *' but argument is of type 'long int *'
 2490 | ASL_FUNC_DECL_START extern int aslDevAssignStringC( int, char *, char *, struct ahdlFuncModeParam * );
      |                                                          ^~~~~~
<stdin>: In function 'connectLib__E2L_2_dynsup__module__0x10000001_behavioral_c0_0_c1_1_InitAll':
<stdin>:785:2: warning: floating constant exceeds range of 'double' [-Woverflow]
<stdin>:786:2: warning: floating constant exceeds range of 'double' [-Woverflow]
<stdin>:792:2: warning: floating constant exceeds range of 'double' [-Woverflow]
<stdin>:793:2: warning: floating constant exceeds range of 'double' [-Woverflow]
<stdin>:801:2: warning: floating constant exceeds range of 'double' [-Woverflow]
<stdin>:802:2: warning: floating constant exceeds range of 'double' [-Woverflow]
<stdin>:810:2: warning: floating constant exceeds range of 'double' [-Woverflow]
<stdin>:811:2: warning: floating constant exceeds range of 'double' [-Woverflow]
<stdin>:819:2: warning: floating constant exceeds range of 'double' [-Woverflow]
<stdin>:820:2: warning: floating constant exceeds range of 'double' [-Woverflow]
<stdin>:828:2: warning: floating constant exceeds range of 'double' [-Woverflow]
<stdin>:829:2: warning: floating constant exceeds range of 'double' [-Woverflow]
<stdin>:837:2: warning: floating constant exceeds range of 'double' [-Woverflow]
<stdin>:838:2: warning: floating constant exceeds range of 'double' [-Woverflow]
rm -f -rf connectLib__E2L_2_dynsup__module__0x10000001_behavioral_c0_0_c1_1_func.c
Compiling C file connectLib__E2L_2_dynsup__module__0x10000001_behavioral_c0_0_c1_1_DcFuncDerLoad.c (optimize)
/comelec/softs/opt/Cadence/releases/SPECTRE211/tools.lnx86/spectre/ahdlcmi/bin/64bit/ahdlcc 0 /usr/bin/gcc  -ffast-math  -fno-unsafe-math-optimizations -O3 -m64 -DSYSV -DSVR4 -D_REENTRANT -fPIC   -DconfigSPECTRE -I. -I/comelec/softs/opt/Cadence/releases/SPECTRE211/tools.lnx86/spectre/ahdlcmi/include -c connectLib__E2L_2_dynsup__module__0x10000001_behavioral_c0_0_c1_1_DcFuncDerLoad.c -o obj/optimize/5.0/connectLib__E2L_2_dynsup__module__0x10000001_behavioral_c0_0_c1_1_DcFuncDerLoad.o || rm -f -f obj/optimize/5.0/connectLib__E2L_2_dynsup__module__0x10000001_behavioral_c0_0_c1_1_DcFuncDerLoad.o
<stdin>: In function 'connectLib__E2L_2_dynsup__module__0x10000001_behavioral_c0_0_c1_1_DcFuncDerLoad':
<stdin>:243:410: warning: passing argument 1 of 'aslDevDoDACGetIntFromABInt' from incompatible pointer type [-Wincompatible-pointer-types]
In file included from <stdin>:24:
/comelec/softs/opt/Cadence/releases/SPECTRE211/tools.lnx86/spectre/ahdlcmi/include/ahdlDevLibGlobal.h:2229:67: note: expected 'char *' but argument is of type 'long int *'
 2229 | ASL_FUNC_DECL_START extern long long aslDevDoDACGetIntFromABInt ( char *, long, struct ahdlFuncModeParam *, int * );
      |                                                                   ^~~~~~
rm -f -rf connectLib__E2L_2_dynsup__module__0x10000001_behavioral_c0_0_c1_1_DcFuncDerLoad.c
Compiling C file connectLib__E2L_2_dynsup__module__0x10000001_behavioral_c0_0_c1_1_DcFuncLoad.c (optimize)
/comelec/softs/opt/Cadence/releases/SPECTRE211/tools.lnx86/spectre/ahdlcmi/bin/64bit/ahdlcc 0 /usr/bin/gcc  -ffast-math  -fno-unsafe-math-optimizations -O3 -m64 -DSYSV -DSVR4 -D_REENTRANT -fPIC   -DconfigSPECTRE -I. -I/comelec/softs/opt/Cadence/releases/SPECTRE211/tools.lnx86/spectre/ahdlcmi/include -c connectLib__E2L_2_dynsup__module__0x10000001_behavioral_c0_0_c1_1_DcFuncLoad.c -o obj/optimize/5.0/connectLib__E2L_2_dynsup__module__0x10000001_behavioral_c0_0_c1_1_DcFuncLoad.o || rm -f -f obj/optimize/5.0/connectLib__E2L_2_dynsup__module__0x10000001_behavioral_c0_0_c1_1_DcFuncLoad.o
<stdin>: In function 'connectLib__E2L_2_dynsup__module__0x10000001_behavioral_c0_0_c1_1_DcFuncLoad':
<stdin>:243:410: warning: passing argument 1 of 'aslDevDoDACGetIntFromABInt' from incompatible pointer type [-Wincompatible-pointer-types]
In file included from <stdin>:24:
/comelec/softs/opt/Cadence/releases/SPECTRE211/tools.lnx86/spectre/ahdlcmi/include/ahdlDevLibGlobal.h:2229:67: note: expected 'char *' but argument is of type 'long int *'
 2229 | ASL_FUNC_DECL_START extern long long aslDevDoDACGetIntFromABInt ( char *, long, struct ahdlFuncModeParam *, int * );
      |                                                                   ^~~~~~
rm -f -rf connectLib__E2L_2_dynsup__module__0x10000001_behavioral_c0_0_c1_1_DcFuncLoad.c
Compiling C file connectLib__E2L_2_dynsup__module__0x10000001_behavioral_c0_0_c1_1_TranFuncDerLoad.c (optimize)
/comelec/softs/opt/Cadence/releases/SPECTRE211/tools.lnx86/spectre/ahdlcmi/bin/64bit/ahdlcc 0 /usr/bin/gcc  -ffast-math  -fno-unsafe-math-optimizations -O3 -m64 -DSYSV -DSVR4 -D_REENTRANT -fPIC   -DconfigSPECTRE -I. -I/comelec/softs/opt/Cadence/releases/SPECTRE211/tools.lnx86/spectre/ahdlcmi/include -c connectLib__E2L_2_dynsup__module__0x10000001_behavioral_c0_0_c1_1_TranFuncDerLoad.c -o obj/optimize/5.0/connectLib__E2L_2_dynsup__module__0x10000001_behavioral_c0_0_c1_1_TranFuncDerLoad.o || rm -f -f obj/optimize/5.0/connectLib__E2L_2_dynsup__module__0x10000001_behavioral_c0_0_c1_1_TranFuncDerLoad.o
<stdin>: In function 'connectLib__E2L_2_dynsup__module__0x10000001_behavioral_c0_0_c1_1_TranFuncDerLoad':
<stdin>:243:410: warning: passing argument 1 of 'aslDevDoDACGetIntFromABInt' from incompatible pointer type [-Wincompatible-pointer-types]
In file included from <stdin>:24:
/comelec/softs/opt/Cadence/releases/SPECTRE211/tools.lnx86/spectre/ahdlcmi/include/ahdlDevLibGlobal.h:2229:67: note: expected 'char *' but argument is of type 'long int *'
 2229 | ASL_FUNC_DECL_START extern long long aslDevDoDACGetIntFromABInt ( char *, long, struct ahdlFuncModeParam *, int * );
      |                                                                   ^~~~~~
rm -f -rf connectLib__E2L_2_dynsup__module__0x10000001_behavioral_c0_0_c1_1_TranFuncDerLoad.c
Compiling C file connectLib__E2L_2_dynsup__module__0x10000001_behavioral_c0_0_c1_1_TranFuncLoad.c (optimize)
/comelec/softs/opt/Cadence/releases/SPECTRE211/tools.lnx86/spectre/ahdlcmi/bin/64bit/ahdlcc 0 /usr/bin/gcc  -ffast-math  -fno-unsafe-math-optimizations -O3 -m64 -DSYSV -DSVR4 -D_REENTRANT -fPIC   -DconfigSPECTRE -I. -I/comelec/softs/opt/Cadence/releases/SPECTRE211/tools.lnx86/spectre/ahdlcmi/include -c connectLib__E2L_2_dynsup__module__0x10000001_behavioral_c0_0_c1_1_TranFuncLoad.c -o obj/optimize/5.0/connectLib__E2L_2_dynsup__module__0x10000001_behavioral_c0_0_c1_1_TranFuncLoad.o || rm -f -f obj/optimize/5.0/connectLib__E2L_2_dynsup__module__0x10000001_behavioral_c0_0_c1_1_TranFuncLoad.o
<stdin>: In function 'connectLib__E2L_2_dynsup__module__0x10000001_behavioral_c0_0_c1_1_TranFuncLoad':
<stdin>:243:410: warning: passing argument 1 of 'aslDevDoDACGetIntFromABInt' from incompatible pointer type [-Wincompatible-pointer-types]
In file included from <stdin>:24:
/comelec/softs/opt/Cadence/releases/SPECTRE211/tools.lnx86/spectre/ahdlcmi/include/ahdlDevLibGlobal.h:2229:67: note: expected 'char *' but argument is of type 'long int *'
 2229 | ASL_FUNC_DECL_START extern long long aslDevDoDACGetIntFromABInt ( char *, long, struct ahdlFuncModeParam *, int * );
      |                                                                   ^~~~~~
rm -f -rf connectLib__E2L_2_dynsup__module__0x10000001_behavioral_c0_0_c1_1_TranFuncLoad.c
Compiling C file connectLib__E2L_2_dynsup__module__0x10000001_behavioral_c0_0_c1_1_OpPointCalc.c (optimize)
/comelec/softs/opt/Cadence/releases/SPECTRE211/tools.lnx86/spectre/ahdlcmi/bin/64bit/ahdlcc 0 /usr/bin/gcc  -ffast-math  -fno-unsafe-math-optimizations -O3 -m64 -DSYSV -DSVR4 -D_REENTRANT -fPIC   -DconfigSPECTRE -I. -I/comelec/softs/opt/Cadence/releases/SPECTRE211/tools.lnx86/spectre/ahdlcmi/include -c connectLib__E2L_2_dynsup__module__0x10000001_behavioral_c0_0_c1_1_OpPointCalc.c -o obj/optimize/5.0/connectLib__E2L_2_dynsup__module__0x10000001_behavioral_c0_0_c1_1_OpPointCalc.o || rm -f -f obj/optimize/5.0/connectLib__E2L_2_dynsup__module__0x10000001_behavioral_c0_0_c1_1_OpPointCalc.o
<stdin>: In function 'connectLib__E2L_2_dynsup__module__0x10000001_behavioral_c0_0_c1_1_OpPointCalc':
<stdin>:225:410: warning: passing argument 1 of 'aslDevDoDACGetIntFromABInt' from incompatible pointer type [-Wincompatible-pointer-types]
In file included from <stdin>:24:
/comelec/softs/opt/Cadence/releases/SPECTRE211/tools.lnx86/spectre/ahdlcmi/include/ahdlDevLibGlobal.h:2229:67: note: expected 'char *' but argument is of type 'long int *'
 2229 | ASL_FUNC_DECL_START extern long long aslDevDoDACGetIntFromABInt ( char *, long, struct ahdlFuncModeParam *, int * );
      |                                                                   ^~~~~~
rm -f -rf connectLib__E2L_2_dynsup__module__0x10000001_behavioral_c0_0_c1_1_OpPointCalc.c
Compiling C file connectLib__E2L_2_dynsup__module__0x10000001_behavioral_c0_0_c1_1_cmi_c.c (optimize)
/comelec/softs/opt/Cadence/releases/SPECTRE211/tools.lnx86/spectre/ahdlcmi/bin/64bit/ahdlcc 0 /usr/bin/gcc  -ffast-math  -fno-unsafe-math-optimizations -O3 -m64 -DSYSV -DSVR4 -D_REENTRANT -fPIC   -DconfigSPECTRE -I. -I/comelec/softs/opt/Cadence/releases/SPECTRE211/tools.lnx86/spectre/ahdlcmi/include -I/comelec/softs/opt/Cadence/releases/SPECTRE211/tools.lnx86/cmi/include -c connectLib__E2L_2_dynsup__module__0x10000001_behavioral_c0_0_c1_1_cmi_c.c -o obj/optimize/5.0/connectLib__E2L_2_dynsup__module__0x10000001_behavioral_c0_0_c1_1_cmi_c.o || rm -f -f obj/optimize/5.0/connectLib__E2L_2_dynsup__module__0x10000001_behavioral_c0_0_c1_1_cmi_c.o
<stdin>: In function 'connectLib__E2L_2_dynsup__module__0x10000001_behavioral_c0_0_c1_1_pPrintDescription':
<stdin>:1255:3: warning: implicit declaration of function 'msgWrite' [-Wimplicit-function-declaration]
<stdin>:1257:67: warning: implicit declaration of function 'devGetRFinFreqDomain' [-Wimplicit-function-declaration]
<stdin>: In function 'connectLib__E2L_2_dynsup__module__0x10000001_behavioral_c0_0_c1_1_pGetInstanceParams':
<stdin>:1481:41: warning: implicit declaration of function 'devGetInstKnotStatus'; did you mean 'devGetInstState'? [-Wimplicit-function-declaration]
<stdin>: In function 'connectLib__E2L_2_dynsup__module__0x10000001_behavioral_c0_0_c1_1_pDC_Load':
<stdin>:1766:41: warning: passing argument 1 of 'aslDevFillZeorDiagonalElemet' makes pointer from integer without a cast [-Wint-conversion]
In file included from <stdin>:24:
/comelec/softs/opt/Cadence/releases/SPECTRE211/tools.lnx86/spectre/ahdlcmi/include/ahdlDevLibGlobal.h:2803:63: note: expected 'void *' but argument is of type 'long int'
 2803 | ASL_FUNC_DECL_START extern void aslDevFillZeorDiagonalElemet( void *, int, unsigned int, struct ahdlFuncModeParam * );
      |                                                               ^~~~~~
<stdin>: In function 'connectLib__E2L_2_dynsup__module__0x10000001_behavioral_c0_0_c1_1_pCompare':
<stdin>:2407:36: warning: assignment to 'long int' from 'long int *' makes integer from pointer without a cast [-Wint-conversion]
<stdin>:2408:23: warning: passing argument 1 of 'memcpy' makes pointer from integer without a cast [-Wint-conversion]
In file included from /comelec/softs/opt/Cadence/releases/SPECTRE211/tools.lnx86/spectre/ahdlcmi/include/ahdlPiCmi.h:5,
                 from /comelec/softs/opt/Cadence/releases/SPECTRE211/tools.lnx86/spectre/ahdlcmi/include/ahdlDevLibGlobal.h:83:
/usr/include/string.h:43:39: note: expected 'void * restrict' but argument is of type 'long int'
   43 | extern void *memcpy (void *__restrict __dest, const void *__restrict __src,
      |                      ~~~~~~~~~~~~~~~~~^~~~~~
<stdin>:2408:57: warning: passing argument 2 of 'memcpy' makes pointer from integer without a cast [-Wint-conversion]
/usr/include/string.h:43:70: note: expected 'const void * restrict' but argument is of type 'long int'
   43 | extern void *memcpy (void *__restrict __dest, const void *__restrict __src,
      |                                               ~~~~~~~~~~~~~~~~~~~~~~~^~~~~
<stdin>:2410:36: warning: assignment to 'long int' from 'void *' makes integer from pointer without a cast [-Wint-conversion]
<stdin>: In function 'connectLib__E2L_2_dynsup__module__0x10000001_behavioral_c0_0_c1_1_pGetMatrixPointers':
<stdin>:2566:33: warning: assignment to 'long int' from 'void *' makes integer from pointer without a cast [-Wint-conversion]
<stdin>: In function 'connectLib__E2L_2_dynsup__module__0x10000001_behavioral_c0_0_c1_1_pAnalTranLoad':
<stdin>:3459:42: warning: passing argument 1 of 'aslDevFillZeorDiagonalElemet' makes pointer from integer without a cast [-Wint-conversion]
/comelec/softs/opt/Cadence/releases/SPECTRE211/tools.lnx86/spectre/ahdlcmi/include/ahdlDevLibGlobal.h:2803:63: note: expected 'void *' but argument is of type 'long int'
 2803 | ASL_FUNC_DECL_START extern void aslDevFillZeorDiagonalElemet( void *, int, unsigned int, struct ahdlFuncModeParam * );
      |                                                               ^~~~~~
<stdin>: In function 'connectLib__E2L_2_dynsup__module__0x10000001_behavioral_c0_0_c1_1_pSaveRestart':
<stdin>:3726:13: warning: implicit declaration of function 'mmsThreshSR' [-Wimplicit-function-declaration]
<stdin>:3733:4: warning: implicit declaration of function 'pklAccessDouble' [-Wimplicit-function-declaration]
<stdin>:3734:29: warning: passing argument 2 of 'aslDevAvarSR' from incompatible pointer type [-Wincompatible-pointer-types]
/comelec/softs/opt/Cadence/releases/SPECTRE211/tools.lnx86/spectre/ahdlcmi/include/ahdlDevLibGlobal.h:1265:58: note: expected 'struct ahdlAnalogVar *' but argument is of type 'char *'
 1265 | ASL_FUNC_DECL_START extern PklError_e aslDevAvarSR( int, struct ahdlAnalogVar *, char *, char *, char *, PklJar_t * );
      |                                                          ^~~~~~~~~~~~~~~~~~~~~~
<stdin>: In function 'connectLib__E2L_2_dynsup__module__0x10000001_behavioral_c0_0_c1_1_pSaveRestartInst':
<stdin>:3813:27: warning: passing argument 2 of 'aslDevAvarSR' from incompatible pointer type [-Wincompatible-pointer-types]
/comelec/softs/opt/Cadence/releases/SPECTRE211/tools.lnx86/spectre/ahdlcmi/include/ahdlDevLibGlobal.h:1265:58: note: expected 'struct ahdlAnalogVar *' but argument is of type 'char *'
 1265 | ASL_FUNC_DECL_START extern PklError_e aslDevAvarSR( int, struct ahdlAnalogVar *, char *, char *, char *, PklJar_t * );
      |                                                          ^~~~~~~~~~~~~~~~~~~~~~
<stdin>: In function 'ahdlconnectLib__E2L_2_dynsup__module__0x10000001_behavioral_c0_0_c1_1DescInstall':
<stdin>:4020:2: warning: implicit declaration of function 'descSetNominalName'; did you mean 'descSetTerminalNames'? [-Wimplicit-function-declaration]
<stdin>:4053:2: warning: implicit declaration of function 'descSetDeviceType'; did you mean 'descSetDelete'? [-Wimplicit-function-declaration]
<stdin>:4055:2: warning: implicit declaration of function 'descSetSetContrInfoPtr' [-Wimplicit-function-declaration]
<stdin>:4063:2: warning: implicit declaration of function 'descSetCopySignals'; did you mean 'descSetMapSignals'? [-Wimplicit-function-declaration]
<stdin>:4093:2: warning: implicit declaration of function 'descSetPrintDescription' [-Wimplicit-function-declaration]
<stdin>:4098:2: warning: implicit declaration of function 'descSetGetDigitalOffset' [-Wimplicit-function-declaration]
<stdin>:4099:2: warning: implicit declaration of function 'descSetGetNodeNamesForBranch' [-Wimplicit-function-declaration]
rm -f -rf connectLib__E2L_2_dynsup__module__0x10000001_behavioral_c0_0_c1_1_cmi_c.c
/usr/bin/gcc -shared -O3 -m64 -fPIC -o obj/optimize/5.0/libahdlcmi_connectLib__E2L_2_dynsup__module__0x10000001_behavioral_c0_0_c1_1.so ./obj/optimize/5.0/connectLib__E2L_2_dynsup__module__0x10000001_behavioral_c0_0_c1_1_func.o ./obj/optimize/5.0/connectLib__E2L_2_dynsup__module__0x10000001_behavioral_c0_0_c1_1_DcFuncDerLoad.o ./obj/optimize/5.0/connectLib__E2L_2_dynsup__module__0x10000001_behavioral_c0_0_c1_1_DcFuncLoad.o ./obj/optimize/5.0/connectLib__E2L_2_dynsup__module__0x10000001_behavioral_c0_0_c1_1_TranFuncDerLoad.o ./obj/optimize/5.0/connectLib__E2L_2_dynsup__module__0x10000001_behavioral_c0_0_c1_1_TranFuncLoad.o ./obj/optimize/5.0/connectLib__E2L_2_dynsup__module__0x10000001_behavioral_c0_0_c1_1_OpPointCalc.o ./obj/optimize/5.0/connectLib__E2L_2_dynsup__module__0x10000001_behavioral_c0_0_c1_1_cmi_c.o  -Wl,-rpath,/usr/lib -Wl,-rpath,/lib -s 
rm -f -f ./obj/optimize/5.0/connectLib__E2L_2_dynsup__module__0x10000001_behavioral_c0_0_c1_1_func.o ./obj/optimize/5.0/connectLib__E2L_2_dynsup__module__0x10000001_behavioral_c0_0_c1_1_DcFuncDerLoad.o ./obj/optimize/5.0/connectLib__E2L_2_dynsup__module__0x10000001_behavioral_c0_0_c1_1_DcFuncLoad.o ./obj/optimize/5.0/connectLib__E2L_2_dynsup__module__0x10000001_behavioral_c0_0_c1_1_TranFuncDerLoad.o ./obj/optimize/5.0/connectLib__E2L_2_dynsup__module__0x10000001_behavioral_c0_0_c1_1_TranFuncLoad.o ./obj/optimize/5.0/connectLib__E2L_2_dynsup__module__0x10000001_behavioral_c0_0_c1_1_OpPointCalc.o ./obj/optimize/5.0/connectLib__E2L_2_dynsup__module__0x10000001_behavioral_c0_0_c1_1_cmi_c.o 
gnumake[1]: Leaving directory '/cal/exterieurs/prats-25/Desktop/Cadence45nm/INV_cell_fall/xcelium.d/AMSD/ahdlSimDB/amsXrunControl.ahdlSimDB/dd1dae7269034baa66ae420ee304a414.connectLib__E2L_2_dynsup__module__0x10000001_behavioral_c0_0_c1_1.ahdlcmi/Linux-64'
