\# Program start time:     UTC 2025.11.20 17:08:55.413
\# Local time: CET (UTC+01:00) 2025.11.20 18:08:55.413
\o Program:		@(#)$CDS: virtuoso version 6.1.7-64b 09/01/2017 12:09 (sjfhw313) $
\o Hierarchy:		/comelec/softs/opt/Cadence/releases/IC617/tools.lnx86/dfII/
\o Sub version:		sub-version  IC6.1.7-64b.500.14  (64-bit addresses)
\# Command line:	/comelec/softs/opt/Cadence/releases/IC617/tools.lnx86/dfII/bin/64bit/virtuoso -noautostart -mpssession virtuoso307983 -mpshost tp-3a107-06 -davinciService DaVinciService_307983_1763658527 -log /cal/exterieurs/afonlupt-25/afonlupt/projetCD2IC/CDS_wk_dir2/logs_afonlupt-25/logs0/Job0.log -licenseLockFileName /cal/exterieurs/afonlupt-25/afonlupt/projetCD2IC/CDS_wk_dir2/.tmp_afonlupt-25/.tp-3a107-06_307983 -nograph -nostdin -axlChildIdFlag 0
\# Host name (type):	tp-3a107-06 (x86_64)
\# Operating system:	Linux 6.1.0-41-amd64 #1 SMP PREEMPT_DYNAMIC Debian 6.1.158-1 (2025-11-09)
\# Linux /etc/issue:	Debian GNU/Linux 12 \n \l
\# X display name (WxH):	tp-3a107-06:80 (1024x868)
\# Available geometry:			TL(0:0) BR(1023:867)
\# X server:			RealVNC Ltd (VNC nograph server, PID 331863)
\# Depth of Visual (Root):	16 (16)
\# Number of Planes Used:	16
\# X version:		11.0 (vendor release 3370)
\# X resource pool:	base 0x800000, mask 0x3fffff (4194303), shift 0
\# 			current id 0x0, current max 0x3ffffa (4194298)
\# Max data seg size:	     unlimited
\# Max process size:	     unlimited
\# Initial sbrk value:	        880 MB
\# Available memory:	     15,277 MB
\# System memory:	     19,583 MB
\# Maximum memory size:	     18,799 MB
\# Max mem available:	     15,373 MB
\# Initial memory used:	         96 MB
\#        process size:	        951 MB
\# Thread usage limits (effective/default):	maxthreads 62496/62496 maxload 20.00/20.00
\# Qt version:		4.8.5
\# Window Manager:	other
\# User Name:		afonlupt-25
\o Working Directory:	tp-3a107-06:/cal/exterieurs/afonlupt-25/afonlupt/projetCD2IC/CDS_wk_dir2
\# Process Id:		331885
\o 
\o COPYRIGHT (C) 1992-2017  CADENCE DESIGN SYSTEMS INC.  ALL RIGHTS RESERVED.
\o           (C) 1992-2017  UNIX SYSTEMS Laboratories INC.,
\o                          Reproduced with permission.
\o 
\o This Cadence Design Systems program and online documentation are
\o proprietary/confidential information and may be disclosed/used only
\o as authorized in a license agreement controlling such use and disclosure.
\o 
\o           RESTRICTED RIGHTS NOTICE (SHORT FORM)
\o Use/reproduction/disclosure is subject to restriction
\o set forth at FAR 1252.227-19 or its equivalent.
\o Loading geView.cxt 
\o Loading menuBuilder.cxt 
\o Loading schView.cxt 
\o Loading selectSv.cxt 
\o Loading wireEdit.cxt 
\o Loading pte2.cxt 
\o Loading xlUI.cxt 
\o Loading auCore.cxt 
\o Loading vhdl.cxt 
\o Loading seismic.cxt 
\o Loading ci.cxt 
\o Loading ams.cxt 
\o Loading oasis.cxt 
\o Loading analog.cxt 
\o Loading asimenv.cxt 
\o Loading socket.cxt 
\o Loading dal.cxt 
\o Loading awv.cxt 
\o Loading par.cxt 
\o Loading alvs.cxt 
\o Loading caa.cxt 
\o Loading adexlCore.cxt 
\o Loading adexl.cxt 
\o *Info*    Exporting services from client ... 
\o 
\o *INFO* (icLic-303) virtuoso: PID=331885, Child Mode is true, ICPR Mode is true, Registration Timeout is 180 seconds, Communication Timeout is 180 seconds.
\# Memory report: using         217 MB, process size 1,190 MB at UTC 2025.11.20 17:09:00.501
\o *Info*    Client has finished starting ... 
\o 
\p > 
\o Loading pe.cxt 
\a _treeSetOpcGUI(t)
\r t
\# Available memory:         15,259 MB at UTC 2025.11.20 17:09:05.843
\# Memory report: Maximum memory size now 15,478 MB at UTC 2025.11.20 17:09:05.843
\# Thread usage report: 21 active threads, active load 1.00 at UTC 2025.11.20 17:09:05.843
\o Loading vqp.cxt 
\o 
\o 
\o *Info*    Configuring the session ...
\o 
\o 	Library      = TSPCFF_LIB
\o 	Cell         = TB_TSPCFF
\o 	View         = schematic
\o 	Simulator    = spectre
\o 	State Path   = $AXL_SETUPDB_DIR/test_states
\o 	State Name   = TSPCFF_LIB:TB_TSPCFF:1_tmpstate.315258528_Interactive.0
\o 	Results DB   = /cal/exterieurs/afonlupt-25/afonlupt/projetCD2IC/TSPCFF_LIB/TB_TSPCFF/adexl/results/data/Interactive.0.rdb
\o 	Results Dir  = /cal/exterieurs/afonlupt-25/simulation/TSPCFF_LIB/TB_TSPCFF/adexl/results/data/Interactive.0/1/TSPCFF_LIB:TB_TSPCFF:1
\o 	Results Loc  = /cal/exterieurs/afonlupt-25/simulation/TSPCFF_LIB/TB_TSPCFF/adexl/results/data
\o 	Project Dir  = /cal/exterieurs/afonlupt-25/simulation
\o 	Setup DB loc = /cal/exterieurs/afonlupt-25/afonlupt/projetCD2IC/TSPCFF_LIB/TB_TSPCFF/adexl
\o 	File Encoding = 0
\o 
\o 
\o Loading simui.cxt 
\o *INFO* (icLic-304) Start to connect to parent process (session=virtuoso307983, host=tp-3a107-06). Total timeout is 180 seconds. Connection timeout is 90 seconds.
\o *INFO* (icLic-305) Step 1: Connecting to parent. Spent time is 0 seconds.
\o *INFO* (icLic-309) The registration of the child 331885 within 90 seconds is being processed ...
\o *INFO* (icLic-310) The result of registration is true. Spend time is 0 seconds.
\o *INFO* (icLic-308) The end of connection. Result is true. Total spent time is 0 seconds.
\o Loading viva.cxt 
\o ("In _axlResolveAXLPath" nil "/cal/exterieurs/afonlupt-25/simulation/TSPCFF_LIB/TB_TSPCFF/adexl/results/data/Interactive.0/1/TSPCFF_LIB:TB_TSPCFF:1" "/cal/exterieurs/afonlupt-25/afonlupt/projetCD2IC/TSPCFF_LIB/TB_TSPCFF/adexl" "/cal/exterieurs/afonlupt-25/simulation")
\o ("resolvedPath is" "/cal/exterieurs/afonlupt-25/simulation/TSPCFF_LIB/TB_TSPCFF/adexl/results/data/Interactive.0/1/TSPCFF_LIB:TB_TSPCFF:1")
\o Loading gpdk045/libInit.il ...
\o 	Loading gpdk045/loadCxt.ile ... done!
\o 	Loading context 'gpdk045' from library 'gpdk045' ... done!
\o 	Loading context 'pdkUtils' from library 'gpdk045' ... done!
\e 	Loading gpdk045/gpdk045_customFilter.il ... *Error* eval: unbound variable - axlRegisterCustomDeviceFilter
\o failed!
\o 	Loading gpdk045/libInitCustomExit.il ... 
\o 	Loading Environment Settings ...
\o 	Loading Model Management File ...
\o Loading spectrei.cxt 
\o Loading devCheck.cxt 
\o Loading relXpert.cxt 
\o Loading hspiceD.cxt 
\o Loading spectreinl.cxt 
\o Loading UltraSim.cxt 
\o Loading msgHandler.cxt 
\o Loading AMSOSS.cxt 
\o Loading AMS.cxt 
\o 	Loading gpdk045/gpdk045_PDKRegistrations.il ... done!
\o 
\o   *************************************************************           
\o   *              Cadence Design Systems, Inc.                 *           
\o   *                                                           *           
\o   *                    Generic 45nm PDK                       *           
\o   *                        (gpdk045)                          *           
\o   *                                                           *           
\o   *************************************************************           
\o 	
\o 
\o 	VERSION: 4.0 (17-June-2014)
\o 
\o done!
\o Failed to load gpdk045/libInit.il successfully!("In _axlICRPResolveAXLPath" sevSession1 "$AXL_SETUPDB_DIR/test_states/TSPCFF_LIB:TB_TSPCFF:1_tmpstate.315258528_Interactive.0.state" "/cal/exterieurs/afonlupt-25/afonlupt/projetCD2IC/TSPCFF_LIB/TB_TSPCFF/adexl" "/cal/exterieurs/afonlupt-25/simulation")
\o ("resolvedPath is" "/cal/exterieurs/afonlupt-25/afonlupt/projetCD2IC/TSPCFF_LIB/TB_TSPCFF/adexl/test_states/TSPCFF_LIB:TB_TSPCFF:1_tmpstate.315258528_Interactive.0.state")
\o ("In _axlResolveAXLPath" nil "$AXL_SETUPDB_DIR/test_states" "/cal/exterieurs/afonlupt-25/afonlupt/projetCD2IC/TSPCFF_LIB/TB_TSPCFF/adexl" "/cal/exterieurs/afonlupt-25/simulation")
\o ("resolvedPath is" "/cal/exterieurs/afonlupt-25/afonlupt/projetCD2IC/TSPCFF_LIB/TB_TSPCFF/adexl/test_states")
\o 
\o *Info*    The auto suspension is disabled.
\o 
\o Loading monte.cxt 
\o 
\o 
\o 
\o 
\o 
\o *Info*    Run start for Point ID (0 1) on testbench [
\o           TSPCFF_LIB:TB_TSPCFF:1 ].
\o 
\o Resetting statistical vars
\o 
\o *Info*    Setting parameter values ...
\o 
\o Setting temp(T) = 27
\o Setting var tsetup = "40p"
\o Setting var wmn2 = "145n"
\o Setting var wmn4 = "145n"
\o Setting var wmp2 = "214n"
\o Setting var wmp5 = "214n"
\o 
\o *Info*    Netlist Directory =
\o           /cal/exterieurs/afonlupt-25/simulation/TSPCFF_LIB/TB_TSPCFF/adexl/results/data/Interactive.0/1/TSPCFF_LIB:TB_TSPCFF:1/netlist
\o 
\o 
\o *Info*    Data Directory    =
\o           /cal/exterieurs/afonlupt-25/simulation/TSPCFF_LIB/TB_TSPCFF/adexl/results/data/Interactive.0/1/TSPCFF_LIB:TB_TSPCFF:1
\o 
\o 
\o *Info*    Creating Netlist for Point ID (0 1)
\o 
\o generate netlist...
\o Loading seCore.cxt 
\o Begin Incremental Netlisting Nov 20 18:11:01 2025
\o End netlisting Nov 20 18:11:01 2025
\o 
\o 	The netlist is up to date.
\o 	Time taken to compare the design with netlist:   1.0s
\o       ...successful.
\o compose simulator input file...
\o       ...successful.
\o 
\o *Info*    Running simulation on testbench [ TSPCFF_LIB:TB_TSPCFF:1 ]
\o           for Point ID (0 1).
\o 
\o Delete psf data in /cal/exterieurs/afonlupt-25/simulation/TSPCFF_LIB/TB_TSPCFF/adexl/results/data/Interactive.0/1/TSPCFF_LIB:TB_TSPCFF:1/psf.
\# Memory report: using         323 MB, process size 1,309 MB at UTC 2025.11.20 17:11:03.031
\o compose simulator input file...
\o       ...successful.
\o start simulator if needed...
\o       ...successful.
\o simulate...
\o To view the simulator output, right-click on the test name, result 
\o name, or any value in the "Results" tab of the Outputs section and 
\o choose "Output Log" menu option.
\o Loading paraplot.cxt 
\o INFO (ADE-3071): Simulation completed successfully.
\o reading simulation data...
\o       ...successful.
\o *Info*    Client has finished evaluating ... 
\o 
\o 
\o *Info*    Run complete for Point ID (0 1) on testbench [
\o           TSPCFF_LIB:TB_TSPCFF:1 ].
\o 
\o 
\o 
\o 
\o 
\o 
\o 
\o 
\o 
\o 
\o *Info*    Run start for Point ID (0 2) on testbench [
\o           TSPCFF_LIB:TB_TSPCFF:1 ].
\o 
\o Resetting statistical vars
\o 
\o *Info*    Setting parameter values ...
\o 
\o Setting var tsetup = "38.97435897p"
\o 
\o *Info*    Netlist Directory =
\o           /cal/exterieurs/afonlupt-25/simulation/TSPCFF_LIB/TB_TSPCFF/adexl/results/data/Interactive.0/2/TSPCFF_LIB:TB_TSPCFF:1/netlist
\o 
\o 
\o *Info*    Data Directory    =
\o           /cal/exterieurs/afonlupt-25/simulation/TSPCFF_LIB/TB_TSPCFF/adexl/results/data/Interactive.0/2/TSPCFF_LIB:TB_TSPCFF:1
\o 
\o 
\o *Info*    Creating Netlist for Point ID (0 2)
\o 
\o generate netlist...
\o Begin Incremental Netlisting Nov 20 18:11:14 2025
\o End netlisting Nov 20 18:11:14 2025
\o 
\o 	The netlist is up to date.
\o 	Time taken to compare the design with netlist:   0.0s
\o       ...successful.
\o compose simulator input file...
\o       ...successful.
\o 
\o *Info*    Running simulation on testbench [ TSPCFF_LIB:TB_TSPCFF:1 ]
\o           for Point ID (0 2).
\o 
\o Delete psf data in /cal/exterieurs/afonlupt-25/simulation/TSPCFF_LIB/TB_TSPCFF/adexl/results/data/Interactive.0/2/TSPCFF_LIB:TB_TSPCFF:1/psf.
\o compose simulator input file...
\o       ...successful.
\o start simulator if needed...
\o       ...successful.
\o simulate...
\o To view the simulator output, right-click on the test name, result 
\o name, or any value in the "Results" tab of the Outputs section and 
\o choose "Output Log" menu option.
\o INFO (ADE-3071): Simulation completed successfully.
\o reading simulation data...
\o       ...successful.
\o *Info*    Client has finished evaluating ... 
\o 
\o 
\o *Info*    Run complete for Point ID (0 2) on testbench [
\o           TSPCFF_LIB:TB_TSPCFF:1 ].
\o 
\o 
\o 
\o 
\o 
\o 
\o 
\o 
\o 
\o 
\o *Info*    Run start for Point ID (0 19) on testbench [
\o           TSPCFF_LIB:TB_TSPCFF:1 ].
\o 
\o Resetting statistical vars
\o 
\o *Info*    Setting parameter values ...
\o 
\o Setting var tsetup = "21.53846154p"
\o 
\o *Info*    Netlist Directory =
\o           /cal/exterieurs/afonlupt-25/simulation/TSPCFF_LIB/TB_TSPCFF/adexl/results/data/Interactive.0/19/TSPCFF_LIB:TB_TSPCFF:1/netlist
\o 
\o 
\o *Info*    Data Directory    =
\o           /cal/exterieurs/afonlupt-25/simulation/TSPCFF_LIB/TB_TSPCFF/adexl/results/data/Interactive.0/19/TSPCFF_LIB:TB_TSPCFF:1
\o 
\o 
\o *Info*    Creating Netlist for Point ID (0 19)
\o 
\o generate netlist...
\o Begin Incremental Netlisting Nov 20 18:11:21 2025
\o End netlisting Nov 20 18:11:21 2025
\o 
\o 	The netlist is up to date.
\o 	Time taken to compare the design with netlist:   0.0s
\o       ...successful.
\o compose simulator input file...
\o       ...successful.
\o 
\o *Info*    Running simulation on testbench [ TSPCFF_LIB:TB_TSPCFF:1 ]
\o           for Point ID (0 19).
\o 
\o Delete psf data in /cal/exterieurs/afonlupt-25/simulation/TSPCFF_LIB/TB_TSPCFF/adexl/results/data/Interactive.0/19/TSPCFF_LIB:TB_TSPCFF:1/psf.
\o compose simulator input file...
\o       ...successful.
\o start simulator if needed...
\o       ...successful.
\o simulate...
\o To view the simulator output, right-click on the test name, result 
\o name, or any value in the "Results" tab of the Outputs section and 
\o choose "Output Log" menu option.
\# Memory report: Maximum memory size now 16,405 MB at UTC 2025.11.20 17:11:25.116
\o INFO (ADE-3071): Simulation completed successfully.
\o reading simulation data...
\o       ...successful.
\o *Info*    Client has finished evaluating ... 
\o 
\o 
\o *Info*    Run complete for Point ID (0 19) on testbench [
\o           TSPCFF_LIB:TB_TSPCFF:1 ].
\o 
\o 
\o 
\o 
\o 
\o 
\o 
\o 
\o 
\o 
\o *Info*    Run start for Point ID (0 39) on testbench [
\o           TSPCFF_LIB:TB_TSPCFF:1 ].
\o 
\o Resetting statistical vars
\o 
\o *Info*    Setting parameter values ...
\o 
\o Setting var tsetup = "1.025641026p"
\o 
\o *Info*    Netlist Directory =
\o           /cal/exterieurs/afonlupt-25/simulation/TSPCFF_LIB/TB_TSPCFF/adexl/results/data/Interactive.0/39/TSPCFF_LIB:TB_TSPCFF:1/netlist
\o 
\o 
\o *Info*    Data Directory    =
\o           /cal/exterieurs/afonlupt-25/simulation/TSPCFF_LIB/TB_TSPCFF/adexl/results/data/Interactive.0/39/TSPCFF_LIB:TB_TSPCFF:1
\o 
\o 
\o *Info*    Creating Netlist for Point ID (0 39)
\o 
\o generate netlist...
\o Begin Incremental Netlisting Nov 20 18:11:28 2025
\o End netlisting Nov 20 18:11:28 2025
\o 
\o 	The netlist is up to date.
\o 	Time taken to compare the design with netlist:   0.0s
\o       ...successful.
\o compose simulator input file...
\o       ...successful.
\o 
\o *Info*    Running simulation on testbench [ TSPCFF_LIB:TB_TSPCFF:1 ]
\o           for Point ID (0 39).
\o 
\o Delete psf data in /cal/exterieurs/afonlupt-25/simulation/TSPCFF_LIB/TB_TSPCFF/adexl/results/data/Interactive.0/39/TSPCFF_LIB:TB_TSPCFF:1/psf.
\o compose simulator input file...
\o       ...successful.
\o start simulator if needed...
\o       ...successful.
\o simulate...
\o To view the simulator output, right-click on the test name, result 
\o name, or any value in the "Results" tab of the Outputs section and 
\o choose "Output Log" menu option.
\o INFO (ADE-3071): Simulation completed successfully.
\o reading simulation data...
\o       ...successful.
\o *Info*    Client has finished evaluating ... 
\o 
\o 
\o *Info*    Run complete for Point ID (0 39) on testbench [
\o           TSPCFF_LIB:TB_TSPCFF:1 ].
\o 
\o 
\o 
\o 
\o 
\o Simulation design variables differ from those on the cellView,
\o they have been saved in the file "/tmp/saved-design-variables".
\o To save future changes, copy variables to cellView before exiting.
\o 
\o 
\o *Info*    Configuring the session ...
\o 
\o 	Library      = TSPCFF_LIB
\o 	Cell         = TB_TSPCFF
\o 	View         = schematic
\o 	Simulator    = spectre
\o 	State Path   = $AXL_SETUPDB_DIR/test_states
\o 	State Name   = TSPCFF_LIB:TB_TSPCFF:1_tmpstate.315258528_Interactive.1
\o 	Results DB   = /cal/exterieurs/afonlupt-25/afonlupt/projetCD2IC/TSPCFF_LIB/TB_TSPCFF/adexl/results/data/Interactive.1.rdb
\o 	Results Dir  = /cal/exterieurs/afonlupt-25/simulation/TSPCFF_LIB/TB_TSPCFF/adexl/results/data/Interactive.1/1/TSPCFF_LIB:TB_TSPCFF:1
\o 	Results Loc  = /cal/exterieurs/afonlupt-25/simulation/TSPCFF_LIB/TB_TSPCFF/adexl/results/data
\o 	Project Dir  = /cal/exterieurs/afonlupt-25/simulation
\o 	Setup DB loc = /cal/exterieurs/afonlupt-25/afonlupt/projetCD2IC/TSPCFF_LIB/TB_TSPCFF/adexl
\o 	File Encoding = 0
\o 
\o 
\o ("In _axlResolveAXLPath" nil "/cal/exterieurs/afonlupt-25/simulation/TSPCFF_LIB/TB_TSPCFF/adexl/results/data/Interactive.1/1/TSPCFF_LIB:TB_TSPCFF:1" "/cal/exterieurs/afonlupt-25/afonlupt/projetCD2IC/TSPCFF_LIB/TB_TSPCFF/adexl" "/cal/exterieurs/afonlupt-25/simulation")
\o ("resolvedPath is" "/cal/exterieurs/afonlupt-25/simulation/TSPCFF_LIB/TB_TSPCFF/adexl/results/data/Interactive.1/1/TSPCFF_LIB:TB_TSPCFF:1")
\o ("In _axlICRPResolveAXLPath" sevSession2 "$AXL_SETUPDB_DIR/test_states/TSPCFF_LIB:TB_TSPCFF:1_tmpstate.315258528_Interactive.1.state" "/cal/exterieurs/afonlupt-25/afonlupt/projetCD2IC/TSPCFF_LIB/TB_TSPCFF/adexl" "/cal/exterieurs/afonlupt-25/simulation")
\o ("resolvedPath is" "/cal/exterieurs/afonlupt-25/afonlupt/projetCD2IC/TSPCFF_LIB/TB_TSPCFF/adexl/test_states/TSPCFF_LIB:TB_TSPCFF:1_tmpstate.315258528_Interactive.1.state")
\o ("In _axlResolveAXLPath" nil "$AXL_SETUPDB_DIR/test_states" "/cal/exterieurs/afonlupt-25/afonlupt/projetCD2IC/TSPCFF_LIB/TB_TSPCFF/adexl" "/cal/exterieurs/afonlupt-25/simulation")
\o ("resolvedPath is" "/cal/exterieurs/afonlupt-25/afonlupt/projetCD2IC/TSPCFF_LIB/TB_TSPCFF/adexl/test_states")
\o 
\o *Info*    The auto suspension is disabled.
\o 
\o 
\o 
\o 
\o 
\o 
\o *Info*    Run start for Point ID (1 5) on testbench [
\o           TSPCFF_LIB:TB_TSPCFF:1 ].
\o 
\o Resetting statistical vars
\o 
\o *Info*    Setting parameter values ...
\o 
\o Setting temp(T) = 27
\o Setting var tsetup = "47.36842105p"
\o Setting var wmn2 = "145n"
\o Setting var wmn4 = "145n"
\o Setting var wmp2 = "214n"
\o Setting var wmp5 = "214n"
\o 
\o *Info*    Netlist Directory =
\o           /cal/exterieurs/afonlupt-25/simulation/TSPCFF_LIB/TB_TSPCFF/adexl/results/data/Interactive.1/5/TSPCFF_LIB:TB_TSPCFF:1/netlist
\o 
\o 
\o *Info*    Data Directory    =
\o           /cal/exterieurs/afonlupt-25/simulation/TSPCFF_LIB/TB_TSPCFF/adexl/results/data/Interactive.1/5/TSPCFF_LIB:TB_TSPCFF:1
\o 
\o 
\o *Info*    Creating Netlist for Point ID (1 5)
\o 
\o generate netlist...
\o Begin Incremental Netlisting Nov 20 18:13:03 2025
\o End netlisting Nov 20 18:13:03 2025
\o 
\o 	The netlist is up to date.
\o 	Time taken to compare the design with netlist:   0.0s
\o       ...successful.
\o compose simulator input file...
\o       ...successful.
\o 
\o *Info*    Running simulation on testbench [ TSPCFF_LIB:TB_TSPCFF:1 ]
\o           for Point ID (1 5).
\o 
\o Delete psf data in /cal/exterieurs/afonlupt-25/simulation/TSPCFF_LIB/TB_TSPCFF/adexl/results/data/Interactive.1/5/TSPCFF_LIB:TB_TSPCFF:1/psf.
\o compose simulator input file...
\o       ...successful.
\o start simulator if needed...
\o       ...successful.
\o simulate...
\o To view the simulator output, right-click on the test name, result 
\o name, or any value in the "Results" tab of the Outputs section and 
\o choose "Output Log" menu option.
\o INFO (ADE-3071): Simulation completed successfully.
\o reading simulation data...
\o       ...successful.
\o *Info*    Client has finished evaluating ... 
\o 
\o 
\o *Info*    Run complete for Point ID (1 5) on testbench [
\o           TSPCFF_LIB:TB_TSPCFF:1 ].
\o 
\o 
\o 
\o 
\o 
\o Simulation design variables differ from those on the cellView,
\o they have been saved in the file "/tmp/saved-design-variables".
\o To save future changes, copy variables to cellView before exiting.
\o 
\o 
\o *Info*    Configuring the session ...
\o 
\o 	Library      = TSPCFF_LIB
\o 	Cell         = TB_TSPCFF
\o 	View         = schematic
\o 	Simulator    = spectre
\o 	State Path   = $AXL_SETUPDB_DIR/test_states
\o 	State Name   = TSPCFF_LIB:TB_TSPCFF:1_tmpstate.315258528_Interactive.2
\o 	Results DB   = /cal/exterieurs/afonlupt-25/afonlupt/projetCD2IC/TSPCFF_LIB/TB_TSPCFF/adexl/results/data/Interactive.2.rdb
\o 	Results Dir  = /cal/exterieurs/afonlupt-25/simulation/TSPCFF_LIB/TB_TSPCFF/adexl/results/data/Interactive.2/1/TSPCFF_LIB:TB_TSPCFF:1
\o 	Results Loc  = /cal/exterieurs/afonlupt-25/simulation/TSPCFF_LIB/TB_TSPCFF/adexl/results/data
\o 	Project Dir  = /cal/exterieurs/afonlupt-25/simulation
\o 	Setup DB loc = /cal/exterieurs/afonlupt-25/afonlupt/projetCD2IC/TSPCFF_LIB/TB_TSPCFF/adexl
\o 	File Encoding = 0
\o 
\o 
\o ("In _axlResolveAXLPath" nil "/cal/exterieurs/afonlupt-25/simulation/TSPCFF_LIB/TB_TSPCFF/adexl/results/data/Interactive.2/1/TSPCFF_LIB:TB_TSPCFF:1" "/cal/exterieurs/afonlupt-25/afonlupt/projetCD2IC/TSPCFF_LIB/TB_TSPCFF/adexl" "/cal/exterieurs/afonlupt-25/simulation")
\o ("resolvedPath is" "/cal/exterieurs/afonlupt-25/simulation/TSPCFF_LIB/TB_TSPCFF/adexl/results/data/Interactive.2/1/TSPCFF_LIB:TB_TSPCFF:1")
\o ("In _axlICRPResolveAXLPath" sevSession3 "$AXL_SETUPDB_DIR/test_states/TSPCFF_LIB:TB_TSPCFF:1_tmpstate.315258528_Interactive.2.state" "/cal/exterieurs/afonlupt-25/afonlupt/projetCD2IC/TSPCFF_LIB/TB_TSPCFF/adexl" "/cal/exterieurs/afonlupt-25/simulation")
\o ("resolvedPath is" "/cal/exterieurs/afonlupt-25/afonlupt/projetCD2IC/TSPCFF_LIB/TB_TSPCFF/adexl/test_states/TSPCFF_LIB:TB_TSPCFF:1_tmpstate.315258528_Interactive.2.state")
\o ("In _axlResolveAXLPath" nil "$AXL_SETUPDB_DIR/test_states" "/cal/exterieurs/afonlupt-25/afonlupt/projetCD2IC/TSPCFF_LIB/TB_TSPCFF/adexl" "/cal/exterieurs/afonlupt-25/simulation")
\o ("resolvedPath is" "/cal/exterieurs/afonlupt-25/afonlupt/projetCD2IC/TSPCFF_LIB/TB_TSPCFF/adexl/test_states")
\o 
\o *Info*    The auto suspension is disabled.
\o 
\o 
\o 
\o 
\o 
\o 
\o *Info*    Run start for Point ID (2 14) on testbench [
\o           TSPCFF_LIB:TB_TSPCFF:1 ].
\o 
\o Resetting statistical vars
\o 
\o *Info*    Setting parameter values ...
\o 
\o Setting temp(T) = 27
\o Setting var tsetup = "157.8947368p"
\o Setting var wmn2 = "145n"
\o Setting var wmn4 = "145n"
\o Setting var wmp2 = "214n"
\o Setting var wmp5 = "214n"
\o 
\o *Info*    Netlist Directory =
\o           /cal/exterieurs/afonlupt-25/simulation/TSPCFF_LIB/TB_TSPCFF/adexl/results/data/Interactive.2/14/TSPCFF_LIB:TB_TSPCFF:1/netlist
\o 
\o 
\o *Info*    Data Directory    =
\o           /cal/exterieurs/afonlupt-25/simulation/TSPCFF_LIB/TB_TSPCFF/adexl/results/data/Interactive.2/14/TSPCFF_LIB:TB_TSPCFF:1
\o 
\o 
\o *Info*    Creating Netlist for Point ID (2 14)
\o 
\o generate netlist...
\o Begin Incremental Netlisting Nov 20 18:14:27 2025
\o End netlisting Nov 20 18:14:27 2025
\o 
\o 	The netlist is up to date.
\o 	Time taken to compare the design with netlist:   0.0s
\o       ...successful.
\o compose simulator input file...
\o       ...successful.
\o 
\o *Info*    Running simulation on testbench [ TSPCFF_LIB:TB_TSPCFF:1 ]
\o           for Point ID (2 14).
\o 
\o Delete psf data in /cal/exterieurs/afonlupt-25/simulation/TSPCFF_LIB/TB_TSPCFF/adexl/results/data/Interactive.2/14/TSPCFF_LIB:TB_TSPCFF:1/psf.
\o compose simulator input file...
\o       ...successful.
\o start simulator if needed...
\o       ...successful.
\o simulate...
\o To view the simulator output, right-click on the test name, result 
\o name, or any value in the "Results" tab of the Outputs section and 
\o choose "Output Log" menu option.
\o INFO (ADE-3071): Simulation completed successfully.
\o reading simulation data...
\o       ...successful.
\o *Info*    Client has finished evaluating ... 
\o 
\o 
\o *Info*    Run complete for Point ID (2 14) on testbench [
\o           TSPCFF_LIB:TB_TSPCFF:1 ].
\o 
\o 
\o 
\o 
\o 
\o Simulation design variables differ from those on the cellView,
\o they have been saved in the file "/tmp/saved-design-variables".
\o To save future changes, copy variables to cellView before exiting.
\o 
\o 
\o *Info*    Configuring the session ...
\o 
\o 	Library      = TSPCFF_LIB
\o 	Cell         = TB_TSPCFF
\o 	View         = schematic
\o 	Simulator    = spectre
\o 	State Path   = $AXL_SETUPDB_DIR/test_states
\o 	State Name   = TSPCFF_LIB:TB_TSPCFF:1_tmpstate.315258528_Interactive.3
\o 	Results DB   = /cal/exterieurs/afonlupt-25/afonlupt/projetCD2IC/TSPCFF_LIB/TB_TSPCFF/adexl/results/data/Interactive.3.rdb
\o 	Results Dir  = /cal/exterieurs/afonlupt-25/simulation/TSPCFF_LIB/TB_TSPCFF/adexl/results/data/Interactive.3/1/TSPCFF_LIB:TB_TSPCFF:1
\o 	Results Loc  = /cal/exterieurs/afonlupt-25/simulation/TSPCFF_LIB/TB_TSPCFF/adexl/results/data
\o 	Project Dir  = /cal/exterieurs/afonlupt-25/simulation
\o 	Setup DB loc = /cal/exterieurs/afonlupt-25/afonlupt/projetCD2IC/TSPCFF_LIB/TB_TSPCFF/adexl
\o 	File Encoding = 0
\o 
\o 
\o ("In _axlResolveAXLPath" nil "/cal/exterieurs/afonlupt-25/simulation/TSPCFF_LIB/TB_TSPCFF/adexl/results/data/Interactive.3/1/TSPCFF_LIB:TB_TSPCFF:1" "/cal/exterieurs/afonlupt-25/afonlupt/projetCD2IC/TSPCFF_LIB/TB_TSPCFF/adexl" "/cal/exterieurs/afonlupt-25/simulation")
\o ("resolvedPath is" "/cal/exterieurs/afonlupt-25/simulation/TSPCFF_LIB/TB_TSPCFF/adexl/results/data/Interactive.3/1/TSPCFF_LIB:TB_TSPCFF:1")
\o ("In _axlICRPResolveAXLPath" sevSession4 "$AXL_SETUPDB_DIR/test_states/TSPCFF_LIB:TB_TSPCFF:1_tmpstate.315258528_Interactive.3.state" "/cal/exterieurs/afonlupt-25/afonlupt/projetCD2IC/TSPCFF_LIB/TB_TSPCFF/adexl" "/cal/exterieurs/afonlupt-25/simulation")
\o ("resolvedPath is" "/cal/exterieurs/afonlupt-25/afonlupt/projetCD2IC/TSPCFF_LIB/TB_TSPCFF/adexl/test_states/TSPCFF_LIB:TB_TSPCFF:1_tmpstate.315258528_Interactive.3.state")
\o ("In _axlResolveAXLPath" nil "$AXL_SETUPDB_DIR/test_states" "/cal/exterieurs/afonlupt-25/afonlupt/projetCD2IC/TSPCFF_LIB/TB_TSPCFF/adexl" "/cal/exterieurs/afonlupt-25/simulation")
\o ("resolvedPath is" "/cal/exterieurs/afonlupt-25/afonlupt/projetCD2IC/TSPCFF_LIB/TB_TSPCFF/adexl/test_states")
\o 
\o *Info*    The auto suspension is disabled.
\o 
\o 
\o 
\o 
\o 
\o 
\o *Info*    Run start for Point ID (3 18) on testbench [
\o           TSPCFF_LIB:TB_TSPCFF:1 ].
\o 
\o Resetting statistical vars
\o 
\o *Info*    Setting parameter values ...
\o 
\o Setting temp(T) = 27
\o Setting var tsetup = "2.631578947n"
\o Setting var wmn2 = "145n"
\o Setting var wmn4 = "145n"
\o Setting var wmp2 = "214n"
\o Setting var wmp5 = "214n"
\o 
\o *Info*    Netlist Directory =
\o           /cal/exterieurs/afonlupt-25/simulation/TSPCFF_LIB/TB_TSPCFF/adexl/results/data/Interactive.3/18/TSPCFF_LIB:TB_TSPCFF:1/netlist
\o 
\o 
\o *Info*    Data Directory    =
\o           /cal/exterieurs/afonlupt-25/simulation/TSPCFF_LIB/TB_TSPCFF/adexl/results/data/Interactive.3/18/TSPCFF_LIB:TB_TSPCFF:1
\o 
\o 
\o *Info*    Creating Netlist for Point ID (3 18)
\o 
\o generate netlist...
\o Begin Incremental Netlisting Nov 20 18:15:29 2025
\o End netlisting Nov 20 18:15:29 2025
\o 
\o 	The netlist is up to date.
\o 	Time taken to compare the design with netlist:   0.0s
\o       ...successful.
\o compose simulator input file...
\o       ...successful.
\o 
\o *Info*    Running simulation on testbench [ TSPCFF_LIB:TB_TSPCFF:1 ]
\o           for Point ID (3 18).
\o 
\o Delete psf data in /cal/exterieurs/afonlupt-25/simulation/TSPCFF_LIB/TB_TSPCFF/adexl/results/data/Interactive.3/18/TSPCFF_LIB:TB_TSPCFF:1/psf.
\o compose simulator input file...
\o       ...successful.
\o start simulator if needed...
\o       ...successful.
\o simulate...
\o To view the simulator output, right-click on the test name, result 
\o name, or any value in the "Results" tab of the Outputs section and 
\o choose "Output Log" menu option.
\o INFO (ADE-3071): Simulation completed successfully.
\o reading simulation data...
\o       ...successful.
\o *Info*    Client has finished evaluating ... 
\o 
\o 
\o *Info*    Run complete for Point ID (3 18) on testbench [
\o           TSPCFF_LIB:TB_TSPCFF:1 ].
\o 
\o 
\o 
\o 
\o 
\o Simulation design variables differ from those on the cellView,
\o they have been saved in the file "/tmp/saved-design-variables".
\o To save future changes, copy variables to cellView before exiting.
\o 
\o 
\o *Info*    Configuring the session ...
\o 
\o 	Library      = TSPCFF_LIB
\o 	Cell         = TB_TSPCFF
\o 	View         = schematic
\o 	Simulator    = spectre
\o 	State Path   = $AXL_SETUPDB_DIR/test_states
\o 	State Name   = TSPCFF_LIB:TB_TSPCFF:1_tmpstate.315258528_Interactive.4
\o 	Results DB   = /cal/exterieurs/afonlupt-25/afonlupt/projetCD2IC/TSPCFF_LIB/TB_TSPCFF/adexl/results/data/Interactive.4.rdb
\o 	Results Dir  = /cal/exterieurs/afonlupt-25/simulation/TSPCFF_LIB/TB_TSPCFF/adexl/results/data/Interactive.4/1/TSPCFF_LIB:TB_TSPCFF:1
\o 	Results Loc  = /cal/exterieurs/afonlupt-25/simulation/TSPCFF_LIB/TB_TSPCFF/adexl/results/data
\o 	Project Dir  = /cal/exterieurs/afonlupt-25/simulation
\o 	Setup DB loc = /cal/exterieurs/afonlupt-25/afonlupt/projetCD2IC/TSPCFF_LIB/TB_TSPCFF/adexl
\o 	File Encoding = 0
\o 
\o 
\o ("In _axlResolveAXLPath" nil "/cal/exterieurs/afonlupt-25/simulation/TSPCFF_LIB/TB_TSPCFF/adexl/results/data/Interactive.4/1/TSPCFF_LIB:TB_TSPCFF:1" "/cal/exterieurs/afonlupt-25/afonlupt/projetCD2IC/TSPCFF_LIB/TB_TSPCFF/adexl" "/cal/exterieurs/afonlupt-25/simulation")
\o ("resolvedPath is" "/cal/exterieurs/afonlupt-25/simulation/TSPCFF_LIB/TB_TSPCFF/adexl/results/data/Interactive.4/1/TSPCFF_LIB:TB_TSPCFF:1")
\o ("In _axlICRPResolveAXLPath" sevSession5 "$AXL_SETUPDB_DIR/test_states/TSPCFF_LIB:TB_TSPCFF:1_tmpstate.315258528_Interactive.4.state" "/cal/exterieurs/afonlupt-25/afonlupt/projetCD2IC/TSPCFF_LIB/TB_TSPCFF/adexl" "/cal/exterieurs/afonlupt-25/simulation")
\o ("resolvedPath is" "/cal/exterieurs/afonlupt-25/afonlupt/projetCD2IC/TSPCFF_LIB/TB_TSPCFF/adexl/test_states/TSPCFF_LIB:TB_TSPCFF:1_tmpstate.315258528_Interactive.4.state")
\o ("In _axlResolveAXLPath" nil "$AXL_SETUPDB_DIR/test_states" "/cal/exterieurs/afonlupt-25/afonlupt/projetCD2IC/TSPCFF_LIB/TB_TSPCFF/adexl" "/cal/exterieurs/afonlupt-25/simulation")
\o ("resolvedPath is" "/cal/exterieurs/afonlupt-25/afonlupt/projetCD2IC/TSPCFF_LIB/TB_TSPCFF/adexl/test_states")
\o 
\o *Info*    The auto suspension is disabled.
\o 
\o 
\o 
\o 
\o 
\o 
\o *Info*    Run start for Point ID (4 12) on testbench [
\o           TSPCFF_LIB:TB_TSPCFF:1 ].
\o 
\o Resetting statistical vars
\o 
\o *Info*    Setting parameter values ...
\o 
\o Setting temp(T) = 27
\o Setting var tsetup = "421.0526316p"
\o Setting var wmn2 = "145n"
\o Setting var wmn4 = "145n"
\o Setting var wmp2 = "214n"
\o Setting var wmp5 = "214n"
\o 
\o *Info*    Netlist Directory =
\o           /cal/exterieurs/afonlupt-25/simulation/TSPCFF_LIB/TB_TSPCFF/adexl/results/data/Interactive.4/12/TSPCFF_LIB:TB_TSPCFF:1/netlist
\o 
\o 
\o *Info*    Data Directory    =
\o           /cal/exterieurs/afonlupt-25/simulation/TSPCFF_LIB/TB_TSPCFF/adexl/results/data/Interactive.4/12/TSPCFF_LIB:TB_TSPCFF:1
\o 
\o 
\o *Info*    Creating Netlist for Point ID (4 12)
\o 
\o generate netlist...
\o Begin Incremental Netlisting Nov 20 18:16:15 2025
\o End netlisting Nov 20 18:16:15 2025
\o 
\o 	The netlist is up to date.
\o 	Time taken to compare the design with netlist:   0.0s
\o       ...successful.
\o compose simulator input file...
\o       ...successful.
\o 
\o *Info*    Running simulation on testbench [ TSPCFF_LIB:TB_TSPCFF:1 ]
\o           for Point ID (4 12).
\o 
\o Delete psf data in /cal/exterieurs/afonlupt-25/simulation/TSPCFF_LIB/TB_TSPCFF/adexl/results/data/Interactive.4/12/TSPCFF_LIB:TB_TSPCFF:1/psf.
\o compose simulator input file...
\o       ...successful.
\o start simulator if needed...
\o       ...successful.
\o simulate...
\o To view the simulator output, right-click on the test name, result 
\o name, or any value in the "Results" tab of the Outputs section and 
\o choose "Output Log" menu option.
\o INFO (ADE-3071): Simulation completed successfully.
\o reading simulation data...
\o       ...successful.
\o *Info*    Client has finished evaluating ... 
\o 
\o 
\o *Info*    Run complete for Point ID (4 12) on testbench [
\o           TSPCFF_LIB:TB_TSPCFF:1 ].
\o 
\o 
\o 
\o 
\o 
\o Simulation design variables differ from those on the cellView,
\o they have been saved in the file "/tmp/saved-design-variables".
\o To save future changes, copy variables to cellView before exiting.
\o 
\o 
\o *Info*    Configuring the session ...
\o 
\o 	Library      = TSPCFF_LIB
\o 	Cell         = TB_TSPCFF
\o 	View         = schematic
\o 	Simulator    = spectre
\o 	State Path   = $AXL_SETUPDB_DIR/test_states
\o 	State Name   = TSPCFF_LIB:TB_TSPCFF:1_tmpstate.315258528_Interactive.5
\o 	Results DB   = /cal/exterieurs/afonlupt-25/afonlupt/projetCD2IC/TSPCFF_LIB/TB_TSPCFF/adexl/results/data/Interactive.5.rdb
\o 	Results Dir  = /cal/exterieurs/afonlupt-25/simulation/TSPCFF_LIB/TB_TSPCFF/adexl/results/data/Interactive.5/1/TSPCFF_LIB:TB_TSPCFF:1
\o 	Results Loc  = /cal/exterieurs/afonlupt-25/simulation/TSPCFF_LIB/TB_TSPCFF/adexl/results/data
\o 	Project Dir  = /cal/exterieurs/afonlupt-25/simulation
\o 	Setup DB loc = /cal/exterieurs/afonlupt-25/afonlupt/projetCD2IC/TSPCFF_LIB/TB_TSPCFF/adexl
\o 	File Encoding = 0
\o 
\o 
\o ("In _axlResolveAXLPath" nil "/cal/exterieurs/afonlupt-25/simulation/TSPCFF_LIB/TB_TSPCFF/adexl/results/data/Interactive.5/1/TSPCFF_LIB:TB_TSPCFF:1" "/cal/exterieurs/afonlupt-25/afonlupt/projetCD2IC/TSPCFF_LIB/TB_TSPCFF/adexl" "/cal/exterieurs/afonlupt-25/simulation")
\o ("resolvedPath is" "/cal/exterieurs/afonlupt-25/simulation/TSPCFF_LIB/TB_TSPCFF/adexl/results/data/Interactive.5/1/TSPCFF_LIB:TB_TSPCFF:1")
\o ("In _axlICRPResolveAXLPath" sevSession6 "$AXL_SETUPDB_DIR/test_states/TSPCFF_LIB:TB_TSPCFF:1_tmpstate.315258528_Interactive.5.state" "/cal/exterieurs/afonlupt-25/afonlupt/projetCD2IC/TSPCFF_LIB/TB_TSPCFF/adexl" "/cal/exterieurs/afonlupt-25/simulation")
\o ("resolvedPath is" "/cal/exterieurs/afonlupt-25/afonlupt/projetCD2IC/TSPCFF_LIB/TB_TSPCFF/adexl/test_states/TSPCFF_LIB:TB_TSPCFF:1_tmpstate.315258528_Interactive.5.state")
\o ("In _axlResolveAXLPath" nil "$AXL_SETUPDB_DIR/test_states" "/cal/exterieurs/afonlupt-25/afonlupt/projetCD2IC/TSPCFF_LIB/TB_TSPCFF/adexl" "/cal/exterieurs/afonlupt-25/simulation")
\o ("resolvedPath is" "/cal/exterieurs/afonlupt-25/afonlupt/projetCD2IC/TSPCFF_LIB/TB_TSPCFF/adexl/test_states")
\o 
\o *Info*    The auto suspension is disabled.
\o 
\o 
\o 
\o 
\o 
\o 
\o *Info*    Run start for Point ID (5 8) on testbench [
\o           TSPCFF_LIB:TB_TSPCFF:1 ].
\o 
\o Resetting statistical vars
\o 
\o *Info*    Setting parameter values ...
\o 
\o Setting temp(T) = 27
\o Setting var tsetup = "24.29174426m"
\o Setting var wmn2 = "145n"
\o Setting var wmn4 = "145n"
\o Setting var wmp2 = "214n"
\o Setting var wmp5 = "214n"
\o 
\o *Info*    Netlist Directory =
\o           /cal/exterieurs/afonlupt-25/simulation/TSPCFF_LIB/TB_TSPCFF/adexl/results/data/Interactive.5/8/TSPCFF_LIB:TB_TSPCFF:1/netlist
\o 
\o 
\o *Info*    Data Directory    =
\o           /cal/exterieurs/afonlupt-25/simulation/TSPCFF_LIB/TB_TSPCFF/adexl/results/data/Interactive.5/8/TSPCFF_LIB:TB_TSPCFF:1
\o 
\o 
\o *Info*    Creating Netlist for Point ID (5 8)
\o 
\o generate netlist...
\o Begin Incremental Netlisting Nov 20 18:17:21 2025
\o End netlisting Nov 20 18:17:22 2025
\o 
\o 	The netlist is up to date.
\o 	Time taken to compare the design with netlist:   1.0s
\o       ...successful.
\o compose simulator input file...
\o       ...successful.
\o 
\o *Info*    Running simulation on testbench [ TSPCFF_LIB:TB_TSPCFF:1 ]
\o           for Point ID (5 8).
\o 
\o Delete psf data in /cal/exterieurs/afonlupt-25/simulation/TSPCFF_LIB/TB_TSPCFF/adexl/results/data/Interactive.5/8/TSPCFF_LIB:TB_TSPCFF:1/psf.
\o compose simulator input file...
\o       ...successful.
\o start simulator if needed...
\o       ...successful.
\o simulate...
\o To view the simulator output, right-click on the test name, result 
\o name, or any value in the "Results" tab of the Outputs section and 
\o choose "Output Log" menu option.
\o INFO (ADE-3071): Simulation completed successfully.
\o reading simulation data...
\o       ...successful.
\o *Info*    Client has finished evaluating ... 
\o 
\o 
\o *Info*    Run complete for Point ID (5 8) on testbench [
\o           TSPCFF_LIB:TB_TSPCFF:1 ].
\o 
\o 
\o 
\o 
\o 
\o Simulation design variables differ from those on the cellView,
\o they have been saved in the file "/tmp/saved-design-variables".
\o To save future changes, copy variables to cellView before exiting.
\o 
\o 
\o *Info*    Configuring the session ...
\o 
\o 	Library      = TSPCFF_LIB
\o 	Cell         = TB_TSPCFF
\o 	View         = schematic
\o 	Simulator    = spectre
\o 	State Path   = $AXL_SETUPDB_DIR/test_states
\o 	State Name   = TSPCFF_LIB:TB_TSPCFF:1_tmpstate.315258528_Interactive.6
\o 	Results DB   = /cal/exterieurs/afonlupt-25/afonlupt/projetCD2IC/TSPCFF_LIB/TB_TSPCFF/adexl/results/data/Interactive.6.rdb
\o 	Results Dir  = /cal/exterieurs/afonlupt-25/simulation/TSPCFF_LIB/TB_TSPCFF/adexl/results/data/Interactive.6/1/TSPCFF_LIB:TB_TSPCFF:1
\o 	Results Loc  = /cal/exterieurs/afonlupt-25/simulation/TSPCFF_LIB/TB_TSPCFF/adexl/results/data
\o 	Project Dir  = /cal/exterieurs/afonlupt-25/simulation
\o 	Setup DB loc = /cal/exterieurs/afonlupt-25/afonlupt/projetCD2IC/TSPCFF_LIB/TB_TSPCFF/adexl
\o 	File Encoding = 0
\o 
\o 
\o ("In _axlResolveAXLPath" nil "/cal/exterieurs/afonlupt-25/simulation/TSPCFF_LIB/TB_TSPCFF/adexl/results/data/Interactive.6/1/TSPCFF_LIB:TB_TSPCFF:1" "/cal/exterieurs/afonlupt-25/afonlupt/projetCD2IC/TSPCFF_LIB/TB_TSPCFF/adexl" "/cal/exterieurs/afonlupt-25/simulation")
\o ("resolvedPath is" "/cal/exterieurs/afonlupt-25/simulation/TSPCFF_LIB/TB_TSPCFF/adexl/results/data/Interactive.6/1/TSPCFF_LIB:TB_TSPCFF:1")
\o ("In _axlICRPResolveAXLPath" sevSession7 "$AXL_SETUPDB_DIR/test_states/TSPCFF_LIB:TB_TSPCFF:1_tmpstate.315258528_Interactive.6.state" "/cal/exterieurs/afonlupt-25/afonlupt/projetCD2IC/TSPCFF_LIB/TB_TSPCFF/adexl" "/cal/exterieurs/afonlupt-25/simulation")
\o ("resolvedPath is" "/cal/exterieurs/afonlupt-25/afonlupt/projetCD2IC/TSPCFF_LIB/TB_TSPCFF/adexl/test_states/TSPCFF_LIB:TB_TSPCFF:1_tmpstate.315258528_Interactive.6.state")
\o ("In _axlResolveAXLPath" nil "$AXL_SETUPDB_DIR/test_states" "/cal/exterieurs/afonlupt-25/afonlupt/projetCD2IC/TSPCFF_LIB/TB_TSPCFF/adexl" "/cal/exterieurs/afonlupt-25/simulation")
\o ("resolvedPath is" "/cal/exterieurs/afonlupt-25/afonlupt/projetCD2IC/TSPCFF_LIB/TB_TSPCFF/adexl/test_states")
\o 
\o *Info*    The auto suspension is disabled.
\o 
\o 
\o 
\o 
\o 
\o 
\o *Info*    Run start for Point ID (6 17) on testbench [
\o           TSPCFF_LIB:TB_TSPCFF:1 ].
\o 
\o Resetting statistical vars
\o 
\o *Info*    Setting parameter values ...
\o 
\o Setting temp(T) = 27
\o Setting var tsetup = "573.6842105p"
\o Setting var wmn2 = "145n"
\o Setting var wmn4 = "145n"
\o Setting var wmp2 = "214n"
\o Setting var wmp5 = "214n"
\o 
\o *Info*    Netlist Directory =
\o           /cal/exterieurs/afonlupt-25/simulation/TSPCFF_LIB/TB_TSPCFF/adexl/results/data/Interactive.6/17/TSPCFF_LIB:TB_TSPCFF:1/netlist
\o 
\o 
\o *Info*    Data Directory    =
\o           /cal/exterieurs/afonlupt-25/simulation/TSPCFF_LIB/TB_TSPCFF/adexl/results/data/Interactive.6/17/TSPCFF_LIB:TB_TSPCFF:1
\o 
\o 
\o *Info*    Creating Netlist for Point ID (6 17)
\o 
\o generate netlist...
\o Begin Incremental Netlisting Nov 20 18:18:30 2025
\o End netlisting Nov 20 18:18:30 2025
\o 
\o 	The netlist is up to date.
\o 	Time taken to compare the design with netlist:   0.0s
\o       ...successful.
\o compose simulator input file...
\o       ...successful.
\o 
\o *Info*    Running simulation on testbench [ TSPCFF_LIB:TB_TSPCFF:1 ]
\o           for Point ID (6 17).
\o 
\o Delete psf data in /cal/exterieurs/afonlupt-25/simulation/TSPCFF_LIB/TB_TSPCFF/adexl/results/data/Interactive.6/17/TSPCFF_LIB:TB_TSPCFF:1/psf.
\o compose simulator input file...
\o       ...successful.
\o start simulator if needed...
\o       ...successful.
\o simulate...
\o To view the simulator output, right-click on the test name, result 
\o name, or any value in the "Results" tab of the Outputs section and 
\o choose "Output Log" menu option.
\o INFO (ADE-3071): Simulation completed successfully.
\o reading simulation data...
\o       ...successful.
\o *Info*    Client has finished evaluating ... 
\o 
\o 
\o *Info*    Run complete for Point ID (6 17) on testbench [
\o           TSPCFF_LIB:TB_TSPCFF:1 ].
\o 
\o 
\o 
\o 
\o 
\o Simulation design variables differ from those on the cellView,
\o they have been saved in the file "/tmp/saved-design-variables".
\o To save future changes, copy variables to cellView before exiting.
\o ("In _axlGetSessionWindow, window: " window:1)
\o ("In axlGetWindowSession" window:1 nil)
\o ("In _axlGetSessionWindow, window: " window:1)
\# Memory report: on exit            332 MB, process size 1,318 MB at UTC 2025.11.20 17:23:47.642
\# Memory report: peak usage         332 MB, process size 1,318 MB
