\# Program start time:     UTC 2025.11.27 16:06:13.718
\# Local time: CET (UTC+01:00) 2025.11.27 17:06:13.718
\o Program:		@(#)$CDS: virtuoso version 6.1.7-64b 09/01/2017 12:09 (sjfhw313) $
\o Hierarchy:		/comelec/softs/opt/Cadence/releases/IC617/tools.lnx86/dfII/
\o Sub version:		sub-version  IC6.1.7-64b.500.14  (64-bit addresses)
\# Command line:	/comelec/softs/opt/Cadence/releases/IC617/tools.lnx86/dfII/bin/64bit/virtuoso -noautostart -mpssession virtuoso2948920 -mpshost tp-3a107-06 -davinciService DaVinciService_2948920_1764255133 -log /cal/exterieurs/afonlupt-25/afonlupt/projetCD2IC/CDS_wk_dir2/logs_afonlupt-25/logs0/Job20.log -licenseLockFileName /cal/exterieurs/afonlupt-25/afonlupt/projetCD2IC/CDS_wk_dir2/.tmp_afonlupt-25/.tp-3a107-06_2948920 -nograph -nostdin -axlChildIdFlag 20
\# Host name (type):	tp-3a107-06 (x86_64)
\# Operating system:	Linux 6.1.0-41-amd64 #1 SMP PREEMPT_DYNAMIC Debian 6.1.158-1 (2025-11-09)
\# Linux /etc/issue:	Debian GNU/Linux 12 \n \l
\# X display name (WxH):	tp-3a107-06:80 (1024x868)
\# Available geometry:			TL(0:0) BR(1023:867)
\# X server:			RealVNC Ltd (VNC nograph server, PID 2983202)
\# Depth of Visual (Root):	16 (16)
\# Number of Planes Used:	16
\# X version:		11.0 (vendor release 3370)
\# X resource pool:	base 0x3000000, mask 0x3fffff (4194303), shift 0
\# 			current id 0x0, current max 0x3ffffa (4194298)
\# Max data seg size:	     unlimited
\# Max process size:	     unlimited
\# Initial sbrk value:	        478 MB
\# Available memory:	     13,261 MB
\# System memory:	     19,583 MB
\# Maximum memory size:	     19,201 MB
\# Max mem available:	     13,357 MB
\# Initial memory used:	         96 MB
\#        process size:	        951 MB
\# Thread usage limits (effective/default):	maxthreads 62496/62496 maxload 20.00/20.00
\# Qt version:		4.8.5
\# Window Manager:	other
\# User Name:		afonlupt-25
\o Working Directory:	tp-3a107-06:/cal/exterieurs/afonlupt-25/afonlupt/projetCD2IC/CDS_wk_dir2
\# Process Id:		3037848
\o 
\o COPYRIGHT (C) 1992-2017  CADENCE DESIGN SYSTEMS INC.  ALL RIGHTS RESERVED.
\o           (C) 1992-2017  UNIX SYSTEMS Laboratories INC.,
\o                          Reproduced with permission.
\o 
\o This Cadence Design Systems program and online documentation are
\o proprietary/confidential information and may be disclosed/used only
\o as authorized in a license agreement controlling such use and disclosure.
\o 
\o           RESTRICTED RIGHTS NOTICE (SHORT FORM)
\o Use/reproduction/disclosure is subject to restriction
\o set forth at FAR 1252.227-19 or its equivalent.
\o Loading geView.cxt 
\o Loading menuBuilder.cxt 
\o Loading schView.cxt 
\o Loading selectSv.cxt 
\o Loading wireEdit.cxt 
\o Loading pte2.cxt 
\o Loading xlUI.cxt 
\o Loading auCore.cxt 
\o Loading vhdl.cxt 
\o Loading seismic.cxt 
\o Loading ci.cxt 
\o Loading ams.cxt 
\o Loading oasis.cxt 
\o Loading analog.cxt 
\o Loading asimenv.cxt 
\o Loading socket.cxt 
\o Loading dal.cxt 
\o Loading awv.cxt 
\o Loading par.cxt 
\o Loading alvs.cxt 
\o Loading caa.cxt 
\o Loading adexlCore.cxt 
\o Loading adexl.cxt 
\o *Info*    Exporting services from client ... 
\o 
\o *INFO* (icLic-303) virtuoso: PID=3037848, Child Mode is true, ICPR Mode is true, Registration Timeout is 180 seconds, Communication Timeout is 180 seconds.
\o *Info*    Client has finished starting ... 
\o 
\p > 
\o Loading pe.cxt 
\a _treeSetOpcGUI(t)
\r t
\o Loading vqp.cxt 
\o 
\o 
\o *Info*    Configuring the session ...
\o 
\o 	Library      = TSPCFF_LIB
\o 	Cell         = TB_TSPCFF
\o 	View         = schematic
\o 	Simulator    = spectre
\o 	State Path   = $AXL_SETUPDB_DIR/test_states
\o 	State Name   = TSPCFF_LIB:TB_TSPCFF:1_tmpstate.143302914_Interactive.1
\o 	Results DB   = /cal/exterieurs/afonlupt-25/afonlupt/projetCD2IC/TSPCFF_LIB/TB_TSPCFF_bis/adexl/results/data/Interactive.1.rdb
\o 	Results Dir  = /cal/exterieurs/afonlupt-25/simulation/TSPCFF_LIB/TB_TSPCFF_bis/adexl/results/data/Interactive.1/268/TSPCFF_LIB:TB_TSPCFF:1
\o 	Results Loc  = /cal/exterieurs/afonlupt-25/simulation/TSPCFF_LIB/TB_TSPCFF_bis/adexl/results/data
\o 	Project Dir  = /cal/exterieurs/afonlupt-25/simulation
\o 	Setup DB loc = /cal/exterieurs/afonlupt-25/afonlupt/projetCD2IC/TSPCFF_LIB/TB_TSPCFF_bis/adexl
\o 	File Encoding = 0
\o 
\o 
\o Loading simui.cxt 
\o *INFO* (icLic-304) Start to connect to parent process (session=virtuoso2948920, host=tp-3a107-06). Total timeout is 180 seconds. Connection timeout is 90 seconds.
\o *INFO* (icLic-305) Step 1: Connecting to parent. Spent time is 0 seconds.
\o *INFO* (icLic-309) The registration of the child 3037848 within 90 seconds is being processed ...
\o *INFO* (icLic-310) The result of registration is true. Spend time is 0 seconds.
\o *INFO* (icLic-308) The end of connection. Result is true. Total spent time is 0 seconds.
\o Loading viva.cxt 
\o ("In _axlResolveAXLPath" nil "/cal/exterieurs/afonlupt-25/simulation/TSPCFF_LIB/TB_TSPCFF_bis/adexl/results/data/Interactive.1/268/TSPCFF_LIB:TB_TSPCFF:1" "/cal/exterieurs/afonlupt-25/afonlupt/projetCD2IC/TSPCFF_LIB/TB_TSPCFF_bis/adexl" "/cal/exterieurs/afonlupt-25/simulation")
\o ("resolvedPath is" "/cal/exterieurs/afonlupt-25/simulation/TSPCFF_LIB/TB_TSPCFF_bis/adexl/results/data/Interactive.1/268/TSPCFF_LIB:TB_TSPCFF:1")
\o Loading gpdk045/libInit.il ...
\o 	Loading gpdk045/loadCxt.ile ... done!
\o 	Loading context 'gpdk045' from library 'gpdk045' ... done!
\o 	Loading context 'pdkUtils' from library 'gpdk045' ... done!
\e 	Loading gpdk045/gpdk045_customFilter.il ... *Error* eval: unbound variable - axlRegisterCustomDeviceFilter
\o failed!
\o 	Loading gpdk045/libInitCustomExit.il ... 
\o 	Loading Environment Settings ...
\o 	Loading Model Management File ...
\o Loading spectrei.cxt 
\# Memory report: using         284 MB, process size 1,256 MB at UTC 2025.11.27 16:06:20.132
\o Loading devCheck.cxt 
\o Loading relXpert.cxt 
\o Loading hspiceD.cxt 
\o Loading spectreinl.cxt 
\o Loading UltraSim.cxt 
\o Loading msgHandler.cxt 
\o Loading AMSOSS.cxt 
\o Loading AMS.cxt 
\o 	Loading gpdk045/gpdk045_PDKRegistrations.il ... done!
\o 
\o   *************************************************************           
\o   *              Cadence Design Systems, Inc.                 *           
\o   *                                                           *           
\o   *                    Generic 45nm PDK                       *           
\o   *                        (gpdk045)                          *           
\o   *                                                           *           
\o   *************************************************************           
\o 	
\o 
\o 	VERSION: 4.0 (17-June-2014)
\o 
\o done!
\o Failed to load gpdk045/libInit.il successfully!("In _axlICRPResolveAXLPath" sevSession1 "$AXL_SETUPDB_DIR/test_states/TSPCFF_LIB:TB_TSPCFF:1_tmpstate.143302914_Interactive.1.state" "/cal/exterieurs/afonlupt-25/afonlupt/projetCD2IC/TSPCFF_LIB/TB_TSPCFF_bis/adexl" "/cal/exterieurs/afonlupt-25/simulation")
\o ("resolvedPath is" "/cal/exterieurs/afonlupt-25/afonlupt/projetCD2IC/TSPCFF_LIB/TB_TSPCFF_bis/adexl/test_states/TSPCFF_LIB:TB_TSPCFF:1_tmpstate.143302914_Interactive.1.state")
\o ("In _axlResolveAXLPath" nil "$AXL_SETUPDB_DIR/test_states" "/cal/exterieurs/afonlupt-25/afonlupt/projetCD2IC/TSPCFF_LIB/TB_TSPCFF_bis/adexl" "/cal/exterieurs/afonlupt-25/simulation")
\o ("resolvedPath is" "/cal/exterieurs/afonlupt-25/afonlupt/projetCD2IC/TSPCFF_LIB/TB_TSPCFF_bis/adexl/test_states")
\o 
\o *Info*    The auto suspension is disabled.
\o 
\o Loading monte.cxt 
\o 
\o 
\o 
\o 
\o 
\o *Info*    Run start for Point ID (1 271) on testbench [
\o           TSPCFF_LIB:TB_TSPCFF:1 ].
\o 
\o Resetting statistical vars
\o 
\o *Info*    Setting parameter values ...
\o 
\o Setting temp(T) = 27
\o Setting var tsetup = "150p"
\o Setting var wmn2 = "243.1578947n"
\o Setting var wmn4 = "243.1578947n"
\o Setting var wmp2 = "318.4210526n"
\o Setting var wmp5 = "318.4210526n"
\# Available memory:         13,157 MB at UTC 2025.11.27 16:06:23.334
\# Memory report: Maximum memory size now 13,471 MB at UTC 2025.11.27 16:06:23.334
\# Thread usage report: 21 active threads, active load 1.00 at UTC 2025.11.27 16:06:23.334
\o 
\o *Info*    Netlist Directory =
\o           /cal/exterieurs/afonlupt-25/simulation/TSPCFF_LIB/TB_TSPCFF_bis/adexl/results/data/Interactive.1/271/TSPCFF_LIB:TB_TSPCFF:1/netlist
\o 
\o 
\o *Info*    Data Directory    =
\o           /cal/exterieurs/afonlupt-25/simulation/TSPCFF_LIB/TB_TSPCFF_bis/adexl/results/data/Interactive.1/271/TSPCFF_LIB:TB_TSPCFF:1
\o 
\o 
\o *Info*    Creating Netlist for Point ID (1 271)
\o 
\o generate netlist...
\o Loading seCore.cxt 
\o Begin Incremental Netlisting Nov 27 17:06:23 2025
\o End netlisting Nov 27 17:06:23 2025
\o 
\o 	The netlist is up to date.
\o 	Time taken to compare the design with netlist:   0.0s
\o       ...successful.
\o compose simulator input file...
\o       ...successful.
\o 
\o *Info*    Running simulation on testbench [ TSPCFF_LIB:TB_TSPCFF:1 ]
\o           for Point ID (1 271).
\o 
\o Delete psf data in /cal/exterieurs/afonlupt-25/simulation/TSPCFF_LIB/TB_TSPCFF_bis/adexl/results/data/Interactive.1/271/TSPCFF_LIB:TB_TSPCFF:1/psf.
\o compose simulator input file...
\o       ...successful.
\o start simulator if needed...
\o       ...successful.
\o simulate...
\o To view the simulator output, right-click on the test name, result 
\o name, or any value in the "Results" tab of the Outputs section and 
\o choose "Output Log" menu option.
\o Loading paraplot.cxt 
\o INFO (ADE-3071): Simulation completed successfully.
\o reading simulation data...
\o       ...successful.
\o *Info*    Client has finished evaluating ... 
\o 
\o 
\o *Info*    Run complete for Point ID (1 271) on testbench [
\o           TSPCFF_LIB:TB_TSPCFF:1 ].
\o 
\o 
\o 
\o 
\o 
\o 
\o 
\o 
\o 
\o 
\o *Info*    Run start for Point ID (1 294) on testbench [
\o           TSPCFF_LIB:TB_TSPCFF:1 ].
\o 
\o Resetting statistical vars
\o 
\o *Info*    Setting parameter values ...
\o 
\o Setting var wmn2 = "262.1052632n"
\o Setting var wmn4 = "262.1052632n"
\o Setting var wmp2 = "323.6842105n"
\o Setting var wmp5 = "323.6842105n"
\o 
\o *Info*    Netlist Directory =
\o           /cal/exterieurs/afonlupt-25/simulation/TSPCFF_LIB/TB_TSPCFF_bis/adexl/results/data/Interactive.1/294/TSPCFF_LIB:TB_TSPCFF:1/netlist
\o 
\o 
\o *Info*    Data Directory    =
\o           /cal/exterieurs/afonlupt-25/simulation/TSPCFF_LIB/TB_TSPCFF_bis/adexl/results/data/Interactive.1/294/TSPCFF_LIB:TB_TSPCFF:1
\o 
\o 
\o *Info*    Creating Netlist for Point ID (1 294)
\o 
\o generate netlist...
\o Begin Incremental Netlisting Nov 27 17:06:30 2025
\o End netlisting Nov 27 17:06:30 2025
\o 
\o 	The netlist is up to date.
\o 	Time taken to compare the design with netlist:   0.0s
\o       ...successful.
\o compose simulator input file...
\o       ...successful.
\o 
\o *Info*    Running simulation on testbench [ TSPCFF_LIB:TB_TSPCFF:1 ]
\o           for Point ID (1 294).
\o 
\o Delete psf data in /cal/exterieurs/afonlupt-25/simulation/TSPCFF_LIB/TB_TSPCFF_bis/adexl/results/data/Interactive.1/294/TSPCFF_LIB:TB_TSPCFF:1/psf.
\o compose simulator input file...
\o       ...successful.
\o start simulator if needed...
\o       ...successful.
\o simulate...
\o To view the simulator output, right-click on the test name, result 
\o name, or any value in the "Results" tab of the Outputs section and 
\o choose "Output Log" menu option.
\o INFO (ADE-3071): Simulation completed successfully.
\o reading simulation data...
\o       ...successful.
\o *Info*    Client has finished evaluating ... 
\o 
\o 
\o *Info*    Run complete for Point ID (1 294) on testbench [
\o           TSPCFF_LIB:TB_TSPCFF:1 ].
\o 
\o 
\o 
\o 
\o 
\o 
\o 
\o 
\o 
\o 
\o *Info*    Run start for Point ID (1 314) on testbench [
\o           TSPCFF_LIB:TB_TSPCFF:1 ].
\o 
\o Resetting statistical vars
\o 
\o *Info*    Setting parameter values ...
\o 
\o Setting var wmp2 = "328.9473684n"
\o Setting var wmp5 = "328.9473684n"
\o 
\o *Info*    Netlist Directory =
\o           /cal/exterieurs/afonlupt-25/simulation/TSPCFF_LIB/TB_TSPCFF_bis/adexl/results/data/Interactive.1/314/TSPCFF_LIB:TB_TSPCFF:1/netlist
\o 
\o 
\o *Info*    Data Directory    =
\o           /cal/exterieurs/afonlupt-25/simulation/TSPCFF_LIB/TB_TSPCFF_bis/adexl/results/data/Interactive.1/314/TSPCFF_LIB:TB_TSPCFF:1
\o 
\o 
\o *Info*    Creating Netlist for Point ID (1 314)
\o 
\o generate netlist...
\o Begin Incremental Netlisting Nov 27 17:06:38 2025
\o End netlisting Nov 27 17:06:38 2025
\o 
\o 	The netlist is up to date.
\o 	Time taken to compare the design with netlist:   0.0s
\o       ...successful.
\o compose simulator input file...
\o       ...successful.
\o 
\o *Info*    Running simulation on testbench [ TSPCFF_LIB:TB_TSPCFF:1 ]
\o           for Point ID (1 314).
\o 
\o Delete psf data in /cal/exterieurs/afonlupt-25/simulation/TSPCFF_LIB/TB_TSPCFF_bis/adexl/results/data/Interactive.1/314/TSPCFF_LIB:TB_TSPCFF:1/psf.
\o compose simulator input file...
\o       ...successful.
\o start simulator if needed...
\o       ...successful.
\o simulate...
\o To view the simulator output, right-click on the test name, result 
\o name, or any value in the "Results" tab of the Outputs section and 
\o choose "Output Log" menu option.
\o INFO (ADE-3071): Simulation completed successfully.
\o reading simulation data...
\o       ...successful.
\o *Info*    Client has finished evaluating ... 
\o 
\o 
\o *Info*    Run complete for Point ID (1 314) on testbench [
\o           TSPCFF_LIB:TB_TSPCFF:1 ].
\o 
\o 
\o 
\o 
\o 
\o 
\o 
\o 
\o 
\o 
\o *Info*    Run start for Point ID (1 331) on testbench [
\o           TSPCFF_LIB:TB_TSPCFF:1 ].
\o 
\o Resetting statistical vars
\o 
\o *Info*    Setting parameter values ...
\o 
\o Setting var wmn2 = "243.1578947n"
\o Setting var wmn4 = "243.1578947n"
\o Setting var wmp2 = "334.2105263n"
\o Setting var wmp5 = "334.2105263n"
\o 
\o *Info*    Netlist Directory =
\o           /cal/exterieurs/afonlupt-25/simulation/TSPCFF_LIB/TB_TSPCFF_bis/adexl/results/data/Interactive.1/331/TSPCFF_LIB:TB_TSPCFF:1/netlist
\o 
\o 
\o *Info*    Data Directory    =
\o           /cal/exterieurs/afonlupt-25/simulation/TSPCFF_LIB/TB_TSPCFF_bis/adexl/results/data/Interactive.1/331/TSPCFF_LIB:TB_TSPCFF:1
\o 
\o 
\o *Info*    Creating Netlist for Point ID (1 331)
\o 
\o generate netlist...
\o Begin Incremental Netlisting Nov 27 17:06:46 2025
\o End netlisting Nov 27 17:06:46 2025
\o 
\o 	The netlist is up to date.
\o 	Time taken to compare the design with netlist:   0.0s
\o       ...successful.
\o compose simulator input file...
\o       ...successful.
\o 
\o *Info*    Running simulation on testbench [ TSPCFF_LIB:TB_TSPCFF:1 ]
\o           for Point ID (1 331).
\o 
\o Delete psf data in /cal/exterieurs/afonlupt-25/simulation/TSPCFF_LIB/TB_TSPCFF_bis/adexl/results/data/Interactive.1/331/TSPCFF_LIB:TB_TSPCFF:1/psf.
\o compose simulator input file...
\o       ...successful.
\o start simulator if needed...
\o       ...successful.
\o simulate...
\o To view the simulator output, right-click on the test name, result 
\o name, or any value in the "Results" tab of the Outputs section and 
\o choose "Output Log" menu option.
\o INFO (ADE-3071): Simulation completed successfully.
\o reading simulation data...
\o       ...successful.
\o *Info*    Client has finished evaluating ... 
\o 
\o 
\o *Info*    Run complete for Point ID (1 331) on testbench [
\o           TSPCFF_LIB:TB_TSPCFF:1 ].
\o 
\o 
\o 
\o 
\o 
\o 
\o 
\o 
\o 
\o 
\o *Info*    Run start for Point ID (1 352) on testbench [
\o           TSPCFF_LIB:TB_TSPCFF:1 ].
\o 
\o Resetting statistical vars
\o 
\o *Info*    Setting parameter values ...
\o 
\o Setting var wmn2 = "249.4736842n"
\o Setting var wmn4 = "249.4736842n"
\o Setting var wmp2 = "339.4736842n"
\o Setting var wmp5 = "339.4736842n"
\o 
\o *Info*    Netlist Directory =
\o           /cal/exterieurs/afonlupt-25/simulation/TSPCFF_LIB/TB_TSPCFF_bis/adexl/results/data/Interactive.1/352/TSPCFF_LIB:TB_TSPCFF:1/netlist
\o 
\o 
\o *Info*    Data Directory    =
\o           /cal/exterieurs/afonlupt-25/simulation/TSPCFF_LIB/TB_TSPCFF_bis/adexl/results/data/Interactive.1/352/TSPCFF_LIB:TB_TSPCFF:1
\o 
\o 
\o *Info*    Creating Netlist for Point ID (1 352)
\o 
\o generate netlist...
\o Begin Incremental Netlisting Nov 27 17:06:53 2025
\o End netlisting Nov 27 17:06:53 2025
\o 
\o 	The netlist is up to date.
\o 	Time taken to compare the design with netlist:   0.0s
\o       ...successful.
\o compose simulator input file...
\o       ...successful.
\o 
\o *Info*    Running simulation on testbench [ TSPCFF_LIB:TB_TSPCFF:1 ]
\o           for Point ID (1 352).
\o 
\o Delete psf data in /cal/exterieurs/afonlupt-25/simulation/TSPCFF_LIB/TB_TSPCFF_bis/adexl/results/data/Interactive.1/352/TSPCFF_LIB:TB_TSPCFF:1/psf.
\o compose simulator input file...
\o       ...successful.
\o start simulator if needed...
\o       ...successful.
\o simulate...
\o To view the simulator output, right-click on the test name, result 
\o name, or any value in the "Results" tab of the Outputs section and 
\o choose "Output Log" menu option.
\o INFO (ADE-3071): Simulation completed successfully.
\o reading simulation data...
\o       ...successful.
\o *Info*    Client has finished evaluating ... 
\o 
\o 
\o *Info*    Run complete for Point ID (1 352) on testbench [
\o           TSPCFF_LIB:TB_TSPCFF:1 ].
\o 
\o 
\o 
\o 
\o 
\o 
\o 
\o 
\o 
\o 
\o *Info*    Run start for Point ID (1 372) on testbench [
\o           TSPCFF_LIB:TB_TSPCFF:1 ].
\o 
\o Resetting statistical vars
\o 
\o *Info*    Setting parameter values ...
\o 
\o Setting var wmp2 = "344.7368421n"
\o Setting var wmp5 = "344.7368421n"
\o 
\o *Info*    Netlist Directory =
\o           /cal/exterieurs/afonlupt-25/simulation/TSPCFF_LIB/TB_TSPCFF_bis/adexl/results/data/Interactive.1/372/TSPCFF_LIB:TB_TSPCFF:1/netlist
\o 
\o 
\o *Info*    Data Directory    =
\o           /cal/exterieurs/afonlupt-25/simulation/TSPCFF_LIB/TB_TSPCFF_bis/adexl/results/data/Interactive.1/372/TSPCFF_LIB:TB_TSPCFF:1
\o 
\o 
\o *Info*    Creating Netlist for Point ID (1 372)
\o 
\o generate netlist...
\o Begin Incremental Netlisting Nov 27 17:07:00 2025
\o End netlisting Nov 27 17:07:00 2025
\o 
\o 	The netlist is up to date.
\o 	Time taken to compare the design with netlist:   0.0s
\o       ...successful.
\o compose simulator input file...
\o       ...successful.
\o 
\o *Info*    Running simulation on testbench [ TSPCFF_LIB:TB_TSPCFF:1 ]
\o           for Point ID (1 372).
\o 
\o Delete psf data in /cal/exterieurs/afonlupt-25/simulation/TSPCFF_LIB/TB_TSPCFF_bis/adexl/results/data/Interactive.1/372/TSPCFF_LIB:TB_TSPCFF:1/psf.
\o compose simulator input file...
\o       ...successful.
\o start simulator if needed...
\o       ...successful.
\o simulate...
\o To view the simulator output, right-click on the test name, result 
\o name, or any value in the "Results" tab of the Outputs section and 
\o choose "Output Log" menu option.
\o INFO (ADE-3071): Simulation completed successfully.
\o reading simulation data...
\o       ...successful.
\o *Info*    Client has finished evaluating ... 
\o 
\o 
\o *Info*    Run complete for Point ID (1 372) on testbench [
\o           TSPCFF_LIB:TB_TSPCFF:1 ].
\o 
\o 
\o 
\o 
\o 
\o 
\o 
\o 
\o 
\o 
\o *Info*    Run start for Point ID (1 394) on testbench [
\o           TSPCFF_LIB:TB_TSPCFF:1 ].
\o 
\o Resetting statistical vars
\o 
\o *Info*    Setting parameter values ...
\o 
\o Setting var wmn2 = "262.1052632n"
\o Setting var wmn4 = "262.1052632n"
\o Setting var wmp2 = "350n"
\o Setting var wmp5 = "350n"
\o 
\o *Info*    Netlist Directory =
\o           /cal/exterieurs/afonlupt-25/simulation/TSPCFF_LIB/TB_TSPCFF_bis/adexl/results/data/Interactive.1/394/TSPCFF_LIB:TB_TSPCFF:1/netlist
\o 
\o 
\o *Info*    Data Directory    =
\o           /cal/exterieurs/afonlupt-25/simulation/TSPCFF_LIB/TB_TSPCFF_bis/adexl/results/data/Interactive.1/394/TSPCFF_LIB:TB_TSPCFF:1
\o 
\o 
\o *Info*    Creating Netlist for Point ID (1 394)
\o 
\o generate netlist...
\o Begin Incremental Netlisting Nov 27 17:07:08 2025
\o End netlisting Nov 27 17:07:08 2025
\o 
\o 	The netlist is up to date.
\o 	Time taken to compare the design with netlist:   0.0s
\o       ...successful.
\o compose simulator input file...
\o       ...successful.
\o 
\o *Info*    Running simulation on testbench [ TSPCFF_LIB:TB_TSPCFF:1 ]
\o           for Point ID (1 394).
\o 
\o Delete psf data in /cal/exterieurs/afonlupt-25/simulation/TSPCFF_LIB/TB_TSPCFF_bis/adexl/results/data/Interactive.1/394/TSPCFF_LIB:TB_TSPCFF:1/psf.
\o compose simulator input file...
\o       ...successful.
\o start simulator if needed...
\o       ...successful.
\o simulate...
\o To view the simulator output, right-click on the test name, result 
\o name, or any value in the "Results" tab of the Outputs section and 
\o choose "Output Log" menu option.
\o INFO (ADE-3071): Simulation completed successfully.
\o reading simulation data...
\o       ...successful.
\o *Info*    Client has finished evaluating ... 
\o 
\o 
\o *Info*    Run complete for Point ID (1 394) on testbench [
\o           TSPCFF_LIB:TB_TSPCFF:1 ].
\o 
\o 
\o 
\o 
\o 
\o Simulation design variables differ from those on the cellView,
\o they have been saved in the file "/tmp/saved-design-variables".
\o To save future changes, copy variables to cellView before exiting.
\o ("In _axlGetSessionWindow, window: " window:1)
\o ("In axlGetWindowSession" window:1 nil)
\o ("In _axlGetSessionWindow, window: " window:1)
\# Memory report: on exit            330 MB, process size 1,316 MB at UTC 2025.11.27 16:12:21.194
\# Memory report: peak usage         330 MB, process size 1,316 MB
