\# Program start time:     UTC 2025.11.20 19:37:02.573
\# Local time: CET (UTC+01:00) 2025.11.20 20:37:02.573
\o Program:		@(#)$CDS: virtuoso version 6.1.7-64b 09/01/2017 12:09 (sjfhw313) $
\o Hierarchy:		/comelec/softs/opt/Cadence/releases/IC617/tools.lnx86/dfII/
\o Sub version:		sub-version  IC6.1.7-64b.500.14  (64-bit addresses)
\# Command line:	/comelec/softs/opt/Cadence/releases/IC617/tools.lnx86/dfII/bin/64bit/virtuoso -noautostart -mpssession virtuoso811080 -mpshost tp-3a107-06 -davinciService DaVinciService_811080_1763667369 -log /cal/exterieurs/afonlupt-25/afonlupt/projetCD2IC/CDS_wk_dir2/logs_afonlupt-25/logs0/Job3.log -licenseLockFileName /cal/exterieurs/afonlupt-25/afonlupt/projetCD2IC/CDS_wk_dir2/.tmp_afonlupt-25/.tp-3a107-06_811080 -nograph -nostdin -axlChildIdFlag 3
\# Host name (type):	tp-3a107-06 (x86_64)
\# Operating system:	Linux 6.1.0-41-amd64 #1 SMP PREEMPT_DYNAMIC Debian 6.1.158-1 (2025-11-09)
\# Linux /etc/issue:	Debian GNU/Linux 12 \n \l
\# X display name (WxH):	tp-3a107-06:80 (1024x868)
\# Available geometry:			TL(0:0) BR(1023:867)
\# X server:			RealVNC Ltd (VNC nograph server, PID 812046)
\# Depth of Visual (Root):	16 (16)
\# Number of Planes Used:	16
\# X version:		11.0 (vendor release 3370)
\# X resource pool:	base 0x1800000, mask 0x3fffff (4194303), shift 0
\# 			current id 0x0, current max 0x3ffffa (4194298)
\# Max data seg size:	     unlimited
\# Max process size:	     unlimited
\# Initial sbrk value:	      1,067 MB
\# Available memory:	     14,441 MB
\# System memory:	     19,583 MB
\# Maximum memory size:	     18,612 MB
\# Max mem available:	     14,538 MB
\# Initial memory used:	         96 MB
\#        process size:	        951 MB
\# Thread usage limits (effective/default):	maxthreads 62496/62496 maxload 20.00/20.00
\# Qt version:		4.8.5
\# Window Manager:	other
\# User Name:		afonlupt-25
\o Working Directory:	tp-3a107-06:/cal/exterieurs/afonlupt-25/afonlupt/projetCD2IC/CDS_wk_dir2
\# Process Id:		813860
\o 
\o COPYRIGHT (C) 1992-2017  CADENCE DESIGN SYSTEMS INC.  ALL RIGHTS RESERVED.
\o           (C) 1992-2017  UNIX SYSTEMS Laboratories INC.,
\o                          Reproduced with permission.
\o 
\o This Cadence Design Systems program and online documentation are
\o proprietary/confidential information and may be disclosed/used only
\o as authorized in a license agreement controlling such use and disclosure.
\o 
\o           RESTRICTED RIGHTS NOTICE (SHORT FORM)
\o Use/reproduction/disclosure is subject to restriction
\o set forth at FAR 1252.227-19 or its equivalent.
\o Loading geView.cxt 
\o Loading menuBuilder.cxt 
\o Loading schView.cxt 
\o Loading selectSv.cxt 
\o Loading wireEdit.cxt 
\o Loading pte2.cxt 
\o Loading xlUI.cxt 
\o Loading auCore.cxt 
\o Loading vhdl.cxt 
\o Loading seismic.cxt 
\o Loading ci.cxt 
\o Loading ams.cxt 
\o Loading oasis.cxt 
\o Loading analog.cxt 
\o Loading asimenv.cxt 
\o Loading socket.cxt 
\o Loading dal.cxt 
\o Loading awv.cxt 
\o Loading par.cxt 
\o Loading alvs.cxt 
\o Loading caa.cxt 
\o Loading adexlCore.cxt 
\o Loading adexl.cxt 
\o *Info*    Exporting services from client ... 
\o 
\o *INFO* (icLic-303) virtuoso: PID=813860, Child Mode is true, ICPR Mode is true, Registration Timeout is 180 seconds, Communication Timeout is 180 seconds.
\# Memory report: using         217 MB, process size 1,190 MB at UTC 2025.11.20 19:37:07.237
\o *Info*    Client has finished starting ... 
\o 
\p > 
\o Loading pe.cxt 
\a _treeSetOpcGUI(t)
\r t
\o Loading vqp.cxt 
\o 
\o 
\o *Info*    Configuring the session ...
\o 
\o 	Library      = TSPCFF_LIB
\o 	Cell         = TB_TSPCFF
\o 	View         = schematic
\o 	Simulator    = spectre
\o 	State Path   = $AXL_SETUPDB_DIR/test_states
\o 	State Name   = TSPCFF_LIB:TB_TSPCFF:1_tmpstate.315258528_Interactive.18
\o 	Results DB   = /cal/exterieurs/afonlupt-25/afonlupt/projetCD2IC/TSPCFF_LIB/TB_TSPCFF/adexl/results/data/Interactive.18.rdb
\o 	Results Dir  = /cal/exterieurs/afonlupt-25/simulation/TSPCFF_LIB/TB_TSPCFF/adexl/results/data/Interactive.18/6/TSPCFF_LIB:TB_TSPCFF:1
\o 	Results Loc  = /cal/exterieurs/afonlupt-25/simulation/TSPCFF_LIB/TB_TSPCFF/adexl/results/data
\o 	Project Dir  = /cal/exterieurs/afonlupt-25/simulation
\o 	Setup DB loc = /cal/exterieurs/afonlupt-25/afonlupt/projetCD2IC/TSPCFF_LIB/TB_TSPCFF/adexl
\o 	File Encoding = 0
\o 
\o 
\o Loading simui.cxt 
\o *INFO* (icLic-304) Start to connect to parent process (session=virtuoso811080, host=tp-3a107-06). Total timeout is 180 seconds. Connection timeout is 90 seconds.
\o *INFO* (icLic-305) Step 1: Connecting to parent. Spent time is 0 seconds.
\o *INFO* (icLic-309) The registration of the child 813860 within 90 seconds is being processed ...
\o *INFO* (icLic-310) The result of registration is true. Spend time is 0 seconds.
\o *INFO* (icLic-308) The end of connection. Result is true. Total spent time is 0 seconds.
\o Loading viva.cxt 
\o ("In _axlResolveAXLPath" nil "/cal/exterieurs/afonlupt-25/simulation/TSPCFF_LIB/TB_TSPCFF/adexl/results/data/Interactive.18/6/TSPCFF_LIB:TB_TSPCFF:1" "/cal/exterieurs/afonlupt-25/afonlupt/projetCD2IC/TSPCFF_LIB/TB_TSPCFF/adexl" "/cal/exterieurs/afonlupt-25/simulation")
\o ("resolvedPath is" "/cal/exterieurs/afonlupt-25/simulation/TSPCFF_LIB/TB_TSPCFF/adexl/results/data/Interactive.18/6/TSPCFF_LIB:TB_TSPCFF:1")
\o Loading gpdk045/libInit.il ...
\o 	Loading gpdk045/loadCxt.ile ... done!
\o 	Loading context 'gpdk045' from library 'gpdk045' ... done!
\o 	Loading context 'pdkUtils' from library 'gpdk045' ... done!
\e 	Loading gpdk045/gpdk045_customFilter.il ... *Error* eval: unbound variable - axlRegisterCustomDeviceFilter
\o failed!
\o 	Loading gpdk045/libInitCustomExit.il ... 
\o 	Loading Environment Settings ...
\o 	Loading Model Management File ...
\o Loading spectrei.cxt 
\o Loading devCheck.cxt 
\o Loading relXpert.cxt 
\o Loading hspiceD.cxt 
\o Loading spectreinl.cxt 
\o Loading UltraSim.cxt 
\o Loading msgHandler.cxt 
\o Loading AMSOSS.cxt 
\o Loading AMS.cxt 
\o 	Loading gpdk045/gpdk045_PDKRegistrations.il ... done!
\o 
\o   *************************************************************           
\o   *              Cadence Design Systems, Inc.                 *           
\o   *                                                           *           
\o   *                    Generic 45nm PDK                       *           
\o   *                        (gpdk045)                          *           
\o   *                                                           *           
\o   *************************************************************           
\o 	
\o 
\o 	VERSION: 4.0 (17-June-2014)
\o 
\o done!
\o Failed to load gpdk045/libInit.il successfully!("In _axlICRPResolveAXLPath" sevSession1 "$AXL_SETUPDB_DIR/test_states/TSPCFF_LIB:TB_TSPCFF:1_tmpstate.315258528_Interactive.18.state" "/cal/exterieurs/afonlupt-25/afonlupt/projetCD2IC/TSPCFF_LIB/TB_TSPCFF/adexl" "/cal/exterieurs/afonlupt-25/simulation")
\o ("resolvedPath is" "/cal/exterieurs/afonlupt-25/afonlupt/projetCD2IC/TSPCFF_LIB/TB_TSPCFF/adexl/test_states/TSPCFF_LIB:TB_TSPCFF:1_tmpstate.315258528_Interactive.18.state")
\o ("In _axlResolveAXLPath" nil "$AXL_SETUPDB_DIR/test_states" "/cal/exterieurs/afonlupt-25/afonlupt/projetCD2IC/TSPCFF_LIB/TB_TSPCFF/adexl" "/cal/exterieurs/afonlupt-25/simulation")
\o ("resolvedPath is" "/cal/exterieurs/afonlupt-25/afonlupt/projetCD2IC/TSPCFF_LIB/TB_TSPCFF/adexl/test_states")
\o 
\o *Info*    The auto suspension is disabled.
\o 
\o Loading monte.cxt 
\o 
\o 
\o 
\o 
\o 
\o *Info*    Run start for Point ID (0 14) on testbench [
\o           TSPCFF_LIB:TB_TSPCFF:1 ].
\o 
\o Resetting statistical vars
\o 
\o *Info*    Setting parameter values ...
\o 
\o Setting temp(T) = 27
\o Setting var tsetup = "150p"
\o Setting var wmn2 = "208.9473684n"
\o Setting var wmn4 = "208.9473684n"
\o Setting var wmp5 = "120n"
\o Setting var wmp2 = "120n"
\o 
\o *Info*    Netlist Directory =
\o           /cal/exterieurs/afonlupt-25/simulation/TSPCFF_LIB/TB_TSPCFF/adexl/results/data/Interactive.18/14/TSPCFF_LIB:TB_TSPCFF:1/netlist
\o 
\o 
\o *Info*    Data Directory    =
\o           /cal/exterieurs/afonlupt-25/simulation/TSPCFF_LIB/TB_TSPCFF/adexl/results/data/Interactive.18/14/TSPCFF_LIB:TB_TSPCFF:1
\o 
\o 
\o *Info*    Creating Netlist for Point ID (0 14)
\o 
\o generate netlist...
\o Loading seCore.cxt 
\o Begin Incremental Netlisting Nov 20 20:37:11 2025
\o End netlisting Nov 20 20:37:11 2025
\o 
\o 	The netlist is up to date.
\o 	Time taken to compare the design with netlist:   1.0s
\o       ...successful.
\o compose simulator input file...
\o       ...successful.
\o 
\o *Info*    Running simulation on testbench [ TSPCFF_LIB:TB_TSPCFF:1 ]
\o           for Point ID (0 14).
\o 
\o Delete psf data in /cal/exterieurs/afonlupt-25/simulation/TSPCFF_LIB/TB_TSPCFF/adexl/results/data/Interactive.18/14/TSPCFF_LIB:TB_TSPCFF:1/psf.
\o compose simulator input file...
\o       ...successful.
\o start simulator if needed...
\o       ...successful.
\o simulate...
\o To view the simulator output, right-click on the test name, result 
\o name, or any value in the "Results" tab of the Outputs section and 
\o choose "Output Log" menu option.
\o Loading paraplot.cxt 
\# Available memory:         14,398 MB at UTC 2025.11.20 19:37:12.743
\# Memory report: Maximum memory size now 14,722 MB at UTC 2025.11.20 19:37:12.743
\# Thread usage report: 21 active threads, active load 1.00 at UTC 2025.11.20 19:37:12.743
\# Memory report: using         324 MB, process size 1,310 MB at UTC 2025.11.20 19:37:12.743
\o INFO (ADE-3071): Simulation completed successfully.
\o reading simulation data...
\o       ...successful.
\o *Info*    Client has finished evaluating ... 
\o 
\o 
\o *Info*    Run complete for Point ID (0 14) on testbench [
\o           TSPCFF_LIB:TB_TSPCFF:1 ].
\o 
\o 
\o 
\o 
\o 
\o 
\o 
\o 
\o 
\o 
\o *Info*    Run start for Point ID (0 23) on testbench [
\o           TSPCFF_LIB:TB_TSPCFF:1 ].
\o 
\o Resetting statistical vars
\o 
\o *Info*    Setting parameter values ...
\o 
\o Setting var wmn2 = "133.6842105n"
\o Setting var wmn4 = "133.6842105n"
\o Setting var wmp5 = "132.1052632n"
\o Setting var wmp2 = "132.1052632n"
\o 
\o *Info*    Netlist Directory =
\o           /cal/exterieurs/afonlupt-25/simulation/TSPCFF_LIB/TB_TSPCFF/adexl/results/data/Interactive.18/23/TSPCFF_LIB:TB_TSPCFF:1/netlist
\o 
\o 
\o *Info*    Data Directory    =
\o           /cal/exterieurs/afonlupt-25/simulation/TSPCFF_LIB/TB_TSPCFF/adexl/results/data/Interactive.18/23/TSPCFF_LIB:TB_TSPCFF:1
\o 
\o 
\o *Info*    Creating Netlist for Point ID (0 23)
\o 
\o generate netlist...
\o Begin Incremental Netlisting Nov 20 20:37:17 2025
\o End netlisting Nov 20 20:37:18 2025
\o 
\o 	The netlist is up to date.
\o 	Time taken to compare the design with netlist:   1.0s
\o       ...successful.
\o compose simulator input file...
\o       ...successful.
\o 
\o *Info*    Running simulation on testbench [ TSPCFF_LIB:TB_TSPCFF:1 ]
\o           for Point ID (0 23).
\o 
\o Delete psf data in /cal/exterieurs/afonlupt-25/simulation/TSPCFF_LIB/TB_TSPCFF/adexl/results/data/Interactive.18/23/TSPCFF_LIB:TB_TSPCFF:1/psf.
\o compose simulator input file...
\o       ...successful.
\o start simulator if needed...
\o       ...successful.
\o simulate...
\o To view the simulator output, right-click on the test name, result 
\o name, or any value in the "Results" tab of the Outputs section and 
\o choose "Output Log" menu option.
\o INFO (ADE-3071): Simulation completed successfully.
\o reading simulation data...
\o       ...successful.
\o *Info*    Client has finished evaluating ... 
\o 
\o 
\o *Info*    Run complete for Point ID (0 23) on testbench [
\o           TSPCFF_LIB:TB_TSPCFF:1 ].
\o 
\o 
\o 
\o 
\o 
\o 
\o 
\o 
\o 
\o 
\o *Info*    Run start for Point ID (0 40) on testbench [
\o           TSPCFF_LIB:TB_TSPCFF:1 ].
\o 
\o Resetting statistical vars
\o 
\o *Info*    Setting parameter values ...
\o 
\o Setting var wmn2 = "250n"
\o Setting var wmn4 = "250n"
\o 
\o *Info*    Netlist Directory =
\o           /cal/exterieurs/afonlupt-25/simulation/TSPCFF_LIB/TB_TSPCFF/adexl/results/data/Interactive.18/40/TSPCFF_LIB:TB_TSPCFF:1/netlist
\o 
\o 
\o *Info*    Data Directory    =
\o           /cal/exterieurs/afonlupt-25/simulation/TSPCFF_LIB/TB_TSPCFF/adexl/results/data/Interactive.18/40/TSPCFF_LIB:TB_TSPCFF:1
\o 
\o 
\o *Info*    Creating Netlist for Point ID (0 40)
\o 
\o generate netlist...
\o Begin Incremental Netlisting Nov 20 20:37:24 2025
\o End netlisting Nov 20 20:37:24 2025
\o 
\o 	The netlist is up to date.
\o 	Time taken to compare the design with netlist:   0.0s
\o       ...successful.
\o compose simulator input file...
\o       ...successful.
\o 
\o *Info*    Running simulation on testbench [ TSPCFF_LIB:TB_TSPCFF:1 ]
\o           for Point ID (0 40).
\o 
\o Delete psf data in /cal/exterieurs/afonlupt-25/simulation/TSPCFF_LIB/TB_TSPCFF/adexl/results/data/Interactive.18/40/TSPCFF_LIB:TB_TSPCFF:1/psf.
\o compose simulator input file...
\o       ...successful.
\o start simulator if needed...
\o       ...successful.
\o simulate...
\o To view the simulator output, right-click on the test name, result 
\o name, or any value in the "Results" tab of the Outputs section and 
\o choose "Output Log" menu option.
\o INFO (ADE-3071): Simulation completed successfully.
\o reading simulation data...
\o       ...successful.
\o *Info*    Client has finished evaluating ... 
\o 
\o 
\o *Info*    Run complete for Point ID (0 40) on testbench [
\o           TSPCFF_LIB:TB_TSPCFF:1 ].
\o 
\o 
\o 
\o 
\o 
\o 
\o 
\o 
\o 
\o 
\o *Info*    Run start for Point ID (0 55) on testbench [
\o           TSPCFF_LIB:TB_TSPCFF:1 ].
\o 
\o Resetting statistical vars
\o 
\o *Info*    Setting parameter values ...
\o 
\o Setting var wmn2 = "215.7894737n"
\o Setting var wmn4 = "215.7894737n"
\o Setting var wmp5 = "144.2105263n"
\o Setting var wmp2 = "144.2105263n"
\o 
\o *Info*    Netlist Directory =
\o           /cal/exterieurs/afonlupt-25/simulation/TSPCFF_LIB/TB_TSPCFF/adexl/results/data/Interactive.18/55/TSPCFF_LIB:TB_TSPCFF:1/netlist
\o 
\o 
\o *Info*    Data Directory    =
\o           /cal/exterieurs/afonlupt-25/simulation/TSPCFF_LIB/TB_TSPCFF/adexl/results/data/Interactive.18/55/TSPCFF_LIB:TB_TSPCFF:1
\o 
\o 
\o *Info*    Creating Netlist for Point ID (0 55)
\o 
\o generate netlist...
\o Begin Incremental Netlisting Nov 20 20:37:30 2025
\o End netlisting Nov 20 20:37:30 2025
\o 
\o 	The netlist is up to date.
\o 	Time taken to compare the design with netlist:   0.0s
\o       ...successful.
\o compose simulator input file...
\o       ...successful.
\o 
\o *Info*    Running simulation on testbench [ TSPCFF_LIB:TB_TSPCFF:1 ]
\o           for Point ID (0 55).
\o 
\o Delete psf data in /cal/exterieurs/afonlupt-25/simulation/TSPCFF_LIB/TB_TSPCFF/adexl/results/data/Interactive.18/55/TSPCFF_LIB:TB_TSPCFF:1/psf.
\o compose simulator input file...
\o       ...successful.
\o start simulator if needed...
\o       ...successful.
\o simulate...
\o To view the simulator output, right-click on the test name, result 
\o name, or any value in the "Results" tab of the Outputs section and 
\o choose "Output Log" menu option.
\o INFO (ADE-3071): Simulation completed successfully.
\o reading simulation data...
\o       ...successful.
\o *Info*    Client has finished evaluating ... 
\o 
\o 
\o *Info*    Run complete for Point ID (0 55) on testbench [
\o           TSPCFF_LIB:TB_TSPCFF:1 ].
\o 
\o 
\o 
\o 
\o 
\o 
\o 
\o 
\o 
\o 
\o *Info*    Run start for Point ID (0 69) on testbench [
\o           TSPCFF_LIB:TB_TSPCFF:1 ].
\o 
\o Resetting statistical vars
\o 
\o *Info*    Setting parameter values ...
\o 
\o Setting var wmn2 = "174.7368421n"
\o Setting var wmn4 = "174.7368421n"
\o Setting var wmp5 = "156.3157895n"
\o Setting var wmp2 = "156.3157895n"
\o 
\o *Info*    Netlist Directory =
\o           /cal/exterieurs/afonlupt-25/simulation/TSPCFF_LIB/TB_TSPCFF/adexl/results/data/Interactive.18/69/TSPCFF_LIB:TB_TSPCFF:1/netlist
\o 
\o 
\o *Info*    Data Directory    =
\o           /cal/exterieurs/afonlupt-25/simulation/TSPCFF_LIB/TB_TSPCFF/adexl/results/data/Interactive.18/69/TSPCFF_LIB:TB_TSPCFF:1
\o 
\o 
\o *Info*    Creating Netlist for Point ID (0 69)
\o 
\o generate netlist...
\o Begin Incremental Netlisting Nov 20 20:37:36 2025
\o End netlisting Nov 20 20:37:36 2025
\o 
\o 	The netlist is up to date.
\o 	Time taken to compare the design with netlist:   0.0s
\o       ...successful.
\o compose simulator input file...
\o       ...successful.
\o 
\o *Info*    Running simulation on testbench [ TSPCFF_LIB:TB_TSPCFF:1 ]
\o           for Point ID (0 69).
\o 
\o Delete psf data in /cal/exterieurs/afonlupt-25/simulation/TSPCFF_LIB/TB_TSPCFF/adexl/results/data/Interactive.18/69/TSPCFF_LIB:TB_TSPCFF:1/psf.
\o compose simulator input file...
\o       ...successful.
\o start simulator if needed...
\o       ...successful.
\o simulate...
\o To view the simulator output, right-click on the test name, result 
\o name, or any value in the "Results" tab of the Outputs section and 
\o choose "Output Log" menu option.
\o INFO (ADE-3071): Simulation completed successfully.
\o reading simulation data...
\o       ...successful.
\o *Info*    Client has finished evaluating ... 
\o 
\o 
\o *Info*    Run complete for Point ID (0 69) on testbench [
\o           TSPCFF_LIB:TB_TSPCFF:1 ].
\o 
\o 
\o 
\o 
\o 
\o 
\o 
\o 
\o 
\o 
\o *Info*    Run start for Point ID (0 85) on testbench [
\o           TSPCFF_LIB:TB_TSPCFF:1 ].
\o 
\o Resetting statistical vars
\o 
\o *Info*    Setting parameter values ...
\o 
\o Setting var wmn2 = "147.3684211n"
\o Setting var wmn4 = "147.3684211n"
\o Setting var wmp5 = "168.4210526n"
\o Setting var wmp2 = "168.4210526n"
\o 
\o *Info*    Netlist Directory =
\o           /cal/exterieurs/afonlupt-25/simulation/TSPCFF_LIB/TB_TSPCFF/adexl/results/data/Interactive.18/85/TSPCFF_LIB:TB_TSPCFF:1/netlist
\o 
\o 
\o *Info*    Data Directory    =
\o           /cal/exterieurs/afonlupt-25/simulation/TSPCFF_LIB/TB_TSPCFF/adexl/results/data/Interactive.18/85/TSPCFF_LIB:TB_TSPCFF:1
\o 
\o 
\o *Info*    Creating Netlist for Point ID (0 85)
\o 
\o generate netlist...
\o Begin Incremental Netlisting Nov 20 20:37:42 2025
\o End netlisting Nov 20 20:37:42 2025
\o 
\o 	The netlist is up to date.
\o 	Time taken to compare the design with netlist:   0.0s
\o       ...successful.
\o compose simulator input file...
\o       ...successful.
\o 
\o *Info*    Running simulation on testbench [ TSPCFF_LIB:TB_TSPCFF:1 ]
\o           for Point ID (0 85).
\o 
\o Delete psf data in /cal/exterieurs/afonlupt-25/simulation/TSPCFF_LIB/TB_TSPCFF/adexl/results/data/Interactive.18/85/TSPCFF_LIB:TB_TSPCFF:1/psf.
\o compose simulator input file...
\o       ...successful.
\o start simulator if needed...
\o       ...successful.
\o simulate...
\o To view the simulator output, right-click on the test name, result 
\o name, or any value in the "Results" tab of the Outputs section and 
\o choose "Output Log" menu option.
\o INFO (ADE-3071): Simulation completed successfully.
\o reading simulation data...
\o       ...successful.
\o *Info*    Client has finished evaluating ... 
\o 
\o 
\o *Info*    Run complete for Point ID (0 85) on testbench [
\o           TSPCFF_LIB:TB_TSPCFF:1 ].
\o 
\o 
\o 
\o 
\o 
\o 
\o 
\o 
\o 
\o 
\o *Info*    Run start for Point ID (0 98) on testbench [
\o           TSPCFF_LIB:TB_TSPCFF:1 ].
\o 
\o Resetting statistical vars
\o 
\o *Info*    Setting parameter values ...
\o 
\o Setting var wmn2 = "236.3157895n"
\o Setting var wmn4 = "236.3157895n"
\o 
\o *Info*    Netlist Directory =
\o           /cal/exterieurs/afonlupt-25/simulation/TSPCFF_LIB/TB_TSPCFF/adexl/results/data/Interactive.18/98/TSPCFF_LIB:TB_TSPCFF:1/netlist
\o 
\o 
\o *Info*    Data Directory    =
\o           /cal/exterieurs/afonlupt-25/simulation/TSPCFF_LIB/TB_TSPCFF/adexl/results/data/Interactive.18/98/TSPCFF_LIB:TB_TSPCFF:1
\o 
\o 
\o *Info*    Creating Netlist for Point ID (0 98)
\o 
\o generate netlist...
\o Begin Incremental Netlisting Nov 20 20:37:48 2025
\o End netlisting Nov 20 20:37:48 2025
\o 
\o 	The netlist is up to date.
\o 	Time taken to compare the design with netlist:   0.0s
\o       ...successful.
\o compose simulator input file...
\o       ...successful.
\o 
\o *Info*    Running simulation on testbench [ TSPCFF_LIB:TB_TSPCFF:1 ]
\o           for Point ID (0 98).
\o 
\o Delete psf data in /cal/exterieurs/afonlupt-25/simulation/TSPCFF_LIB/TB_TSPCFF/adexl/results/data/Interactive.18/98/TSPCFF_LIB:TB_TSPCFF:1/psf.
\o compose simulator input file...
\o       ...successful.
\o start simulator if needed...
\o       ...successful.
\o simulate...
\o To view the simulator output, right-click on the test name, result 
\o name, or any value in the "Results" tab of the Outputs section and 
\o choose "Output Log" menu option.
\o INFO (ADE-3071): Simulation completed successfully.
\o reading simulation data...
\o       ...successful.
\o *Info*    Client has finished evaluating ... 
\o 
\o 
\o *Info*    Run complete for Point ID (0 98) on testbench [
\o           TSPCFF_LIB:TB_TSPCFF:1 ].
\o 
\o 
\o 
\o 
\o 
\o 
\o 
\o 
\o 
\o 
\o *Info*    Run start for Point ID (0 113) on testbench [
\o           TSPCFF_LIB:TB_TSPCFF:1 ].
\o 
\o Resetting statistical vars
\o 
\o *Info*    Setting parameter values ...
\o 
\o Setting var wmn2 = "202.1052632n"
\o Setting var wmn4 = "202.1052632n"
\o Setting var wmp5 = "180.5263158n"
\o Setting var wmp2 = "180.5263158n"
\o 
\o *Info*    Netlist Directory =
\o           /cal/exterieurs/afonlupt-25/simulation/TSPCFF_LIB/TB_TSPCFF/adexl/results/data/Interactive.18/113/TSPCFF_LIB:TB_TSPCFF:1/netlist
\o 
\o 
\o *Info*    Data Directory    =
\o           /cal/exterieurs/afonlupt-25/simulation/TSPCFF_LIB/TB_TSPCFF/adexl/results/data/Interactive.18/113/TSPCFF_LIB:TB_TSPCFF:1
\o 
\o 
\o *Info*    Creating Netlist for Point ID (0 113)
\o 
\o generate netlist...
\o Begin Incremental Netlisting Nov 20 20:37:54 2025
\o End netlisting Nov 20 20:37:54 2025
\o 
\o 	The netlist is up to date.
\o 	Time taken to compare the design with netlist:   0.0s
\o       ...successful.
\o compose simulator input file...
\o       ...successful.
\o 
\o *Info*    Running simulation on testbench [ TSPCFF_LIB:TB_TSPCFF:1 ]
\o           for Point ID (0 113).
\o 
\o Delete psf data in /cal/exterieurs/afonlupt-25/simulation/TSPCFF_LIB/TB_TSPCFF/adexl/results/data/Interactive.18/113/TSPCFF_LIB:TB_TSPCFF:1/psf.
\o compose simulator input file...
\o       ...successful.
\o start simulator if needed...
\o       ...successful.
\o simulate...
\o To view the simulator output, right-click on the test name, result 
\o name, or any value in the "Results" tab of the Outputs section and 
\o choose "Output Log" menu option.
\o INFO (ADE-3071): Simulation completed successfully.
\o reading simulation data...
\o       ...successful.
\o *Info*    Client has finished evaluating ... 
\o 
\o 
\o *Info*    Run complete for Point ID (0 113) on testbench [
\o           TSPCFF_LIB:TB_TSPCFF:1 ].
\o 
\o 
\o 
\o 
\o 
\o 
\o 
\o 
\o 
\o 
\o *Info*    Run start for Point ID (0 128) on testbench [
\o           TSPCFF_LIB:TB_TSPCFF:1 ].
\o 
\o Resetting statistical vars
\o 
\o *Info*    Setting parameter values ...
\o 
\o Setting var wmn2 = "167.8947368n"
\o Setting var wmn4 = "167.8947368n"
\o Setting var wmp5 = "192.6315789n"
\o Setting var wmp2 = "192.6315789n"
\o 
\o *Info*    Netlist Directory =
\o           /cal/exterieurs/afonlupt-25/simulation/TSPCFF_LIB/TB_TSPCFF/adexl/results/data/Interactive.18/128/TSPCFF_LIB:TB_TSPCFF:1/netlist
\o 
\o 
\o *Info*    Data Directory    =
\o           /cal/exterieurs/afonlupt-25/simulation/TSPCFF_LIB/TB_TSPCFF/adexl/results/data/Interactive.18/128/TSPCFF_LIB:TB_TSPCFF:1
\o 
\o 
\o *Info*    Creating Netlist for Point ID (0 128)
\o 
\o generate netlist...
\o Begin Incremental Netlisting Nov 20 20:38:00 2025
\o End netlisting Nov 20 20:38:00 2025
\o 
\o 	The netlist is up to date.
\o 	Time taken to compare the design with netlist:   0.0s
\o       ...successful.
\o compose simulator input file...
\o       ...successful.
\o 
\o *Info*    Running simulation on testbench [ TSPCFF_LIB:TB_TSPCFF:1 ]
\o           for Point ID (0 128).
\o 
\o Delete psf data in /cal/exterieurs/afonlupt-25/simulation/TSPCFF_LIB/TB_TSPCFF/adexl/results/data/Interactive.18/128/TSPCFF_LIB:TB_TSPCFF:1/psf.
\o compose simulator input file...
\o       ...successful.
\o start simulator if needed...
\o       ...successful.
\o simulate...
\o To view the simulator output, right-click on the test name, result 
\o name, or any value in the "Results" tab of the Outputs section and 
\o choose "Output Log" menu option.
\o INFO (ADE-3071): Simulation completed successfully.
\o reading simulation data...
\o       ...successful.
\o *Info*    Client has finished evaluating ... 
\o 
\o 
\o *Info*    Run complete for Point ID (0 128) on testbench [
\o           TSPCFF_LIB:TB_TSPCFF:1 ].
\o 
\o 
\o 
\o 
\o 
\o 
\o 
\o 
\o 
\o 
\o *Info*    Run start for Point ID (0 142) on testbench [
\o           TSPCFF_LIB:TB_TSPCFF:1 ].
\o 
\o Resetting statistical vars
\o 
\o *Info*    Setting parameter values ...
\o 
\o Setting var wmn2 = "126.8421053n"
\o Setting var wmn4 = "126.8421053n"
\o Setting var wmp5 = "204.7368421n"
\o Setting var wmp2 = "204.7368421n"
\o 
\o *Info*    Netlist Directory =
\o           /cal/exterieurs/afonlupt-25/simulation/TSPCFF_LIB/TB_TSPCFF/adexl/results/data/Interactive.18/142/TSPCFF_LIB:TB_TSPCFF:1/netlist
\o 
\o 
\o *Info*    Data Directory    =
\o           /cal/exterieurs/afonlupt-25/simulation/TSPCFF_LIB/TB_TSPCFF/adexl/results/data/Interactive.18/142/TSPCFF_LIB:TB_TSPCFF:1
\o 
\o 
\o *Info*    Creating Netlist for Point ID (0 142)
\o 
\o generate netlist...
\o Begin Incremental Netlisting Nov 20 20:38:13 2025
\o End netlisting Nov 20 20:38:14 2025
\o 
\o 	The netlist is up to date.
\o 	Time taken to compare the design with netlist:   1.0s
\o       ...successful.
\o compose simulator input file...
\o       ...successful.
\o 
\o *Info*    Running simulation on testbench [ TSPCFF_LIB:TB_TSPCFF:1 ]
\o           for Point ID (0 142).
\o 
\o Delete psf data in /cal/exterieurs/afonlupt-25/simulation/TSPCFF_LIB/TB_TSPCFF/adexl/results/data/Interactive.18/142/TSPCFF_LIB:TB_TSPCFF:1/psf.
\o compose simulator input file...
\o       ...successful.
\o start simulator if needed...
\o       ...successful.
\o simulate...
\o To view the simulator output, right-click on the test name, result 
\o name, or any value in the "Results" tab of the Outputs section and 
\o choose "Output Log" menu option.
\o INFO (ADE-3071): Simulation completed successfully.
\o reading simulation data...
\o       ...successful.
\o *Info*    Client has finished evaluating ... 
\o 
\o 
\o *Info*    Run complete for Point ID (0 142) on testbench [
\o           TSPCFF_LIB:TB_TSPCFF:1 ].
\o 
\o 
\o 
\o 
\o 
\o 
\o 
\o 
\o 
\o 
\o *Info*    Run start for Point ID (0 157) on testbench [
\o           TSPCFF_LIB:TB_TSPCFF:1 ].
\o 
\o Resetting statistical vars
\o 
\o *Info*    Setting parameter values ...
\o 
\o Setting var wmn2 = "229.4736842n"
\o Setting var wmn4 = "229.4736842n"
\o 
\o *Info*    Netlist Directory =
\o           /cal/exterieurs/afonlupt-25/simulation/TSPCFF_LIB/TB_TSPCFF/adexl/results/data/Interactive.18/157/TSPCFF_LIB:TB_TSPCFF:1/netlist
\o 
\o 
\o *Info*    Data Directory    =
\o           /cal/exterieurs/afonlupt-25/simulation/TSPCFF_LIB/TB_TSPCFF/adexl/results/data/Interactive.18/157/TSPCFF_LIB:TB_TSPCFF:1
\o 
\o 
\o *Info*    Creating Netlist for Point ID (0 157)
\o 
\o generate netlist...
\o Begin Incremental Netlisting Nov 20 20:38:38 2025
\o End netlisting Nov 20 20:38:38 2025
\o 
\o 	The netlist is up to date.
\o 	Time taken to compare the design with netlist:   0.0s
\o       ...successful.
\o compose simulator input file...
\o       ...successful.
\o 
\o *Info*    Running simulation on testbench [ TSPCFF_LIB:TB_TSPCFF:1 ]
\o           for Point ID (0 157).
\o 
\o Delete psf data in /cal/exterieurs/afonlupt-25/simulation/TSPCFF_LIB/TB_TSPCFF/adexl/results/data/Interactive.18/157/TSPCFF_LIB:TB_TSPCFF:1/psf.
\o compose simulator input file...
\o       ...successful.
\o start simulator if needed...
\o       ...successful.
\o simulate...
\o To view the simulator output, right-click on the test name, result 
\o name, or any value in the "Results" tab of the Outputs section and 
\o choose "Output Log" menu option.
\o INFO (ADE-3071): Simulation completed successfully.
\o reading simulation data...
\o       ...successful.
\o *Info*    Client has finished evaluating ... 
\o 
\o 
\o *Info*    Run complete for Point ID (0 157) on testbench [
\o           TSPCFF_LIB:TB_TSPCFF:1 ].
\o 
\o 
\o 
\o 
\o 
\o 
\o 
\o 
\o 
\o 
\o *Info*    Run start for Point ID (0 171) on testbench [
\o           TSPCFF_LIB:TB_TSPCFF:1 ].
\o 
\o Resetting statistical vars
\o 
\o *Info*    Setting parameter values ...
\o 
\o Setting var wmn2 = "188.4210526n"
\o Setting var wmn4 = "188.4210526n"
\o Setting var wmp5 = "216.8421053n"
\o Setting var wmp2 = "216.8421053n"
\o 
\o *Info*    Netlist Directory =
\o           /cal/exterieurs/afonlupt-25/simulation/TSPCFF_LIB/TB_TSPCFF/adexl/results/data/Interactive.18/171/TSPCFF_LIB:TB_TSPCFF:1/netlist
\o 
\o 
\o *Info*    Data Directory    =
\o           /cal/exterieurs/afonlupt-25/simulation/TSPCFF_LIB/TB_TSPCFF/adexl/results/data/Interactive.18/171/TSPCFF_LIB:TB_TSPCFF:1
\o 
\o 
\o *Info*    Creating Netlist for Point ID (0 171)
\o 
\o generate netlist...
\o Begin Incremental Netlisting Nov 20 20:38:47 2025
\o End netlisting Nov 20 20:38:47 2025
\o 
\o 	The netlist is up to date.
\o 	Time taken to compare the design with netlist:   0.0s
\o       ...successful.
\o compose simulator input file...
\o       ...successful.
\o 
\o *Info*    Running simulation on testbench [ TSPCFF_LIB:TB_TSPCFF:1 ]
\o           for Point ID (0 171).
\o 
\o Delete psf data in /cal/exterieurs/afonlupt-25/simulation/TSPCFF_LIB/TB_TSPCFF/adexl/results/data/Interactive.18/171/TSPCFF_LIB:TB_TSPCFF:1/psf.
\o compose simulator input file...
\o       ...successful.
\o start simulator if needed...
\o       ...successful.
\o simulate...
\o To view the simulator output, right-click on the test name, result 
\o name, or any value in the "Results" tab of the Outputs section and 
\o choose "Output Log" menu option.
\o INFO (ADE-3071): Simulation completed successfully.
\o reading simulation data...
\o       ...successful.
\o *Info*    Client has finished evaluating ... 
\o 
\o 
\o *Info*    Run complete for Point ID (0 171) on testbench [
\o           TSPCFF_LIB:TB_TSPCFF:1 ].
\o 
\o 
\o 
\o 
\o 
\o 
\o 
\o 
\o 
\o 
\o *Info*    Run start for Point ID (0 188) on testbench [
\o           TSPCFF_LIB:TB_TSPCFF:1 ].
\o 
\o Resetting statistical vars
\o 
\o *Info*    Setting parameter values ...
\o 
\o Setting var wmn2 = "167.8947368n"
\o Setting var wmn4 = "167.8947368n"
\o Setting var wmp5 = "228.9473684n"
\o Setting var wmp2 = "228.9473684n"
\o 
\o *Info*    Netlist Directory =
\o           /cal/exterieurs/afonlupt-25/simulation/TSPCFF_LIB/TB_TSPCFF/adexl/results/data/Interactive.18/188/TSPCFF_LIB:TB_TSPCFF:1/netlist
\o 
\o 
\o *Info*    Data Directory    =
\o           /cal/exterieurs/afonlupt-25/simulation/TSPCFF_LIB/TB_TSPCFF/adexl/results/data/Interactive.18/188/TSPCFF_LIB:TB_TSPCFF:1
\o 
\o 
\o *Info*    Creating Netlist for Point ID (0 188)
\o 
\o generate netlist...
\o Begin Incremental Netlisting Nov 20 20:38:55 2025
\o End netlisting Nov 20 20:38:55 2025
\o 
\o 	The netlist is up to date.
\o 	Time taken to compare the design with netlist:   0.0s
\o       ...successful.
\o compose simulator input file...
\o       ...successful.
\o 
\o *Info*    Running simulation on testbench [ TSPCFF_LIB:TB_TSPCFF:1 ]
\o           for Point ID (0 188).
\o 
\o Delete psf data in /cal/exterieurs/afonlupt-25/simulation/TSPCFF_LIB/TB_TSPCFF/adexl/results/data/Interactive.18/188/TSPCFF_LIB:TB_TSPCFF:1/psf.
\o compose simulator input file...
\o       ...successful.
\o start simulator if needed...
\o       ...successful.
\o simulate...
\o To view the simulator output, right-click on the test name, result 
\o name, or any value in the "Results" tab of the Outputs section and 
\o choose "Output Log" menu option.
\o INFO (ADE-3071): Simulation completed successfully.
\o reading simulation data...
\o       ...successful.
\o *Info*    Client has finished evaluating ... 
\o 
\o 
\o *Info*    Run complete for Point ID (0 188) on testbench [
\o           TSPCFF_LIB:TB_TSPCFF:1 ].
\o 
\o 
\o 
\o 
\o 
\o 
\o 
\o 
\o 
\o 
\o *Info*    Run start for Point ID (0 201) on testbench [
\o           TSPCFF_LIB:TB_TSPCFF:1 ].
\o 
\o Resetting statistical vars
\o 
\o *Info*    Setting parameter values ...
\o 
\o Setting var wmn2 = "120n"
\o Setting var wmn4 = "120n"
\o Setting var wmp5 = "241.0526316n"
\o Setting var wmp2 = "241.0526316n"
\o 
\o *Info*    Netlist Directory =
\o           /cal/exterieurs/afonlupt-25/simulation/TSPCFF_LIB/TB_TSPCFF/adexl/results/data/Interactive.18/201/TSPCFF_LIB:TB_TSPCFF:1/netlist
\o 
\o 
\o *Info*    Data Directory    =
\o           /cal/exterieurs/afonlupt-25/simulation/TSPCFF_LIB/TB_TSPCFF/adexl/results/data/Interactive.18/201/TSPCFF_LIB:TB_TSPCFF:1
\o 
\o 
\o *Info*    Creating Netlist for Point ID (0 201)
\o 
\o generate netlist...
\o Begin Incremental Netlisting Nov 20 20:39:01 2025
\o End netlisting Nov 20 20:39:01 2025
\o 
\o 	The netlist is up to date.
\o 	Time taken to compare the design with netlist:   0.0s
\o       ...successful.
\o compose simulator input file...
\o       ...successful.
\o 
\o *Info*    Running simulation on testbench [ TSPCFF_LIB:TB_TSPCFF:1 ]
\o           for Point ID (0 201).
\o 
\o Delete psf data in /cal/exterieurs/afonlupt-25/simulation/TSPCFF_LIB/TB_TSPCFF/adexl/results/data/Interactive.18/201/TSPCFF_LIB:TB_TSPCFF:1/psf.
\o compose simulator input file...
\o       ...successful.
\o start simulator if needed...
\o       ...successful.
\o simulate...
\o To view the simulator output, right-click on the test name, result 
\o name, or any value in the "Results" tab of the Outputs section and 
\o choose "Output Log" menu option.
\o INFO (ADE-3071): Simulation completed successfully.
\o reading simulation data...
\o       ...successful.
\o *Info*    Client has finished evaluating ... 
\o 
\o 
\o *Info*    Run complete for Point ID (0 201) on testbench [
\o           TSPCFF_LIB:TB_TSPCFF:1 ].
\o 
\o 
\o 
\o 
\o 
\o 
\o 
\o 
\o 
\o 
\o *Info*    Run start for Point ID (0 218) on testbench [
\o           TSPCFF_LIB:TB_TSPCFF:1 ].
\o 
\o Resetting statistical vars
\o 
\o *Info*    Setting parameter values ...
\o 
\o Setting var wmn2 = "236.3157895n"
\o Setting var wmn4 = "236.3157895n"
\o 
\o *Info*    Netlist Directory =
\o           /cal/exterieurs/afonlupt-25/simulation/TSPCFF_LIB/TB_TSPCFF/adexl/results/data/Interactive.18/218/TSPCFF_LIB:TB_TSPCFF:1/netlist
\o 
\o 
\o *Info*    Data Directory    =
\o           /cal/exterieurs/afonlupt-25/simulation/TSPCFF_LIB/TB_TSPCFF/adexl/results/data/Interactive.18/218/TSPCFF_LIB:TB_TSPCFF:1
\o 
\o 
\o *Info*    Creating Netlist for Point ID (0 218)
\o 
\o generate netlist...
\o Begin Incremental Netlisting Nov 20 20:39:09 2025
\o End netlisting Nov 20 20:39:09 2025
\o 
\o 	The netlist is up to date.
\o 	Time taken to compare the design with netlist:   0.0s
\o       ...successful.
\o compose simulator input file...
\o       ...successful.
\o 
\o *Info*    Running simulation on testbench [ TSPCFF_LIB:TB_TSPCFF:1 ]
\o           for Point ID (0 218).
\o 
\o Delete psf data in /cal/exterieurs/afonlupt-25/simulation/TSPCFF_LIB/TB_TSPCFF/adexl/results/data/Interactive.18/218/TSPCFF_LIB:TB_TSPCFF:1/psf.
\o compose simulator input file...
\o       ...successful.
\o start simulator if needed...
\o       ...successful.
\o simulate...
\o To view the simulator output, right-click on the test name, result 
\o name, or any value in the "Results" tab of the Outputs section and 
\o choose "Output Log" menu option.
\o INFO (ADE-3071): Simulation completed successfully.
\o reading simulation data...
\o       ...successful.
\o *Info*    Client has finished evaluating ... 
\o 
\o 
\o *Info*    Run complete for Point ID (0 218) on testbench [
\o           TSPCFF_LIB:TB_TSPCFF:1 ].
\o 
\o 
\o 
\o 
\o 
\o 
\o 
\o 
\o 
\o 
\o *Info*    Run start for Point ID (0 233) on testbench [
\o           TSPCFF_LIB:TB_TSPCFF:1 ].
\o 
\o Resetting statistical vars
\o 
\o *Info*    Setting parameter values ...
\o 
\o Setting var wmn2 = "202.1052632n"
\o Setting var wmn4 = "202.1052632n"
\o Setting var wmp5 = "253.1578947n"
\o Setting var wmp2 = "253.1578947n"
\o 
\o *Info*    Netlist Directory =
\o           /cal/exterieurs/afonlupt-25/simulation/TSPCFF_LIB/TB_TSPCFF/adexl/results/data/Interactive.18/233/TSPCFF_LIB:TB_TSPCFF:1/netlist
\o 
\o 
\o *Info*    Data Directory    =
\o           /cal/exterieurs/afonlupt-25/simulation/TSPCFF_LIB/TB_TSPCFF/adexl/results/data/Interactive.18/233/TSPCFF_LIB:TB_TSPCFF:1
\o 
\o 
\o *Info*    Creating Netlist for Point ID (0 233)
\o 
\o generate netlist...
\o Begin Incremental Netlisting Nov 20 20:39:16 2025
\o End netlisting Nov 20 20:39:16 2025
\o 
\o 	The netlist is up to date.
\o 	Time taken to compare the design with netlist:   0.0s
\o       ...successful.
\o compose simulator input file...
\o       ...successful.
\o 
\o *Info*    Running simulation on testbench [ TSPCFF_LIB:TB_TSPCFF:1 ]
\o           for Point ID (0 233).
\o 
\o Delete psf data in /cal/exterieurs/afonlupt-25/simulation/TSPCFF_LIB/TB_TSPCFF/adexl/results/data/Interactive.18/233/TSPCFF_LIB:TB_TSPCFF:1/psf.
\o compose simulator input file...
\o       ...successful.
\o start simulator if needed...
\o       ...successful.
\o simulate...
\o To view the simulator output, right-click on the test name, result 
\o name, or any value in the "Results" tab of the Outputs section and 
\o choose "Output Log" menu option.
\o INFO (ADE-3071): Simulation completed successfully.
\o reading simulation data...
\o       ...successful.
\o *Info*    Client has finished evaluating ... 
\o 
\o 
\o *Info*    Run complete for Point ID (0 233) on testbench [
\o           TSPCFF_LIB:TB_TSPCFF:1 ].
\o 
\o 
\o 
\o 
\o 
\o 
\o 
\o 
\o 
\o 
\o *Info*    Run start for Point ID (0 249) on testbench [
\o           TSPCFF_LIB:TB_TSPCFF:1 ].
\o 
\o Resetting statistical vars
\o 
\o *Info*    Setting parameter values ...
\o 
\o Setting var wmn2 = "174.7368421n"
\o Setting var wmn4 = "174.7368421n"
\o Setting var wmp5 = "265.2631579n"
\o Setting var wmp2 = "265.2631579n"
\o 
\o *Info*    Netlist Directory =
\o           /cal/exterieurs/afonlupt-25/simulation/TSPCFF_LIB/TB_TSPCFF/adexl/results/data/Interactive.18/249/TSPCFF_LIB:TB_TSPCFF:1/netlist
\o 
\o 
\o *Info*    Data Directory    =
\o           /cal/exterieurs/afonlupt-25/simulation/TSPCFF_LIB/TB_TSPCFF/adexl/results/data/Interactive.18/249/TSPCFF_LIB:TB_TSPCFF:1
\o 
\o 
\o *Info*    Creating Netlist for Point ID (0 249)
\o 
\o generate netlist...
\o Begin Incremental Netlisting Nov 20 20:39:22 2025
\o End netlisting Nov 20 20:39:22 2025
\o 
\o 	The netlist is up to date.
\o 	Time taken to compare the design with netlist:   0.0s
\o       ...successful.
\o compose simulator input file...
\o       ...successful.
\o 
\o *Info*    Running simulation on testbench [ TSPCFF_LIB:TB_TSPCFF:1 ]
\o           for Point ID (0 249).
\o 
\o Delete psf data in /cal/exterieurs/afonlupt-25/simulation/TSPCFF_LIB/TB_TSPCFF/adexl/results/data/Interactive.18/249/TSPCFF_LIB:TB_TSPCFF:1/psf.
\o compose simulator input file...
\o       ...successful.
\o start simulator if needed...
\o       ...successful.
\o simulate...
\o To view the simulator output, right-click on the test name, result 
\o name, or any value in the "Results" tab of the Outputs section and 
\o choose "Output Log" menu option.
\o INFO (ADE-3071): Simulation completed successfully.
\o reading simulation data...
\o       ...successful.
\o *Info*    Client has finished evaluating ... 
\o 
\o 
\o *Info*    Run complete for Point ID (0 249) on testbench [
\o           TSPCFF_LIB:TB_TSPCFF:1 ].
\o 
\o 
\o 
\o 
\o 
\o 
\o 
\o 
\o 
\o 
\o *Info*    Run start for Point ID (0 264) on testbench [
\o           TSPCFF_LIB:TB_TSPCFF:1 ].
\o 
\o Resetting statistical vars
\o 
\o *Info*    Setting parameter values ...
\o 
\o Setting var wmn2 = "140.5263158n"
\o Setting var wmn4 = "140.5263158n"
\o Setting var wmp5 = "277.3684211n"
\o Setting var wmp2 = "277.3684211n"
\o 
\o *Info*    Netlist Directory =
\o           /cal/exterieurs/afonlupt-25/simulation/TSPCFF_LIB/TB_TSPCFF/adexl/results/data/Interactive.18/264/TSPCFF_LIB:TB_TSPCFF:1/netlist
\o 
\o 
\o *Info*    Data Directory    =
\o           /cal/exterieurs/afonlupt-25/simulation/TSPCFF_LIB/TB_TSPCFF/adexl/results/data/Interactive.18/264/TSPCFF_LIB:TB_TSPCFF:1
\o 
\o 
\o *Info*    Creating Netlist for Point ID (0 264)
\o 
\o generate netlist...
\o Begin Incremental Netlisting Nov 20 20:39:29 2025
\o End netlisting Nov 20 20:39:29 2025
\o 
\o 	The netlist is up to date.
\o 	Time taken to compare the design with netlist:   0.0s
\o       ...successful.
\o compose simulator input file...
\o       ...successful.
\o 
\o *Info*    Running simulation on testbench [ TSPCFF_LIB:TB_TSPCFF:1 ]
\o           for Point ID (0 264).
\o 
\o Delete psf data in /cal/exterieurs/afonlupt-25/simulation/TSPCFF_LIB/TB_TSPCFF/adexl/results/data/Interactive.18/264/TSPCFF_LIB:TB_TSPCFF:1/psf.
\o compose simulator input file...
\o       ...successful.
\o start simulator if needed...
\o       ...successful.
\o simulate...
\o To view the simulator output, right-click on the test name, result 
\o name, or any value in the "Results" tab of the Outputs section and 
\o choose "Output Log" menu option.
\o INFO (ADE-3071): Simulation completed successfully.
\o reading simulation data...
\o       ...successful.
\o *Info*    Client has finished evaluating ... 
\o 
\o 
\o *Info*    Run complete for Point ID (0 264) on testbench [
\o           TSPCFF_LIB:TB_TSPCFF:1 ].
\o 
\o 
\o 
\o 
\o 
\o 
\o 
\o 
\o 
\o 
\o *Info*    Run start for Point ID (0 279) on testbench [
\o           TSPCFF_LIB:TB_TSPCFF:1 ].
\o 
\o Resetting statistical vars
\o 
\o *Info*    Setting parameter values ...
\o 
\o Setting var wmn2 = "243.1578947n"
\o Setting var wmn4 = "243.1578947n"
\o 
\o *Info*    Netlist Directory =
\o           /cal/exterieurs/afonlupt-25/simulation/TSPCFF_LIB/TB_TSPCFF/adexl/results/data/Interactive.18/279/TSPCFF_LIB:TB_TSPCFF:1/netlist
\o 
\o 
\o *Info*    Data Directory    =
\o           /cal/exterieurs/afonlupt-25/simulation/TSPCFF_LIB/TB_TSPCFF/adexl/results/data/Interactive.18/279/TSPCFF_LIB:TB_TSPCFF:1
\o 
\o 
\o *Info*    Creating Netlist for Point ID (0 279)
\o 
\o generate netlist...
\o Begin Incremental Netlisting Nov 20 20:39:38 2025
\o End netlisting Nov 20 20:39:38 2025
\o 
\o 	The netlist is up to date.
\o 	Time taken to compare the design with netlist:   0.0s
\o       ...successful.
\o compose simulator input file...
\o       ...successful.
\o 
\o *Info*    Running simulation on testbench [ TSPCFF_LIB:TB_TSPCFF:1 ]
\o           for Point ID (0 279).
\o 
\o Delete psf data in /cal/exterieurs/afonlupt-25/simulation/TSPCFF_LIB/TB_TSPCFF/adexl/results/data/Interactive.18/279/TSPCFF_LIB:TB_TSPCFF:1/psf.
\o compose simulator input file...
\o       ...successful.
\o start simulator if needed...
\o       ...successful.
\o simulate...
\o To view the simulator output, right-click on the test name, result 
\o name, or any value in the "Results" tab of the Outputs section and 
\o choose "Output Log" menu option.
\o INFO (ADE-3071): Simulation completed successfully.
\o reading simulation data...
\o       ...successful.
\o *Info*    Client has finished evaluating ... 
\o 
\o 
\o *Info*    Run complete for Point ID (0 279) on testbench [
\o           TSPCFF_LIB:TB_TSPCFF:1 ].
\o 
\o 
\o 
\o 
\o 
\o 
\o 
\o 
\o 
\o 
\o *Info*    Run start for Point ID (0 296) on testbench [
\o           TSPCFF_LIB:TB_TSPCFF:1 ].
\o 
\o Resetting statistical vars
\o 
\o *Info*    Setting parameter values ...
\o 
\o Setting var wmn2 = "222.6315789n"
\o Setting var wmn4 = "222.6315789n"
\o Setting var wmp5 = "289.4736842n"
\o Setting var wmp2 = "289.4736842n"
\o 
\o *Info*    Netlist Directory =
\o           /cal/exterieurs/afonlupt-25/simulation/TSPCFF_LIB/TB_TSPCFF/adexl/results/data/Interactive.18/296/TSPCFF_LIB:TB_TSPCFF:1/netlist
\o 
\o 
\o *Info*    Data Directory    =
\o           /cal/exterieurs/afonlupt-25/simulation/TSPCFF_LIB/TB_TSPCFF/adexl/results/data/Interactive.18/296/TSPCFF_LIB:TB_TSPCFF:1
\o 
\o 
\o *Info*    Creating Netlist for Point ID (0 296)
\o 
\o generate netlist...
\o Begin Incremental Netlisting Nov 20 20:39:45 2025
\o End netlisting Nov 20 20:39:45 2025
\o 
\o 	The netlist is up to date.
\o 	Time taken to compare the design with netlist:   0.0s
\o       ...successful.
\o compose simulator input file...
\o       ...successful.
\o 
\o *Info*    Running simulation on testbench [ TSPCFF_LIB:TB_TSPCFF:1 ]
\o           for Point ID (0 296).
\o 
\o Delete psf data in /cal/exterieurs/afonlupt-25/simulation/TSPCFF_LIB/TB_TSPCFF/adexl/results/data/Interactive.18/296/TSPCFF_LIB:TB_TSPCFF:1/psf.
\o compose simulator input file...
\o       ...successful.
\o start simulator if needed...
\o       ...successful.
\o simulate...
\o To view the simulator output, right-click on the test name, result 
\o name, or any value in the "Results" tab of the Outputs section and 
\o choose "Output Log" menu option.
\o INFO (ADE-3071): Simulation completed successfully.
\o reading simulation data...
\o       ...successful.
\o *Info*    Client has finished evaluating ... 
\o 
\o 
\o *Info*    Run complete for Point ID (0 296) on testbench [
\o           TSPCFF_LIB:TB_TSPCFF:1 ].
\o 
\o 
\o 
\o 
\o 
\o 
\o 
\o 
\o 
\o 
\o *Info*    Run start for Point ID (0 309) on testbench [
\o           TSPCFF_LIB:TB_TSPCFF:1 ].
\o 
\o Resetting statistical vars
\o 
\o *Info*    Setting parameter values ...
\o 
\o Setting var wmn2 = "174.7368421n"
\o Setting var wmn4 = "174.7368421n"
\o Setting var wmp5 = "301.5789474n"
\o Setting var wmp2 = "301.5789474n"
\o 
\o *Info*    Netlist Directory =
\o           /cal/exterieurs/afonlupt-25/simulation/TSPCFF_LIB/TB_TSPCFF/adexl/results/data/Interactive.18/309/TSPCFF_LIB:TB_TSPCFF:1/netlist
\o 
\o 
\o *Info*    Data Directory    =
\o           /cal/exterieurs/afonlupt-25/simulation/TSPCFF_LIB/TB_TSPCFF/adexl/results/data/Interactive.18/309/TSPCFF_LIB:TB_TSPCFF:1
\o 
\o 
\o *Info*    Creating Netlist for Point ID (0 309)
\o 
\o generate netlist...
\o Begin Incremental Netlisting Nov 20 20:39:51 2025
\o End netlisting Nov 20 20:39:51 2025
\o 
\o 	The netlist is up to date.
\o 	Time taken to compare the design with netlist:   0.0s
\o       ...successful.
\o compose simulator input file...
\o       ...successful.
\o 
\o *Info*    Running simulation on testbench [ TSPCFF_LIB:TB_TSPCFF:1 ]
\o           for Point ID (0 309).
\o 
\o Delete psf data in /cal/exterieurs/afonlupt-25/simulation/TSPCFF_LIB/TB_TSPCFF/adexl/results/data/Interactive.18/309/TSPCFF_LIB:TB_TSPCFF:1/psf.
\o compose simulator input file...
\o       ...successful.
\o start simulator if needed...
\o       ...successful.
\o simulate...
\o To view the simulator output, right-click on the test name, result 
\o name, or any value in the "Results" tab of the Outputs section and 
\o choose "Output Log" menu option.
\o INFO (ADE-3071): Simulation completed successfully.
\o reading simulation data...
\o       ...successful.
\o *Info*    Client has finished evaluating ... 
\o 
\o 
\o *Info*    Run complete for Point ID (0 309) on testbench [
\o           TSPCFF_LIB:TB_TSPCFF:1 ].
\o 
\o 
\o 
\o 
\o 
\o 
\o 
\o 
\o 
\o 
\o *Info*    Run start for Point ID (0 324) on testbench [
\o           TSPCFF_LIB:TB_TSPCFF:1 ].
\o 
\o Resetting statistical vars
\o 
\o *Info*    Setting parameter values ...
\o 
\o Setting var wmn2 = "140.5263158n"
\o Setting var wmn4 = "140.5263158n"
\o Setting var wmp5 = "313.6842105n"
\o Setting var wmp2 = "313.6842105n"
\o 
\o *Info*    Netlist Directory =
\o           /cal/exterieurs/afonlupt-25/simulation/TSPCFF_LIB/TB_TSPCFF/adexl/results/data/Interactive.18/324/TSPCFF_LIB:TB_TSPCFF:1/netlist
\o 
\o 
\o *Info*    Data Directory    =
\o           /cal/exterieurs/afonlupt-25/simulation/TSPCFF_LIB/TB_TSPCFF/adexl/results/data/Interactive.18/324/TSPCFF_LIB:TB_TSPCFF:1
\o 
\o 
\o *Info*    Creating Netlist for Point ID (0 324)
\o 
\o generate netlist...
\o Begin Incremental Netlisting Nov 20 20:39:58 2025
\o End netlisting Nov 20 20:39:58 2025
\o 
\o 	The netlist is up to date.
\o 	Time taken to compare the design with netlist:   0.0s
\o       ...successful.
\o compose simulator input file...
\o       ...successful.
\o 
\o *Info*    Running simulation on testbench [ TSPCFF_LIB:TB_TSPCFF:1 ]
\o           for Point ID (0 324).
\o 
\o Delete psf data in /cal/exterieurs/afonlupt-25/simulation/TSPCFF_LIB/TB_TSPCFF/adexl/results/data/Interactive.18/324/TSPCFF_LIB:TB_TSPCFF:1/psf.
\o compose simulator input file...
\o       ...successful.
\o start simulator if needed...
\o       ...successful.
\o simulate...
\o To view the simulator output, right-click on the test name, result 
\o name, or any value in the "Results" tab of the Outputs section and 
\o choose "Output Log" menu option.
\o INFO (ADE-3071): Simulation completed successfully.
\o reading simulation data...
\o       ...successful.
\o *Info*    Client has finished evaluating ... 
\o 
\o 
\o *Info*    Run complete for Point ID (0 324) on testbench [
\o           TSPCFF_LIB:TB_TSPCFF:1 ].
\o 
\o 
\o 
\o 
\o 
\o 
\o 
\o 
\o 
\o 
\o *Info*    Run start for Point ID (0 339) on testbench [
\o           TSPCFF_LIB:TB_TSPCFF:1 ].
\o 
\o Resetting statistical vars
\o 
\o *Info*    Setting parameter values ...
\o 
\o Setting var wmn2 = "243.1578947n"
\o Setting var wmn4 = "243.1578947n"
\o 
\o *Info*    Netlist Directory =
\o           /cal/exterieurs/afonlupt-25/simulation/TSPCFF_LIB/TB_TSPCFF/adexl/results/data/Interactive.18/339/TSPCFF_LIB:TB_TSPCFF:1/netlist
\o 
\o 
\o *Info*    Data Directory    =
\o           /cal/exterieurs/afonlupt-25/simulation/TSPCFF_LIB/TB_TSPCFF/adexl/results/data/Interactive.18/339/TSPCFF_LIB:TB_TSPCFF:1
\o 
\o 
\o *Info*    Creating Netlist for Point ID (0 339)
\o 
\o generate netlist...
\o Begin Incremental Netlisting Nov 20 20:40:04 2025
\o End netlisting Nov 20 20:40:04 2025
\o 
\o 	The netlist is up to date.
\o 	Time taken to compare the design with netlist:   0.0s
\o       ...successful.
\o compose simulator input file...
\o       ...successful.
\o 
\o *Info*    Running simulation on testbench [ TSPCFF_LIB:TB_TSPCFF:1 ]
\o           for Point ID (0 339).
\o 
\o Delete psf data in /cal/exterieurs/afonlupt-25/simulation/TSPCFF_LIB/TB_TSPCFF/adexl/results/data/Interactive.18/339/TSPCFF_LIB:TB_TSPCFF:1/psf.
\o compose simulator input file...
\o       ...successful.
\o start simulator if needed...
\o       ...successful.
\o simulate...
\o To view the simulator output, right-click on the test name, result 
\o name, or any value in the "Results" tab of the Outputs section and 
\o choose "Output Log" menu option.
\o INFO (ADE-3071): Simulation completed successfully.
\o reading simulation data...
\o       ...successful.
\o *Info*    Client has finished evaluating ... 
\o 
\o 
\o *Info*    Run complete for Point ID (0 339) on testbench [
\o           TSPCFF_LIB:TB_TSPCFF:1 ].
\o 
\o 
\o 
\o 
\o 
\o 
\o 
\o 
\o 
\o 
\o *Info*    Run start for Point ID (0 354) on testbench [
\o           TSPCFF_LIB:TB_TSPCFF:1 ].
\o 
\o Resetting statistical vars
\o 
\o *Info*    Setting parameter values ...
\o 
\o Setting var wmn2 = "208.9473684n"
\o Setting var wmn4 = "208.9473684n"
\o Setting var wmp5 = "325.7894737n"
\o Setting var wmp2 = "325.7894737n"
\o 
\o *Info*    Netlist Directory =
\o           /cal/exterieurs/afonlupt-25/simulation/TSPCFF_LIB/TB_TSPCFF/adexl/results/data/Interactive.18/354/TSPCFF_LIB:TB_TSPCFF:1/netlist
\o 
\o 
\o *Info*    Data Directory    =
\o           /cal/exterieurs/afonlupt-25/simulation/TSPCFF_LIB/TB_TSPCFF/adexl/results/data/Interactive.18/354/TSPCFF_LIB:TB_TSPCFF:1
\o 
\o 
\o *Info*    Creating Netlist for Point ID (0 354)
\o 
\o generate netlist...
\o Begin Incremental Netlisting Nov 20 20:40:10 2025
\o End netlisting Nov 20 20:40:10 2025
\o 
\o 	The netlist is up to date.
\o 	Time taken to compare the design with netlist:   0.0s
\o       ...successful.
\o compose simulator input file...
\o       ...successful.
\o 
\o *Info*    Running simulation on testbench [ TSPCFF_LIB:TB_TSPCFF:1 ]
\o           for Point ID (0 354).
\o 
\o Delete psf data in /cal/exterieurs/afonlupt-25/simulation/TSPCFF_LIB/TB_TSPCFF/adexl/results/data/Interactive.18/354/TSPCFF_LIB:TB_TSPCFF:1/psf.
\o compose simulator input file...
\o       ...successful.
\o start simulator if needed...
\o       ...successful.
\o simulate...
\o To view the simulator output, right-click on the test name, result 
\o name, or any value in the "Results" tab of the Outputs section and 
\o choose "Output Log" menu option.
\o INFO (ADE-3071): Simulation completed successfully.
\o reading simulation data...
\o       ...successful.
\o *Info*    Client has finished evaluating ... 
\o 
\o 
\o *Info*    Run complete for Point ID (0 354) on testbench [
\o           TSPCFF_LIB:TB_TSPCFF:1 ].
\o 
\o 
\o 
\o 
\o 
\o 
\o 
\o 
\o 
\o 
\o *Info*    Run start for Point ID (0 369) on testbench [
\o           TSPCFF_LIB:TB_TSPCFF:1 ].
\o 
\o Resetting statistical vars
\o 
\o *Info*    Setting parameter values ...
\o 
\o Setting var wmn2 = "174.7368421n"
\o Setting var wmn4 = "174.7368421n"
\o Setting var wmp5 = "337.8947368n"
\o Setting var wmp2 = "337.8947368n"
\o 
\o *Info*    Netlist Directory =
\o           /cal/exterieurs/afonlupt-25/simulation/TSPCFF_LIB/TB_TSPCFF/adexl/results/data/Interactive.18/369/TSPCFF_LIB:TB_TSPCFF:1/netlist
\o 
\o 
\o *Info*    Data Directory    =
\o           /cal/exterieurs/afonlupt-25/simulation/TSPCFF_LIB/TB_TSPCFF/adexl/results/data/Interactive.18/369/TSPCFF_LIB:TB_TSPCFF:1
\o 
\o 
\o *Info*    Creating Netlist for Point ID (0 369)
\o 
\o generate netlist...
\o Begin Incremental Netlisting Nov 20 20:40:16 2025
\o End netlisting Nov 20 20:40:16 2025
\o 
\o 	The netlist is up to date.
\o 	Time taken to compare the design with netlist:   0.0s
\o       ...successful.
\o compose simulator input file...
\o       ...successful.
\o 
\o *Info*    Running simulation on testbench [ TSPCFF_LIB:TB_TSPCFF:1 ]
\o           for Point ID (0 369).
\o 
\o Delete psf data in /cal/exterieurs/afonlupt-25/simulation/TSPCFF_LIB/TB_TSPCFF/adexl/results/data/Interactive.18/369/TSPCFF_LIB:TB_TSPCFF:1/psf.
\o compose simulator input file...
\o       ...successful.
\o start simulator if needed...
\o       ...successful.
\o simulate...
\o To view the simulator output, right-click on the test name, result 
\o name, or any value in the "Results" tab of the Outputs section and 
\o choose "Output Log" menu option.
\o INFO (ADE-3071): Simulation completed successfully.
\o reading simulation data...
\o       ...successful.
\o *Info*    Client has finished evaluating ... 
\o 
\o 
\o *Info*    Run complete for Point ID (0 369) on testbench [
\o           TSPCFF_LIB:TB_TSPCFF:1 ].
\o 
\o 
\o 
\o 
\o 
\o 
\o 
\o 
\o 
\o 
\o *Info*    Run start for Point ID (0 384) on testbench [
\o           TSPCFF_LIB:TB_TSPCFF:1 ].
\o 
\o Resetting statistical vars
\o 
\o *Info*    Setting parameter values ...
\o 
\o Setting var wmn2 = "140.5263158n"
\o Setting var wmn4 = "140.5263158n"
\o Setting var wmp5 = "350n"
\o Setting var wmp2 = "350n"
\o 
\o *Info*    Netlist Directory =
\o           /cal/exterieurs/afonlupt-25/simulation/TSPCFF_LIB/TB_TSPCFF/adexl/results/data/Interactive.18/384/TSPCFF_LIB:TB_TSPCFF:1/netlist
\o 
\o 
\o *Info*    Data Directory    =
\o           /cal/exterieurs/afonlupt-25/simulation/TSPCFF_LIB/TB_TSPCFF/adexl/results/data/Interactive.18/384/TSPCFF_LIB:TB_TSPCFF:1
\o 
\o 
\o *Info*    Creating Netlist for Point ID (0 384)
\o 
\o generate netlist...
\o Begin Incremental Netlisting Nov 20 20:40:23 2025
\o End netlisting Nov 20 20:40:23 2025
\o 
\o 	The netlist is up to date.
\o 	Time taken to compare the design with netlist:   1.0s
\o       ...successful.
\o compose simulator input file...
\o       ...successful.
\o 
\o *Info*    Running simulation on testbench [ TSPCFF_LIB:TB_TSPCFF:1 ]
\o           for Point ID (0 384).
\o 
\o Delete psf data in /cal/exterieurs/afonlupt-25/simulation/TSPCFF_LIB/TB_TSPCFF/adexl/results/data/Interactive.18/384/TSPCFF_LIB:TB_TSPCFF:1/psf.
\o compose simulator input file...
\o       ...successful.
\o start simulator if needed...
\o       ...successful.
\o simulate...
\o To view the simulator output, right-click on the test name, result 
\o name, or any value in the "Results" tab of the Outputs section and 
\o choose "Output Log" menu option.
\o INFO (ADE-3071): Simulation completed successfully.
\o reading simulation data...
\o       ...successful.
\o *Info*    Client has finished evaluating ... 
\o 
\o 
\o *Info*    Run complete for Point ID (0 384) on testbench [
\o           TSPCFF_LIB:TB_TSPCFF:1 ].
\o 
\o 
\o 
\o 
\o 
\o 
\o 
\o 
\o 
\o 
\o *Info*    Run start for Point ID (0 399) on testbench [
\o           TSPCFF_LIB:TB_TSPCFF:1 ].
\o 
\o Resetting statistical vars
\o 
\o *Info*    Setting parameter values ...
\o 
\o Setting var wmn2 = "243.1578947n"
\o Setting var wmn4 = "243.1578947n"
\o 
\o *Info*    Netlist Directory =
\o           /cal/exterieurs/afonlupt-25/simulation/TSPCFF_LIB/TB_TSPCFF/adexl/results/data/Interactive.18/399/TSPCFF_LIB:TB_TSPCFF:1/netlist
\o 
\o 
\o *Info*    Data Directory    =
\o           /cal/exterieurs/afonlupt-25/simulation/TSPCFF_LIB/TB_TSPCFF/adexl/results/data/Interactive.18/399/TSPCFF_LIB:TB_TSPCFF:1
\o 
\o 
\o *Info*    Creating Netlist for Point ID (0 399)
\o 
\o generate netlist...
\o Begin Incremental Netlisting Nov 20 20:40:29 2025
\o End netlisting Nov 20 20:40:29 2025
\o 
\o 	The netlist is up to date.
\o 	Time taken to compare the design with netlist:   0.0s
\o       ...successful.
\o compose simulator input file...
\o       ...successful.
\o 
\o *Info*    Running simulation on testbench [ TSPCFF_LIB:TB_TSPCFF:1 ]
\o           for Point ID (0 399).
\o 
\o Delete psf data in /cal/exterieurs/afonlupt-25/simulation/TSPCFF_LIB/TB_TSPCFF/adexl/results/data/Interactive.18/399/TSPCFF_LIB:TB_TSPCFF:1/psf.
\o compose simulator input file...
\o       ...successful.
\o start simulator if needed...
\o       ...successful.
\o simulate...
\o To view the simulator output, right-click on the test name, result 
\o name, or any value in the "Results" tab of the Outputs section and 
\o choose "Output Log" menu option.
\o INFO (ADE-3071): Simulation completed successfully.
\o reading simulation data...
\o       ...successful.
\o *Info*    Client has finished evaluating ... 
\o 
\o 
\o *Info*    Run complete for Point ID (0 399) on testbench [
\o           TSPCFF_LIB:TB_TSPCFF:1 ].
\o 
\o 
\o 
\o 
\o 
\# Memory report: Maximum memory size now 14,272 MB at UTC 2025.11.20 19:42:59.543
