\# Program start time:     UTC 2025.11.20 18:36:45.058
\# Local time: CET (UTC+01:00) 2025.11.20 19:36:45.058
\o Program:		@(#)$CDS: virtuoso version 6.1.7-64b 09/01/2017 12:09 (sjfhw313) $
\o Hierarchy:		/comelec/softs/opt/Cadence/releases/IC617/tools.lnx86/dfII/
\o Sub version:		sub-version  IC6.1.7-64b.500.14  (64-bit addresses)
\# Command line:	/comelec/softs/opt/Cadence/releases/IC617/tools.lnx86/dfII/bin/64bit/virtuoso -noautostart -mpssession virtuoso307983 -mpshost tp-3a107-06 -davinciService DaVinciService_307983_1763658527 -log /cal/exterieurs/afonlupt-25/afonlupt/projetCD2IC/CDS_wk_dir2/logs_afonlupt-25/logs0/Job83.log -licenseLockFileName /cal/exterieurs/afonlupt-25/afonlupt/projetCD2IC/CDS_wk_dir2/.tmp_afonlupt-25/.tp-3a107-06_307983 -nograph -nostdin -axlChildIdFlag 83
\# Host name (type):	tp-3a107-06 (x86_64)
\# Operating system:	Linux 6.1.0-41-amd64 #1 SMP PREEMPT_DYNAMIC Debian 6.1.158-1 (2025-11-09)
\# Linux /etc/issue:	Debian GNU/Linux 12 \n \l
\# X display name (WxH):	tp-3a107-06:80 (1024x868)
\# Available geometry:			TL(0:0) BR(1023:867)
\# X server:			RealVNC Ltd (VNC nograph server, PID 554651)
\# Depth of Visual (Root):	16 (16)
\# Number of Planes Used:	16
\# X version:		11.0 (vendor release 3370)
\# X resource pool:	base 0xbc00000, mask 0x3fffff (4194303), shift 0
\# 			current id 0x0, current max 0x3ffffa (4194298)
\# Max data seg size:	     unlimited
\# Max process size:	     unlimited
\# Initial sbrk value:	      1,357 MB
\# Available memory:	     14,230 MB
\# System memory:	     19,583 MB
\# Maximum memory size:	     18,322 MB
\# Max mem available:	     14,327 MB
\# Initial memory used:	         96 MB
\#        process size:	        951 MB
\# Thread usage limits (effective/default):	maxthreads 62496/62496 maxload 20.00/20.00
\# Qt version:		4.8.5
\# Window Manager:	other
\# User Name:		afonlupt-25
\o Working Directory:	tp-3a107-06:/cal/exterieurs/afonlupt-25/afonlupt/projetCD2IC/CDS_wk_dir2
\# Process Id:		590819
\o 
\o COPYRIGHT (C) 1992-2017  CADENCE DESIGN SYSTEMS INC.  ALL RIGHTS RESERVED.
\o           (C) 1992-2017  UNIX SYSTEMS Laboratories INC.,
\o                          Reproduced with permission.
\o 
\o This Cadence Design Systems program and online documentation are
\o proprietary/confidential information and may be disclosed/used only
\o as authorized in a license agreement controlling such use and disclosure.
\o 
\o           RESTRICTED RIGHTS NOTICE (SHORT FORM)
\o Use/reproduction/disclosure is subject to restriction
\o set forth at FAR 1252.227-19 or its equivalent.
\o Loading geView.cxt 
\o Loading menuBuilder.cxt 
\o Loading schView.cxt 
\o Loading selectSv.cxt 
\o Loading wireEdit.cxt 
\o Loading pte2.cxt 
\o Loading xlUI.cxt 
\o Loading auCore.cxt 
\o Loading vhdl.cxt 
\o Loading seismic.cxt 
\o Loading ci.cxt 
\o Loading ams.cxt 
\o Loading oasis.cxt 
\o Loading analog.cxt 
\o Loading asimenv.cxt 
\o Loading socket.cxt 
\o Loading dal.cxt 
\o Loading awv.cxt 
\o Loading par.cxt 
\o Loading alvs.cxt 
\o Loading caa.cxt 
\o Loading adexlCore.cxt 
\o Loading adexl.cxt 
\# Memory report: using         199 MB, process size 1,167 MB at UTC 2025.11.20 18:36:50.988
\o *Info*    Exporting services from client ... 
\o 
\o *INFO* (icLic-303) virtuoso: PID=590819, Child Mode is true, ICPR Mode is true, Registration Timeout is 180 seconds, Communication Timeout is 180 seconds.
\o *Info*    Client has finished starting ... 
\o 
\p > 
\o Loading pe.cxt 
\a _treeSetOpcGUI(t)
\r t
\o Loading vqp.cxt 
\o 
\o 
\o *Info*    Configuring the session ...
\o 
\o 	Library      = TSPCFF_LIB
\o 	Cell         = TB_TSPCFF
\o 	View         = schematic
\o 	Simulator    = spectre
\o 	State Path   = $AXL_SETUPDB_DIR/test_states
\o 	State Name   = TSPCFF_LIB:TB_TSPCFF:1_tmpstate.315258528_Interactive.13
\o 	Results DB   = /cal/exterieurs/afonlupt-25/afonlupt/projetCD2IC/TSPCFF_LIB/TB_TSPCFF/adexl/results/data/Interactive.13.rdb
\o 	Results Dir  = /cal/exterieurs/afonlupt-25/simulation/TSPCFF_LIB/TB_TSPCFF/adexl/results/data/Interactive.13/220/TSPCFF_LIB:TB_TSPCFF:1
\o 	Results Loc  = /cal/exterieurs/afonlupt-25/simulation/TSPCFF_LIB/TB_TSPCFF/adexl/results/data
\o 	Project Dir  = /cal/exterieurs/afonlupt-25/simulation
\o 	Setup DB loc = /cal/exterieurs/afonlupt-25/afonlupt/projetCD2IC/TSPCFF_LIB/TB_TSPCFF/adexl
\o 	File Encoding = 0
\o 
\o 
\o Loading simui.cxt 
\o *INFO* (icLic-304) Start to connect to parent process (session=virtuoso307983, host=tp-3a107-06). Total timeout is 180 seconds. Connection timeout is 90 seconds.
\o *INFO* (icLic-305) Step 1: Connecting to parent. Spent time is 0 seconds.
\o *INFO* (icLic-309) The registration of the child 590819 within 90 seconds is being processed ...
\o *INFO* (icLic-310) The result of registration is true. Spend time is 0 seconds.
\o *INFO* (icLic-308) The end of connection. Result is true. Total spent time is 0 seconds.
\o Loading viva.cxt 
\o ("In _axlResolveAXLPath" nil "/cal/exterieurs/afonlupt-25/simulation/TSPCFF_LIB/TB_TSPCFF/adexl/results/data/Interactive.13/220/TSPCFF_LIB:TB_TSPCFF:1" "/cal/exterieurs/afonlupt-25/afonlupt/projetCD2IC/TSPCFF_LIB/TB_TSPCFF/adexl" "/cal/exterieurs/afonlupt-25/simulation")
\o ("resolvedPath is" "/cal/exterieurs/afonlupt-25/simulation/TSPCFF_LIB/TB_TSPCFF/adexl/results/data/Interactive.13/220/TSPCFF_LIB:TB_TSPCFF:1")
\o Loading gpdk045/libInit.il ...
\o 	Loading gpdk045/loadCxt.ile ... done!
\o 	Loading context 'gpdk045' from library 'gpdk045' ... done!
\o 	Loading context 'pdkUtils' from library 'gpdk045' ... done!
\e 	Loading gpdk045/gpdk045_customFilter.il ... *Error* eval: unbound variable - axlRegisterCustomDeviceFilter
\o failed!
\o 	Loading gpdk045/libInitCustomExit.il ... 
\o 	Loading Environment Settings ...
\o 	Loading Model Management File ...
\o Loading spectrei.cxt 
\o Loading devCheck.cxt 
\o Loading relXpert.cxt 
\o Loading hspiceD.cxt 
\o Loading spectreinl.cxt 
\o Loading UltraSim.cxt 
\o Loading msgHandler.cxt 
\o Loading AMSOSS.cxt 
\o Loading AMS.cxt 
\# Available memory:         14,046 MB at UTC 2025.11.20 18:36:55.323
\# Memory report: Maximum memory size now 14,351 MB at UTC 2025.11.20 18:36:55.323
\# Thread usage report: 21 active threads, active load 1.00 at UTC 2025.11.20 18:36:55.323
\# Memory report: using         305 MB, process size 1,277 MB at UTC 2025.11.20 18:36:55.323
\o 	Loading gpdk045/gpdk045_PDKRegistrations.il ... done!
\o 
\o   *************************************************************           
\o   *              Cadence Design Systems, Inc.                 *           
\o   *                                                           *           
\o   *                    Generic 45nm PDK                       *           
\o   *                        (gpdk045)                          *           
\o   *                                                           *           
\o   *************************************************************           
\o 	
\o 
\o 	VERSION: 4.0 (17-June-2014)
\o 
\o done!
\o Failed to load gpdk045/libInit.il successfully!("In _axlICRPResolveAXLPath" sevSession1 "$AXL_SETUPDB_DIR/test_states/TSPCFF_LIB:TB_TSPCFF:1_tmpstate.315258528_Interactive.13.state" "/cal/exterieurs/afonlupt-25/afonlupt/projetCD2IC/TSPCFF_LIB/TB_TSPCFF/adexl" "/cal/exterieurs/afonlupt-25/simulation")
\o ("resolvedPath is" "/cal/exterieurs/afonlupt-25/afonlupt/projetCD2IC/TSPCFF_LIB/TB_TSPCFF/adexl/test_states/TSPCFF_LIB:TB_TSPCFF:1_tmpstate.315258528_Interactive.13.state")
\o ("In _axlResolveAXLPath" nil "$AXL_SETUPDB_DIR/test_states" "/cal/exterieurs/afonlupt-25/afonlupt/projetCD2IC/TSPCFF_LIB/TB_TSPCFF/adexl" "/cal/exterieurs/afonlupt-25/simulation")
\o ("resolvedPath is" "/cal/exterieurs/afonlupt-25/afonlupt/projetCD2IC/TSPCFF_LIB/TB_TSPCFF/adexl/test_states")
\o 
\o *Info*    The auto suspension is disabled.
\o 
\o Loading monte.cxt 
\o 
\o 
\o 
\o 
\o 
\o *Info*    Run start for Point ID (13 229) on testbench [
\o           TSPCFF_LIB:TB_TSPCFF:1 ].
\o 
\o Resetting statistical vars
\o 
\o *Info*    Setting parameter values ...
\o 
\o Setting temp(T) = 27
\o Setting var tsetup = "660p"
\o Setting var wmn2 = "174.7368421n"
\o Setting var wmn4 = "174.7368421n"
\o Setting var wmp5 = "253.1578947n"
\o Setting var wmp2 = "253.1578947n"
\o 
\o *Info*    Netlist Directory =
\o           /cal/exterieurs/afonlupt-25/simulation/TSPCFF_LIB/TB_TSPCFF/adexl/results/data/Interactive.13/229/TSPCFF_LIB:TB_TSPCFF:1/netlist
\o 
\o 
\o *Info*    Data Directory    =
\o           /cal/exterieurs/afonlupt-25/simulation/TSPCFF_LIB/TB_TSPCFF/adexl/results/data/Interactive.13/229/TSPCFF_LIB:TB_TSPCFF:1
\o 
\o 
\o *Info*    Creating Netlist for Point ID (13 229)
\o 
\o generate netlist...
\o Loading seCore.cxt 
\o Begin Incremental Netlisting Nov 20 19:37:04 2025
\o End netlisting Nov 20 19:37:04 2025
\o 
\o 	The netlist is up to date.
\o 	Time taken to compare the design with netlist:   0.0s
\o       ...successful.
\o compose simulator input file...
\o       ...successful.
\o 
\o *Info*    Running simulation on testbench [ TSPCFF_LIB:TB_TSPCFF:1 ]
\o           for Point ID (13 229).
\o 
\o Delete psf data in /cal/exterieurs/afonlupt-25/simulation/TSPCFF_LIB/TB_TSPCFF/adexl/results/data/Interactive.13/229/TSPCFF_LIB:TB_TSPCFF:1/psf.
\o compose simulator input file...
\o       ...successful.
\o start simulator if needed...
\o       ...successful.
\o simulate...
\o To view the simulator output, right-click on the test name, result 
\o name, or any value in the "Results" tab of the Outputs section and 
\o choose "Output Log" menu option.
\o Loading paraplot.cxt 
\o INFO (ADE-3071): Simulation completed successfully.
\o reading simulation data...
\o       ...successful.
\o *Info*    Client has finished evaluating ... 
\o 
\o 
\o *Info*    Run complete for Point ID (13 229) on testbench [
\o           TSPCFF_LIB:TB_TSPCFF:1 ].
\o 
\o 
\o 
\o 
\o 
\o 
\o 
\o 
\o 
\o 
\o *Info*    Run start for Point ID (13 247) on testbench [
\o           TSPCFF_LIB:TB_TSPCFF:1 ].
\o 
\o Resetting statistical vars
\o 
\o *Info*    Setting parameter values ...
\o 
\o Setting var wmn2 = "161.0526316n"
\o Setting var wmn4 = "161.0526316n"
\o Setting var wmp5 = "265.2631579n"
\o Setting var wmp2 = "265.2631579n"
\o 
\o *Info*    Netlist Directory =
\o           /cal/exterieurs/afonlupt-25/simulation/TSPCFF_LIB/TB_TSPCFF/adexl/results/data/Interactive.13/247/TSPCFF_LIB:TB_TSPCFF:1/netlist
\o 
\o 
\o *Info*    Data Directory    =
\o           /cal/exterieurs/afonlupt-25/simulation/TSPCFF_LIB/TB_TSPCFF/adexl/results/data/Interactive.13/247/TSPCFF_LIB:TB_TSPCFF:1
\o 
\o 
\o *Info*    Creating Netlist for Point ID (13 247)
\o 
\o generate netlist...
\o Begin Incremental Netlisting Nov 20 19:37:13 2025
\o End netlisting Nov 20 19:37:13 2025
\o 
\o 	The netlist is up to date.
\o 	Time taken to compare the design with netlist:   0.0s
\o       ...successful.
\o compose simulator input file...
\o       ...successful.
\o 
\o *Info*    Running simulation on testbench [ TSPCFF_LIB:TB_TSPCFF:1 ]
\o           for Point ID (13 247).
\o 
\o Delete psf data in /cal/exterieurs/afonlupt-25/simulation/TSPCFF_LIB/TB_TSPCFF/adexl/results/data/Interactive.13/247/TSPCFF_LIB:TB_TSPCFF:1/psf.
\o compose simulator input file...
\o       ...successful.
\o start simulator if needed...
\o       ...successful.
\o simulate...
\o To view the simulator output, right-click on the test name, result 
\o name, or any value in the "Results" tab of the Outputs section and 
\o choose "Output Log" menu option.
\o INFO (ADE-3071): Simulation completed successfully.
\o reading simulation data...
\o       ...successful.
\o *Info*    Client has finished evaluating ... 
\o 
\o 
\o *Info*    Run complete for Point ID (13 247) on testbench [
\o           TSPCFF_LIB:TB_TSPCFF:1 ].
\o 
\o 
\o 
\o 
\o 
\o 
\o 
\o 
\o 
\o 
\o *Info*    Run start for Point ID (13 273) on testbench [
\o           TSPCFF_LIB:TB_TSPCFF:1 ].
\o 
\o Resetting statistical vars
\o 
\o *Info*    Setting parameter values ...
\o 
\o Setting var wmn2 = "202.1052632n"
\o Setting var wmn4 = "202.1052632n"
\o Setting var wmp5 = "277.3684211n"
\o Setting var wmp2 = "277.3684211n"
\o 
\o *Info*    Netlist Directory =
\o           /cal/exterieurs/afonlupt-25/simulation/TSPCFF_LIB/TB_TSPCFF/adexl/results/data/Interactive.13/273/TSPCFF_LIB:TB_TSPCFF:1/netlist
\o 
\o 
\o *Info*    Data Directory    =
\o           /cal/exterieurs/afonlupt-25/simulation/TSPCFF_LIB/TB_TSPCFF/adexl/results/data/Interactive.13/273/TSPCFF_LIB:TB_TSPCFF:1
\o 
\o 
\o *Info*    Creating Netlist for Point ID (13 273)
\o 
\o generate netlist...
\o Begin Incremental Netlisting Nov 20 19:37:21 2025
\o End netlisting Nov 20 19:37:21 2025
\o 
\o 	The netlist is up to date.
\o 	Time taken to compare the design with netlist:   0.0s
\o       ...successful.
\o compose simulator input file...
\o       ...successful.
\o 
\o *Info*    Running simulation on testbench [ TSPCFF_LIB:TB_TSPCFF:1 ]
\o           for Point ID (13 273).
\o 
\o Delete psf data in /cal/exterieurs/afonlupt-25/simulation/TSPCFF_LIB/TB_TSPCFF/adexl/results/data/Interactive.13/273/TSPCFF_LIB:TB_TSPCFF:1/psf.
\o compose simulator input file...
\o       ...successful.
\o start simulator if needed...
\o       ...successful.
\o simulate...
\o To view the simulator output, right-click on the test name, result 
\o name, or any value in the "Results" tab of the Outputs section and 
\o choose "Output Log" menu option.
\o INFO (ADE-3071): Simulation completed successfully.
\o reading simulation data...
\o       ...successful.
\o *Info*    Client has finished evaluating ... 
\o 
\o 
\o *Info*    Run complete for Point ID (13 273) on testbench [
\o           TSPCFF_LIB:TB_TSPCFF:1 ].
\o 
\o 
\o 
\o 
\o 
\o 
\o 
\o 
\o 
\o 
\o *Info*    Run start for Point ID (13 301) on testbench [
\o           TSPCFF_LIB:TB_TSPCFF:1 ].
\o 
\o Resetting statistical vars
\o 
\o *Info*    Setting parameter values ...
\o 
\o Setting var wmn2 = "120n"
\o Setting var wmn4 = "120n"
\o Setting var wmp5 = "301.5789474n"
\o Setting var wmp2 = "301.5789474n"
\o 
\o *Info*    Netlist Directory =
\o           /cal/exterieurs/afonlupt-25/simulation/TSPCFF_LIB/TB_TSPCFF/adexl/results/data/Interactive.13/301/TSPCFF_LIB:TB_TSPCFF:1/netlist
\o 
\o 
\o *Info*    Data Directory    =
\o           /cal/exterieurs/afonlupt-25/simulation/TSPCFF_LIB/TB_TSPCFF/adexl/results/data/Interactive.13/301/TSPCFF_LIB:TB_TSPCFF:1
\o 
\o 
\o *Info*    Creating Netlist for Point ID (13 301)
\o 
\o generate netlist...
\o Begin Incremental Netlisting Nov 20 19:37:29 2025
\o End netlisting Nov 20 19:37:30 2025
\o 
\o 	The netlist is up to date.
\o 	Time taken to compare the design with netlist:   1.0s
\o       ...successful.
\o compose simulator input file...
\o       ...successful.
\o 
\o *Info*    Running simulation on testbench [ TSPCFF_LIB:TB_TSPCFF:1 ]
\o           for Point ID (13 301).
\o 
\o Delete psf data in /cal/exterieurs/afonlupt-25/simulation/TSPCFF_LIB/TB_TSPCFF/adexl/results/data/Interactive.13/301/TSPCFF_LIB:TB_TSPCFF:1/psf.
\o compose simulator input file...
\o       ...successful.
\o start simulator if needed...
\o       ...successful.
\o simulate...
\o To view the simulator output, right-click on the test name, result 
\o name, or any value in the "Results" tab of the Outputs section and 
\o choose "Output Log" menu option.
\o INFO (ADE-3071): Simulation completed successfully.
\o reading simulation data...
\o       ...successful.
\o *Info*    Client has finished evaluating ... 
\o 
\o 
\o *Info*    Run complete for Point ID (13 301) on testbench [
\o           TSPCFF_LIB:TB_TSPCFF:1 ].
\o 
\o 
\o 
\o 
\o 
\o 
\o 
\o 
\o 
\o 
\o *Info*    Run start for Point ID (13 326) on testbench [
\o           TSPCFF_LIB:TB_TSPCFF:1 ].
\o 
\o Resetting statistical vars
\o 
\o *Info*    Setting parameter values ...
\o 
\o Setting var wmn2 = "154.2105263n"
\o Setting var wmn4 = "154.2105263n"
\o Setting var wmp5 = "313.6842105n"
\o Setting var wmp2 = "313.6842105n"
\o 
\o *Info*    Netlist Directory =
\o           /cal/exterieurs/afonlupt-25/simulation/TSPCFF_LIB/TB_TSPCFF/adexl/results/data/Interactive.13/326/TSPCFF_LIB:TB_TSPCFF:1/netlist
\o 
\o 
\o *Info*    Data Directory    =
\o           /cal/exterieurs/afonlupt-25/simulation/TSPCFF_LIB/TB_TSPCFF/adexl/results/data/Interactive.13/326/TSPCFF_LIB:TB_TSPCFF:1
\o 
\o 
\o *Info*    Creating Netlist for Point ID (13 326)
\o 
\o generate netlist...
\o Begin Incremental Netlisting Nov 20 19:37:38 2025
\o End netlisting Nov 20 19:37:38 2025
\o 
\o 	The netlist is up to date.
\o 	Time taken to compare the design with netlist:   0.0s
\o       ...successful.
\o compose simulator input file...
\o       ...successful.
\o 
\o *Info*    Running simulation on testbench [ TSPCFF_LIB:TB_TSPCFF:1 ]
\o           for Point ID (13 326).
\o 
\o Delete psf data in /cal/exterieurs/afonlupt-25/simulation/TSPCFF_LIB/TB_TSPCFF/adexl/results/data/Interactive.13/326/TSPCFF_LIB:TB_TSPCFF:1/psf.
\o compose simulator input file...
\o       ...successful.
\o start simulator if needed...
\o       ...successful.
\o simulate...
\o To view the simulator output, right-click on the test name, result 
\o name, or any value in the "Results" tab of the Outputs section and 
\o choose "Output Log" menu option.
\o INFO (ADE-3071): Simulation completed successfully.
\o reading simulation data...
\o       ...successful.
\o *Info*    Client has finished evaluating ... 
\o 
\o 
\o *Info*    Run complete for Point ID (13 326) on testbench [
\o           TSPCFF_LIB:TB_TSPCFF:1 ].
\o 
\o 
\o 
\o 
\o 
\o 
\o 
\o 
\o 
\o 
\o *Info*    Run start for Point ID (13 350) on testbench [
\o           TSPCFF_LIB:TB_TSPCFF:1 ].
\o 
\o Resetting statistical vars
\o 
\o *Info*    Setting parameter values ...
\o 
\o Setting var wmn2 = "181.5789474n"
\o Setting var wmn4 = "181.5789474n"
\o Setting var wmp5 = "325.7894737n"
\o Setting var wmp2 = "325.7894737n"
\o 
\o *Info*    Netlist Directory =
\o           /cal/exterieurs/afonlupt-25/simulation/TSPCFF_LIB/TB_TSPCFF/adexl/results/data/Interactive.13/350/TSPCFF_LIB:TB_TSPCFF:1/netlist
\o 
\o 
\o *Info*    Data Directory    =
\o           /cal/exterieurs/afonlupt-25/simulation/TSPCFF_LIB/TB_TSPCFF/adexl/results/data/Interactive.13/350/TSPCFF_LIB:TB_TSPCFF:1
\o 
\o 
\o *Info*    Creating Netlist for Point ID (13 350)
\o 
\o generate netlist...
\o Begin Incremental Netlisting Nov 20 19:37:47 2025
\o End netlisting Nov 20 19:37:47 2025
\o 
\o 	The netlist is up to date.
\o 	Time taken to compare the design with netlist:   0.0s
\o       ...successful.
\o compose simulator input file...
\o       ...successful.
\o 
\o *Info*    Running simulation on testbench [ TSPCFF_LIB:TB_TSPCFF:1 ]
\o           for Point ID (13 350).
\o 
\o Delete psf data in /cal/exterieurs/afonlupt-25/simulation/TSPCFF_LIB/TB_TSPCFF/adexl/results/data/Interactive.13/350/TSPCFF_LIB:TB_TSPCFF:1/psf.
\o compose simulator input file...
\o       ...successful.
\o start simulator if needed...
\o       ...successful.
\o simulate...
\o To view the simulator output, right-click on the test name, result 
\o name, or any value in the "Results" tab of the Outputs section and 
\o choose "Output Log" menu option.
\o INFO (ADE-3071): Simulation completed successfully.
\o reading simulation data...
\o       ...successful.
\o *Info*    Client has finished evaluating ... 
\o 
\o 
\o *Info*    Run complete for Point ID (13 350) on testbench [
\o           TSPCFF_LIB:TB_TSPCFF:1 ].
\o 
\o 
\o 
\o 
\o 
\o 
\o 
\o 
\o 
\o 
\o *Info*    Run start for Point ID (13 375) on testbench [
\o           TSPCFF_LIB:TB_TSPCFF:1 ].
\o 
\o Resetting statistical vars
\o 
\o *Info*    Setting parameter values ...
\o 
\o Setting var wmn2 = "215.7894737n"
\o Setting var wmn4 = "215.7894737n"
\o Setting var wmp5 = "337.8947368n"
\o Setting var wmp2 = "337.8947368n"
\o 
\o *Info*    Netlist Directory =
\o           /cal/exterieurs/afonlupt-25/simulation/TSPCFF_LIB/TB_TSPCFF/adexl/results/data/Interactive.13/375/TSPCFF_LIB:TB_TSPCFF:1/netlist
\o 
\o 
\o *Info*    Data Directory    =
\o           /cal/exterieurs/afonlupt-25/simulation/TSPCFF_LIB/TB_TSPCFF/adexl/results/data/Interactive.13/375/TSPCFF_LIB:TB_TSPCFF:1
\o 
\o 
\o *Info*    Creating Netlist for Point ID (13 375)
\o 
\o generate netlist...
\o Begin Incremental Netlisting Nov 20 19:37:55 2025
\o End netlisting Nov 20 19:37:55 2025
\o 
\o 	The netlist is up to date.
\o 	Time taken to compare the design with netlist:   0.0s
\o       ...successful.
\o compose simulator input file...
\o       ...successful.
\o 
\o *Info*    Running simulation on testbench [ TSPCFF_LIB:TB_TSPCFF:1 ]
\o           for Point ID (13 375).
\o 
\o Delete psf data in /cal/exterieurs/afonlupt-25/simulation/TSPCFF_LIB/TB_TSPCFF/adexl/results/data/Interactive.13/375/TSPCFF_LIB:TB_TSPCFF:1/psf.
\o compose simulator input file...
\o       ...successful.
\o start simulator if needed...
\o       ...successful.
\o simulate...
\o To view the simulator output, right-click on the test name, result 
\o name, or any value in the "Results" tab of the Outputs section and 
\o choose "Output Log" menu option.
\o INFO (ADE-3071): Simulation completed successfully.
\o reading simulation data...
\o       ...successful.
\o *Info*    Client has finished evaluating ... 
\o 
\o 
\o *Info*    Run complete for Point ID (13 375) on testbench [
\o           TSPCFF_LIB:TB_TSPCFF:1 ].
\o 
\o 
\o 
\o 
\o 
\o 
\o 
\o 
\o 
\o 
\o *Info*    Run start for Point ID (13 399) on testbench [
\o           TSPCFF_LIB:TB_TSPCFF:1 ].
\o 
\o Resetting statistical vars
\o 
\o *Info*    Setting parameter values ...
\o 
\o Setting var wmn2 = "243.1578947n"
\o Setting var wmn4 = "243.1578947n"
\o Setting var wmp5 = "350n"
\o Setting var wmp2 = "350n"
\o 
\o *Info*    Netlist Directory =
\o           /cal/exterieurs/afonlupt-25/simulation/TSPCFF_LIB/TB_TSPCFF/adexl/results/data/Interactive.13/399/TSPCFF_LIB:TB_TSPCFF:1/netlist
\o 
\o 
\o *Info*    Data Directory    =
\o           /cal/exterieurs/afonlupt-25/simulation/TSPCFF_LIB/TB_TSPCFF/adexl/results/data/Interactive.13/399/TSPCFF_LIB:TB_TSPCFF:1
\o 
\o 
\o *Info*    Creating Netlist for Point ID (13 399)
\o 
\o generate netlist...
\o Begin Incremental Netlisting Nov 20 19:38:04 2025
\o End netlisting Nov 20 19:38:04 2025
\o 
\o 	The netlist is up to date.
\o 	Time taken to compare the design with netlist:   0.0s
\o       ...successful.
\o compose simulator input file...
\o       ...successful.
\o 
\o *Info*    Running simulation on testbench [ TSPCFF_LIB:TB_TSPCFF:1 ]
\o           for Point ID (13 399).
\o 
\o Delete psf data in /cal/exterieurs/afonlupt-25/simulation/TSPCFF_LIB/TB_TSPCFF/adexl/results/data/Interactive.13/399/TSPCFF_LIB:TB_TSPCFF:1/psf.
\o compose simulator input file...
\o       ...successful.
\o start simulator if needed...
\o       ...successful.
\o simulate...
\o To view the simulator output, right-click on the test name, result 
\o name, or any value in the "Results" tab of the Outputs section and 
\o choose "Output Log" menu option.
\# Memory report: Maximum memory size now 14,064 MB at UTC 2025.11.20 18:38:07.275
\o INFO (ADE-3071): Simulation completed successfully.
\o reading simulation data...
\o       ...successful.
\o *Info*    Client has finished evaluating ... 
\o 
\o 
\o *Info*    Run complete for Point ID (13 399) on testbench [
\o           TSPCFF_LIB:TB_TSPCFF:1 ].
\o 
\o 
\o 
\o 
\o 
\o Simulation design variables differ from those on the cellView,
\o they have been saved in the file "/tmp/saved-design-variables".
\o To save future changes, copy variables to cellView before exiting.
\o 
\o 
\o *Info*    Configuring the session ...
\o 
\o 	Library      = TSPCFF_LIB
\o 	Cell         = TB_TSPCFF
\o 	View         = schematic
\o 	Simulator    = spectre
\o 	State Path   = $AXL_SETUPDB_DIR/test_states
\o 	State Name   = TSPCFF_LIB:TB_TSPCFF:1_tmpstate.315258528_Interactive.15
\o 	Results DB   = /cal/exterieurs/afonlupt-25/afonlupt/projetCD2IC/TSPCFF_LIB/TB_TSPCFF/adexl/results/data/Interactive.15.rdb
\o 	Results Dir  = /cal/exterieurs/afonlupt-25/simulation/TSPCFF_LIB/TB_TSPCFF/adexl/results/data/Interactive.15/1/TSPCFF_LIB:TB_TSPCFF:1
\o 	Results Loc  = /cal/exterieurs/afonlupt-25/simulation/TSPCFF_LIB/TB_TSPCFF/adexl/results/data
\o 	Project Dir  = /cal/exterieurs/afonlupt-25/simulation
\o 	Setup DB loc = /cal/exterieurs/afonlupt-25/afonlupt/projetCD2IC/TSPCFF_LIB/TB_TSPCFF/adexl
\o 	File Encoding = 0
\o 
\o 
\o ("In _axlResolveAXLPath" nil "/cal/exterieurs/afonlupt-25/simulation/TSPCFF_LIB/TB_TSPCFF/adexl/results/data/Interactive.15/1/TSPCFF_LIB:TB_TSPCFF:1" "/cal/exterieurs/afonlupt-25/afonlupt/projetCD2IC/TSPCFF_LIB/TB_TSPCFF/adexl" "/cal/exterieurs/afonlupt-25/simulation")
\o ("resolvedPath is" "/cal/exterieurs/afonlupt-25/simulation/TSPCFF_LIB/TB_TSPCFF/adexl/results/data/Interactive.15/1/TSPCFF_LIB:TB_TSPCFF:1")
\o ("In _axlICRPResolveAXLPath" sevSession2 "$AXL_SETUPDB_DIR/test_states/TSPCFF_LIB:TB_TSPCFF:1_tmpstate.315258528_Interactive.15.state" "/cal/exterieurs/afonlupt-25/afonlupt/projetCD2IC/TSPCFF_LIB/TB_TSPCFF/adexl" "/cal/exterieurs/afonlupt-25/simulation")
\o ("resolvedPath is" "/cal/exterieurs/afonlupt-25/afonlupt/projetCD2IC/TSPCFF_LIB/TB_TSPCFF/adexl/test_states/TSPCFF_LIB:TB_TSPCFF:1_tmpstate.315258528_Interactive.15.state")
\o ("In _axlResolveAXLPath" nil "$AXL_SETUPDB_DIR/test_states" "/cal/exterieurs/afonlupt-25/afonlupt/projetCD2IC/TSPCFF_LIB/TB_TSPCFF/adexl" "/cal/exterieurs/afonlupt-25/simulation")
\o ("resolvedPath is" "/cal/exterieurs/afonlupt-25/afonlupt/projetCD2IC/TSPCFF_LIB/TB_TSPCFF/adexl/test_states")
\o 
\o *Info*    The auto suspension is disabled.
\o 
\o 
\o 
\o 
\o 
\o 
\o *Info*    Run start for Point ID (15 13) on testbench [
\o           TSPCFF_LIB:TB_TSPCFF:1 ].
\o 
\o Resetting statistical vars
\o 
\o *Info*    Setting parameter values ...
\o 
\o Setting temp(T) = 27
\o Setting var tsetup = "250p"
\o Setting var wmn2 = "202.1052632n"
\o Setting var wmn4 = "202.1052632n"
\o Setting var wmp5 = "120n"
\o Setting var wmp2 = "120n"
\o 
\o *Info*    Netlist Directory =
\o           /cal/exterieurs/afonlupt-25/simulation/TSPCFF_LIB/TB_TSPCFF/adexl/results/data/Interactive.15/13/TSPCFF_LIB:TB_TSPCFF:1/netlist
\o 
\o 
\o *Info*    Data Directory    =
\o           /cal/exterieurs/afonlupt-25/simulation/TSPCFF_LIB/TB_TSPCFF/adexl/results/data/Interactive.15/13/TSPCFF_LIB:TB_TSPCFF:1
\o 
\o 
\o *Info*    Creating Netlist for Point ID (15 13)
\o 
\o generate netlist...
\o Begin Incremental Netlisting Nov 20 19:41:18 2025
\o End netlisting Nov 20 19:41:18 2025
\o 
\o 	The netlist is up to date.
\o 	Time taken to compare the design with netlist:   0.0s
\o       ...successful.
\o compose simulator input file...
\o       ...successful.
\o 
\o *Info*    Running simulation on testbench [ TSPCFF_LIB:TB_TSPCFF:1 ]
\o           for Point ID (15 13).
\o 
\o Delete psf data in /cal/exterieurs/afonlupt-25/simulation/TSPCFF_LIB/TB_TSPCFF/adexl/results/data/Interactive.15/13/TSPCFF_LIB:TB_TSPCFF:1/psf.
\o compose simulator input file...
\o       ...successful.
\o start simulator if needed...
\o       ...successful.
\o simulate...
\o To view the simulator output, right-click on the test name, result 
\o name, or any value in the "Results" tab of the Outputs section and 
\o choose "Output Log" menu option.
\o INFO (ADE-3071): Simulation completed successfully.
\o reading simulation data...
\o       ...successful.
\o *Info*    Client has finished evaluating ... 
\o 
\o 
\o *Info*    Run complete for Point ID (15 13) on testbench [
\o           TSPCFF_LIB:TB_TSPCFF:1 ].
\o 
\o 
\o 
\o 
\o 
\o 
\o 
\o 
\o 
\o 
\o *Info*    Run start for Point ID (15 26) on testbench [
\o           TSPCFF_LIB:TB_TSPCFF:1 ].
\o 
\o Resetting statistical vars
\o 
\o *Info*    Setting parameter values ...
\o 
\o Setting var wmn2 = "154.2105263n"
\o Setting var wmn4 = "154.2105263n"
\o Setting var wmp5 = "132.1052632n"
\o Setting var wmp2 = "132.1052632n"
\# Memory report: Maximum memory size now 13,473 MB at UTC 2025.11.20 18:41:30.107
\o 
\o *Info*    Netlist Directory =
\o           /cal/exterieurs/afonlupt-25/simulation/TSPCFF_LIB/TB_TSPCFF/adexl/results/data/Interactive.15/26/TSPCFF_LIB:TB_TSPCFF:1/netlist
\o 
\o 
\o *Info*    Data Directory    =
\o           /cal/exterieurs/afonlupt-25/simulation/TSPCFF_LIB/TB_TSPCFF/adexl/results/data/Interactive.15/26/TSPCFF_LIB:TB_TSPCFF:1
\o 
\o 
\o *Info*    Creating Netlist for Point ID (15 26)
\o 
\o generate netlist...
\o Begin Incremental Netlisting Nov 20 19:41:30 2025
\o End netlisting Nov 20 19:41:30 2025
\o 
\o 	The netlist is up to date.
\o 	Time taken to compare the design with netlist:   0.0s
\o       ...successful.
\o compose simulator input file...
\o       ...successful.
\o 
\o *Info*    Running simulation on testbench [ TSPCFF_LIB:TB_TSPCFF:1 ]
\o           for Point ID (15 26).
\o 
\o Delete psf data in /cal/exterieurs/afonlupt-25/simulation/TSPCFF_LIB/TB_TSPCFF/adexl/results/data/Interactive.15/26/TSPCFF_LIB:TB_TSPCFF:1/psf.
\o compose simulator input file...
\o       ...successful.
\o start simulator if needed...
\o       ...successful.
\o simulate...
\o To view the simulator output, right-click on the test name, result 
\o name, or any value in the "Results" tab of the Outputs section and 
\o choose "Output Log" menu option.
\o INFO (ADE-3071): Simulation completed successfully.
\o reading simulation data...
\o       ...successful.
\o *Info*    Client has finished evaluating ... 
\o 
\o 
\o *Info*    Run complete for Point ID (15 26) on testbench [
\o           TSPCFF_LIB:TB_TSPCFF:1 ].
\o 
\o 
\o 
\o 
\o 
\o 
\o 
\o 
\o 
\o 
\o *Info*    Run start for Point ID (15 54) on testbench [
\o           TSPCFF_LIB:TB_TSPCFF:1 ].
\o 
\o Resetting statistical vars
\o 
\o *Info*    Setting parameter values ...
\o 
\o Setting var wmn2 = "208.9473684n"
\o Setting var wmn4 = "208.9473684n"
\o Setting var wmp5 = "144.2105263n"
\o Setting var wmp2 = "144.2105263n"
\o 
\o *Info*    Netlist Directory =
\o           /cal/exterieurs/afonlupt-25/simulation/TSPCFF_LIB/TB_TSPCFF/adexl/results/data/Interactive.15/54/TSPCFF_LIB:TB_TSPCFF:1/netlist
\o 
\o 
\o *Info*    Data Directory    =
\o           /cal/exterieurs/afonlupt-25/simulation/TSPCFF_LIB/TB_TSPCFF/adexl/results/data/Interactive.15/54/TSPCFF_LIB:TB_TSPCFF:1
\o 
\o 
\o *Info*    Creating Netlist for Point ID (15 54)
\o 
\o generate netlist...
\o Begin Incremental Netlisting Nov 20 19:41:41 2025
\o End netlisting Nov 20 19:41:42 2025
\o 
\o 	The netlist is up to date.
\o 	Time taken to compare the design with netlist:   1.0s
\o       ...successful.
\o compose simulator input file...
\o       ...successful.
\o 
\o *Info*    Running simulation on testbench [ TSPCFF_LIB:TB_TSPCFF:1 ]
\o           for Point ID (15 54).
\o 
\o Delete psf data in /cal/exterieurs/afonlupt-25/simulation/TSPCFF_LIB/TB_TSPCFF/adexl/results/data/Interactive.15/54/TSPCFF_LIB:TB_TSPCFF:1/psf.
\o compose simulator input file...
\o       ...successful.
\o start simulator if needed...
\o       ...successful.
\o simulate...
\o To view the simulator output, right-click on the test name, result 
\o name, or any value in the "Results" tab of the Outputs section and 
\o choose "Output Log" menu option.
\o INFO (ADE-3071): Simulation completed successfully.
\o reading simulation data...
\o       ...successful.
\o *Info*    Client has finished evaluating ... 
\o 
\o 
\o *Info*    Run complete for Point ID (15 54) on testbench [
\o           TSPCFF_LIB:TB_TSPCFF:1 ].
\o 
\o 
\o 
\o 
\o 
\o 
\o 
\o 
\o 
\o 
\o *Info*    Run start for Point ID (15 85) on testbench [
\o           TSPCFF_LIB:TB_TSPCFF:1 ].
\o 
\o Resetting statistical vars
\o 
\o *Info*    Setting parameter values ...
\o 
\o Setting var wmn2 = "147.3684211n"
\o Setting var wmn4 = "147.3684211n"
\o Setting var wmp5 = "168.4210526n"
\o Setting var wmp2 = "168.4210526n"
\o 
\o *Info*    Netlist Directory =
\o           /cal/exterieurs/afonlupt-25/simulation/TSPCFF_LIB/TB_TSPCFF/adexl/results/data/Interactive.15/85/TSPCFF_LIB:TB_TSPCFF:1/netlist
\o 
\o 
\o *Info*    Data Directory    =
\o           /cal/exterieurs/afonlupt-25/simulation/TSPCFF_LIB/TB_TSPCFF/adexl/results/data/Interactive.15/85/TSPCFF_LIB:TB_TSPCFF:1
\o 
\o 
\o *Info*    Creating Netlist for Point ID (15 85)
\o 
\o generate netlist...
\o Begin Incremental Netlisting Nov 20 19:42:10 2025
\o End netlisting Nov 20 19:42:13 2025
\o 
\o 	The netlist is up to date.
\o 	Time taken to compare the design with netlist:   3.0s
\o       ...successful.
\o compose simulator input file...
\o       ...successful.
\o 
\o *Info*    Running simulation on testbench [ TSPCFF_LIB:TB_TSPCFF:1 ]
\o           for Point ID (15 85).
\o 
\o Delete psf data in /cal/exterieurs/afonlupt-25/simulation/TSPCFF_LIB/TB_TSPCFF/adexl/results/data/Interactive.15/85/TSPCFF_LIB:TB_TSPCFF:1/psf.
\o compose simulator input file...
\o       ...successful.
\o start simulator if needed...
\o       ...successful.
\o simulate...
\o To view the simulator output, right-click on the test name, result 
\o name, or any value in the "Results" tab of the Outputs section and 
\o choose "Output Log" menu option.
\o INFO (ADE-3071): Simulation completed successfully.
\o reading simulation data...
\o       ...successful.
\o *Info*    Client has finished evaluating ... 
\o 
\o 
\o *Info*    Run complete for Point ID (15 85) on testbench [
\o           TSPCFF_LIB:TB_TSPCFF:1 ].
\o 
\o 
\o 
\o 
\o 
\o 
\o 
\o 
\o 
\o 
\o *Info*    Run start for Point ID (15 105) on testbench [
\o           TSPCFF_LIB:TB_TSPCFF:1 ].
\o 
\o Resetting statistical vars
\o 
\o *Info*    Setting parameter values ...
\o 
\o Setting var wmp5 = "180.5263158n"
\o Setting var wmp2 = "180.5263158n"
\o 
\o *Info*    Netlist Directory =
\o           /cal/exterieurs/afonlupt-25/simulation/TSPCFF_LIB/TB_TSPCFF/adexl/results/data/Interactive.15/105/TSPCFF_LIB:TB_TSPCFF:1/netlist
\o 
\o 
\o *Info*    Data Directory    =
\o           /cal/exterieurs/afonlupt-25/simulation/TSPCFF_LIB/TB_TSPCFF/adexl/results/data/Interactive.15/105/TSPCFF_LIB:TB_TSPCFF:1
\o 
\o 
\o *Info*    Creating Netlist for Point ID (15 105)
\o 
\o generate netlist...
\o Begin Incremental Netlisting Nov 20 19:42:34 2025
\o End netlisting Nov 20 19:42:35 2025
\o 
\o 	The netlist is up to date.
\o 	Time taken to compare the design with netlist:   2.0s
\o       ...successful.
\o compose simulator input file...
\o       ...successful.
\o 
\o *Info*    Running simulation on testbench [ TSPCFF_LIB:TB_TSPCFF:1 ]
\o           for Point ID (15 105).
\o 
\o Delete psf data in /cal/exterieurs/afonlupt-25/simulation/TSPCFF_LIB/TB_TSPCFF/adexl/results/data/Interactive.15/105/TSPCFF_LIB:TB_TSPCFF:1/psf.
\o compose simulator input file...
\o       ...successful.
\o start simulator if needed...
\o       ...successful.
\o simulate...
\o To view the simulator output, right-click on the test name, result 
\o name, or any value in the "Results" tab of the Outputs section and 
\o choose "Output Log" menu option.
\o INFO (ADE-3071): Simulation completed successfully.
\o reading simulation data...
\o       ...successful.
\o *Info*    Client has finished evaluating ... 
\o 
\o 
\o *Info*    Run complete for Point ID (15 105) on testbench [
\o           TSPCFF_LIB:TB_TSPCFF:1 ].
\o 
\o 
\o 
\o 
\o 
\# Memory report: Maximum memory size now 13,165 MB at UTC 2025.11.20 18:42:43.941
\o 
\o 
\o 
\o 
\o 
\o *Info*    Run start for Point ID (15 126) on testbench [
\o           TSPCFF_LIB:TB_TSPCFF:1 ].
\o 
\o Resetting statistical vars
\o 
\o *Info*    Setting parameter values ...
\o 
\o Setting var wmn2 = "154.2105263n"
\o Setting var wmn4 = "154.2105263n"
\o Setting var wmp5 = "192.6315789n"
\o Setting var wmp2 = "192.6315789n"
\o 
\o *Info*    Netlist Directory =
\o           /cal/exterieurs/afonlupt-25/simulation/TSPCFF_LIB/TB_TSPCFF/adexl/results/data/Interactive.15/126/TSPCFF_LIB:TB_TSPCFF:1/netlist
\o 
\o 
\o *Info*    Data Directory    =
\o           /cal/exterieurs/afonlupt-25/simulation/TSPCFF_LIB/TB_TSPCFF/adexl/results/data/Interactive.15/126/TSPCFF_LIB:TB_TSPCFF:1
\o 
\o 
\o *Info*    Creating Netlist for Point ID (15 126)
\o 
\o generate netlist...
\o Begin Incremental Netlisting Nov 20 19:42:48 2025
\o End netlisting Nov 20 19:42:48 2025
\o 
\o 	The netlist is up to date.
\o 	Time taken to compare the design with netlist:   0.0s
\o       ...successful.
\o compose simulator input file...
\o       ...successful.
\o 
\o *Info*    Running simulation on testbench [ TSPCFF_LIB:TB_TSPCFF:1 ]
\o           for Point ID (15 126).
\o 
\o Delete psf data in /cal/exterieurs/afonlupt-25/simulation/TSPCFF_LIB/TB_TSPCFF/adexl/results/data/Interactive.15/126/TSPCFF_LIB:TB_TSPCFF:1/psf.
\o compose simulator input file...
\o       ...successful.
\o start simulator if needed...
\o       ...successful.
\o simulate...
\o To view the simulator output, right-click on the test name, result 
\o name, or any value in the "Results" tab of the Outputs section and 
\o choose "Output Log" menu option.
\o INFO (ADE-3071): Simulation completed successfully.
\o reading simulation data...
\o       ...successful.
\o *Info*    Client has finished evaluating ... 
\o 
\o 
\o *Info*    Run complete for Point ID (15 126) on testbench [
\o           TSPCFF_LIB:TB_TSPCFF:1 ].
\o 
\o 
\o 
\o 
\o 
\o 
\o 
\o 
\o 
\o 
\o *Info*    Run start for Point ID (15 159) on testbench [
\o           TSPCFF_LIB:TB_TSPCFF:1 ].
\o 
\o Resetting statistical vars
\o 
\o *Info*    Setting parameter values ...
\o 
\o Setting var wmn2 = "243.1578947n"
\o Setting var wmn4 = "243.1578947n"
\o Setting var wmp5 = "204.7368421n"
\o Setting var wmp2 = "204.7368421n"
\o 
\o *Info*    Netlist Directory =
\o           /cal/exterieurs/afonlupt-25/simulation/TSPCFF_LIB/TB_TSPCFF/adexl/results/data/Interactive.15/159/TSPCFF_LIB:TB_TSPCFF:1/netlist
\o 
\o 
\o *Info*    Data Directory    =
\o           /cal/exterieurs/afonlupt-25/simulation/TSPCFF_LIB/TB_TSPCFF/adexl/results/data/Interactive.15/159/TSPCFF_LIB:TB_TSPCFF:1
\o 
\o 
\o *Info*    Creating Netlist for Point ID (15 159)
\o 
\o generate netlist...
\o Begin Incremental Netlisting Nov 20 19:43:00 2025
\o End netlisting Nov 20 19:43:00 2025
\o 
\o 	The netlist is up to date.
\o 	Time taken to compare the design with netlist:   0.0s
\o       ...successful.
\o compose simulator input file...
\o       ...successful.
\o 
\o *Info*    Running simulation on testbench [ TSPCFF_LIB:TB_TSPCFF:1 ]
\o           for Point ID (15 159).
\o 
\o Delete psf data in /cal/exterieurs/afonlupt-25/simulation/TSPCFF_LIB/TB_TSPCFF/adexl/results/data/Interactive.15/159/TSPCFF_LIB:TB_TSPCFF:1/psf.
\o compose simulator input file...
\o       ...successful.
\o start simulator if needed...
\o       ...successful.
\o simulate...
\o To view the simulator output, right-click on the test name, result 
\o name, or any value in the "Results" tab of the Outputs section and 
\o choose "Output Log" menu option.
\o INFO (ADE-3071): Simulation completed successfully.
\o reading simulation data...
\o       ...successful.
\o *Info*    Client has finished evaluating ... 
\o 
\o 
\o *Info*    Run complete for Point ID (15 159) on testbench [
\o           TSPCFF_LIB:TB_TSPCFF:1 ].
\o 
\o 
\o 
\o 
\o 
\o 
\o 
\o 
\o 
\o 
\o *Info*    Run start for Point ID (15 186) on testbench [
\o           TSPCFF_LIB:TB_TSPCFF:1 ].
\o 
\o Resetting statistical vars
\o 
\o *Info*    Setting parameter values ...
\o 
\o Setting var wmn2 = "154.2105263n"
\o Setting var wmn4 = "154.2105263n"
\o Setting var wmp5 = "228.9473684n"
\o Setting var wmp2 = "228.9473684n"
\o 
\o *Info*    Netlist Directory =
\o           /cal/exterieurs/afonlupt-25/simulation/TSPCFF_LIB/TB_TSPCFF/adexl/results/data/Interactive.15/186/TSPCFF_LIB:TB_TSPCFF:1/netlist
\o 
\o 
\o *Info*    Data Directory    =
\o           /cal/exterieurs/afonlupt-25/simulation/TSPCFF_LIB/TB_TSPCFF/adexl/results/data/Interactive.15/186/TSPCFF_LIB:TB_TSPCFF:1
\o 
\o 
\o *Info*    Creating Netlist for Point ID (15 186)
\o 
\o generate netlist...
\o Begin Incremental Netlisting Nov 20 19:43:09 2025
\o End netlisting Nov 20 19:43:09 2025
\o 
\o 	The netlist is up to date.
\o 	Time taken to compare the design with netlist:   0.0s
\o       ...successful.
\o compose simulator input file...
\o       ...successful.
\o 
\o *Info*    Running simulation on testbench [ TSPCFF_LIB:TB_TSPCFF:1 ]
\o           for Point ID (15 186).
\o 
\o Delete psf data in /cal/exterieurs/afonlupt-25/simulation/TSPCFF_LIB/TB_TSPCFF/adexl/results/data/Interactive.15/186/TSPCFF_LIB:TB_TSPCFF:1/psf.
\o compose simulator input file...
\o       ...successful.
\o start simulator if needed...
\o       ...successful.
\o simulate...
\o To view the simulator output, right-click on the test name, result 
\o name, or any value in the "Results" tab of the Outputs section and 
\o choose "Output Log" menu option.
\o INFO (ADE-3071): Simulation completed successfully.
\o reading simulation data...
\o       ...successful.
\o *Info*    Client has finished evaluating ... 
\o 
\o 
\o *Info*    Run complete for Point ID (15 186) on testbench [
\o           TSPCFF_LIB:TB_TSPCFF:1 ].
\o 
\o 
\o 
\o 
\o 
\o 
\o 
\o 
\o 
\o 
\o *Info*    Run start for Point ID (15 208) on testbench [
\o           TSPCFF_LIB:TB_TSPCFF:1 ].
\o 
\o Resetting statistical vars
\o 
\o *Info*    Setting parameter values ...
\o 
\o Setting var wmn2 = "167.8947368n"
\o Setting var wmn4 = "167.8947368n"
\o Setting var wmp5 = "241.0526316n"
\o Setting var wmp2 = "241.0526316n"
\o 
\o *Info*    Netlist Directory =
\o           /cal/exterieurs/afonlupt-25/simulation/TSPCFF_LIB/TB_TSPCFF/adexl/results/data/Interactive.15/208/TSPCFF_LIB:TB_TSPCFF:1/netlist
\o 
\o 
\o *Info*    Data Directory    =
\o           /cal/exterieurs/afonlupt-25/simulation/TSPCFF_LIB/TB_TSPCFF/adexl/results/data/Interactive.15/208/TSPCFF_LIB:TB_TSPCFF:1
\o 
\o 
\o *Info*    Creating Netlist for Point ID (15 208)
\o 
\o generate netlist...
\o Begin Incremental Netlisting Nov 20 19:43:18 2025
\o End netlisting Nov 20 19:43:18 2025
\o 
\o 	The netlist is up to date.
\o 	Time taken to compare the design with netlist:   0.0s
\o       ...successful.
\o compose simulator input file...
\o       ...successful.
\o 
\o *Info*    Running simulation on testbench [ TSPCFF_LIB:TB_TSPCFF:1 ]
\o           for Point ID (15 208).
\o 
\o Delete psf data in /cal/exterieurs/afonlupt-25/simulation/TSPCFF_LIB/TB_TSPCFF/adexl/results/data/Interactive.15/208/TSPCFF_LIB:TB_TSPCFF:1/psf.
\o compose simulator input file...
\o       ...successful.
\o start simulator if needed...
\o       ...successful.
\o simulate...
\o To view the simulator output, right-click on the test name, result 
\o name, or any value in the "Results" tab of the Outputs section and 
\o choose "Output Log" menu option.
\o INFO (ADE-3071): Simulation completed successfully.
\o reading simulation data...
\o       ...successful.
\o *Info*    Client has finished evaluating ... 
\o 
\o 
\o *Info*    Run complete for Point ID (15 208) on testbench [
\o           TSPCFF_LIB:TB_TSPCFF:1 ].
\o 
\o 
\o 
\o 
\o 
\o 
\o 
\o 
\o 
\o 
\o *Info*    Run start for Point ID (15 231) on testbench [
\o           TSPCFF_LIB:TB_TSPCFF:1 ].
\o 
\o Resetting statistical vars
\o 
\o *Info*    Setting parameter values ...
\o 
\o Setting var wmn2 = "188.4210526n"
\o Setting var wmn4 = "188.4210526n"
\o Setting var wmp5 = "253.1578947n"
\o Setting var wmp2 = "253.1578947n"
\o 
\o *Info*    Netlist Directory =
\o           /cal/exterieurs/afonlupt-25/simulation/TSPCFF_LIB/TB_TSPCFF/adexl/results/data/Interactive.15/231/TSPCFF_LIB:TB_TSPCFF:1/netlist
\o 
\o 
\o *Info*    Data Directory    =
\o           /cal/exterieurs/afonlupt-25/simulation/TSPCFF_LIB/TB_TSPCFF/adexl/results/data/Interactive.15/231/TSPCFF_LIB:TB_TSPCFF:1
\o 
\o 
\o *Info*    Creating Netlist for Point ID (15 231)
\o 
\o generate netlist...
\o Begin Incremental Netlisting Nov 20 19:43:28 2025
\o End netlisting Nov 20 19:43:28 2025
\o 
\o 	The netlist is up to date.
\o 	Time taken to compare the design with netlist:   0.0s
\o       ...successful.
\o compose simulator input file...
\o       ...successful.
\o 
\o *Info*    Running simulation on testbench [ TSPCFF_LIB:TB_TSPCFF:1 ]
\o           for Point ID (15 231).
\o 
\o Delete psf data in /cal/exterieurs/afonlupt-25/simulation/TSPCFF_LIB/TB_TSPCFF/adexl/results/data/Interactive.15/231/TSPCFF_LIB:TB_TSPCFF:1/psf.
\o compose simulator input file...
\o       ...successful.
\o start simulator if needed...
\o       ...successful.
\o simulate...
\o To view the simulator output, right-click on the test name, result 
\o name, or any value in the "Results" tab of the Outputs section and 
\o choose "Output Log" menu option.
\o INFO (ADE-3071): Simulation completed successfully.
\o reading simulation data...
\o       ...successful.
\o *Info*    Client has finished evaluating ... 
\o 
\o 
\o *Info*    Run complete for Point ID (15 231) on testbench [
\o           TSPCFF_LIB:TB_TSPCFF:1 ].
\o 
\o 
\o 
\o 
\o 
\o 
\o 
\o 
\o 
\o 
\o *Info*    Run start for Point ID (15 255) on testbench [
\o           TSPCFF_LIB:TB_TSPCFF:1 ].
\o 
\o Resetting statistical vars
\o 
\o *Info*    Setting parameter values ...
\o 
\o Setting var wmn2 = "215.7894737n"
\o Setting var wmn4 = "215.7894737n"
\o Setting var wmp5 = "265.2631579n"
\o Setting var wmp2 = "265.2631579n"
\o 
\o *Info*    Netlist Directory =
\o           /cal/exterieurs/afonlupt-25/simulation/TSPCFF_LIB/TB_TSPCFF/adexl/results/data/Interactive.15/255/TSPCFF_LIB:TB_TSPCFF:1/netlist
\o 
\o 
\o *Info*    Data Directory    =
\o           /cal/exterieurs/afonlupt-25/simulation/TSPCFF_LIB/TB_TSPCFF/adexl/results/data/Interactive.15/255/TSPCFF_LIB:TB_TSPCFF:1
\o 
\o 
\o *Info*    Creating Netlist for Point ID (15 255)
\o 
\o generate netlist...
\o Begin Incremental Netlisting Nov 20 19:43:36 2025
\o End netlisting Nov 20 19:43:36 2025
\o 
\o 	The netlist is up to date.
\o 	Time taken to compare the design with netlist:   0.0s
\o       ...successful.
\o compose simulator input file...
\o       ...successful.
\o 
\o *Info*    Running simulation on testbench [ TSPCFF_LIB:TB_TSPCFF:1 ]
\o           for Point ID (15 255).
\o 
\o Delete psf data in /cal/exterieurs/afonlupt-25/simulation/TSPCFF_LIB/TB_TSPCFF/adexl/results/data/Interactive.15/255/TSPCFF_LIB:TB_TSPCFF:1/psf.
\o compose simulator input file...
\o       ...successful.
\o start simulator if needed...
\o       ...successful.
\o simulate...
\o To view the simulator output, right-click on the test name, result 
\o name, or any value in the "Results" tab of the Outputs section and 
\o choose "Output Log" menu option.
\o INFO (ADE-3071): Simulation completed successfully.
\o reading simulation data...
\o       ...successful.
\o *Info*    Client has finished evaluating ... 
\o 
\o 
\o *Info*    Run complete for Point ID (15 255) on testbench [
\o           TSPCFF_LIB:TB_TSPCFF:1 ].
\o 
\o 
\o 
\o 
\o 
\# Available memory:         12,742 MB at UTC 2025.11.20 18:43:43.674
\o 
\o 
\o 
\o 
\o 
\o *Info*    Run start for Point ID (15 278) on testbench [
\o           TSPCFF_LIB:TB_TSPCFF:1 ].
\o 
\o Resetting statistical vars
\o 
\o *Info*    Setting parameter values ...
\o 
\o Setting var wmn2 = "236.3157895n"
\o Setting var wmn4 = "236.3157895n"
\o Setting var wmp5 = "277.3684211n"
\o Setting var wmp2 = "277.3684211n"
\o 
\o *Info*    Netlist Directory =
\o           /cal/exterieurs/afonlupt-25/simulation/TSPCFF_LIB/TB_TSPCFF/adexl/results/data/Interactive.15/278/TSPCFF_LIB:TB_TSPCFF:1/netlist
\o 
\o 
\o *Info*    Data Directory    =
\o           /cal/exterieurs/afonlupt-25/simulation/TSPCFF_LIB/TB_TSPCFF/adexl/results/data/Interactive.15/278/TSPCFF_LIB:TB_TSPCFF:1
\o 
\o 
\o *Info*    Creating Netlist for Point ID (15 278)
\o 
\o generate netlist...
\o Begin Incremental Netlisting Nov 20 19:43:45 2025
\o End netlisting Nov 20 19:43:45 2025
\o 
\o 	The netlist is up to date.
\o 	Time taken to compare the design with netlist:   0.0s
\o       ...successful.
\o compose simulator input file...
\o       ...successful.
\o 
\o *Info*    Running simulation on testbench [ TSPCFF_LIB:TB_TSPCFF:1 ]
\o           for Point ID (15 278).
\o 
\o Delete psf data in /cal/exterieurs/afonlupt-25/simulation/TSPCFF_LIB/TB_TSPCFF/adexl/results/data/Interactive.15/278/TSPCFF_LIB:TB_TSPCFF:1/psf.
\o compose simulator input file...
\o       ...successful.
\o start simulator if needed...
\o       ...successful.
\o simulate...
\o To view the simulator output, right-click on the test name, result 
\o name, or any value in the "Results" tab of the Outputs section and 
\o choose "Output Log" menu option.
\o INFO (ADE-3071): Simulation completed successfully.
\o reading simulation data...
\o       ...successful.
\o *Info*    Client has finished evaluating ... 
\o 
\o 
\o *Info*    Run complete for Point ID (15 278) on testbench [
\o           TSPCFF_LIB:TB_TSPCFF:1 ].
\o 
\o 
\o 
\o 
\o 
\o 
\o 
\o 
\o 
\o 
\o *Info*    Run start for Point ID (15 301) on testbench [
\o           TSPCFF_LIB:TB_TSPCFF:1 ].
\o 
\o Resetting statistical vars
\o 
\o *Info*    Setting parameter values ...
\o 
\o Setting var wmn2 = "120n"
\o Setting var wmn4 = "120n"
\o Setting var wmp5 = "301.5789474n"
\o Setting var wmp2 = "301.5789474n"
\o 
\o *Info*    Netlist Directory =
\o           /cal/exterieurs/afonlupt-25/simulation/TSPCFF_LIB/TB_TSPCFF/adexl/results/data/Interactive.15/301/TSPCFF_LIB:TB_TSPCFF:1/netlist
\o 
\o 
\o *Info*    Data Directory    =
\o           /cal/exterieurs/afonlupt-25/simulation/TSPCFF_LIB/TB_TSPCFF/adexl/results/data/Interactive.15/301/TSPCFF_LIB:TB_TSPCFF:1
\o 
\o 
\o *Info*    Creating Netlist for Point ID (15 301)
\o 
\o generate netlist...
\o Begin Incremental Netlisting Nov 20 19:43:54 2025
\o End netlisting Nov 20 19:43:54 2025
\o 
\o 	The netlist is up to date.
\o 	Time taken to compare the design with netlist:   0.0s
\o       ...successful.
\o compose simulator input file...
\o       ...successful.
\o 
\o *Info*    Running simulation on testbench [ TSPCFF_LIB:TB_TSPCFF:1 ]
\o           for Point ID (15 301).
\o 
\o Delete psf data in /cal/exterieurs/afonlupt-25/simulation/TSPCFF_LIB/TB_TSPCFF/adexl/results/data/Interactive.15/301/TSPCFF_LIB:TB_TSPCFF:1/psf.
\o compose simulator input file...
\o       ...successful.
\o start simulator if needed...
\o       ...successful.
\o simulate...
\o To view the simulator output, right-click on the test name, result 
\o name, or any value in the "Results" tab of the Outputs section and 
\o choose "Output Log" menu option.
\o INFO (ADE-3071): Simulation completed successfully.
\o reading simulation data...
\o       ...successful.
\o *Info*    Client has finished evaluating ... 
\o 
\o 
\o *Info*    Run complete for Point ID (15 301) on testbench [
\o           TSPCFF_LIB:TB_TSPCFF:1 ].
\o 
\o 
\o 
\o 
\o 
\o 
\o 
\o 
\o 
\o 
\o *Info*    Run start for Point ID (15 325) on testbench [
\o           TSPCFF_LIB:TB_TSPCFF:1 ].
\o 
\o Resetting statistical vars
\o 
\o *Info*    Setting parameter values ...
\o 
\o Setting var wmn2 = "147.3684211n"
\o Setting var wmn4 = "147.3684211n"
\o Setting var wmp5 = "313.6842105n"
\o Setting var wmp2 = "313.6842105n"
\o 
\o *Info*    Netlist Directory =
\o           /cal/exterieurs/afonlupt-25/simulation/TSPCFF_LIB/TB_TSPCFF/adexl/results/data/Interactive.15/325/TSPCFF_LIB:TB_TSPCFF:1/netlist
\o 
\o 
\o *Info*    Data Directory    =
\o           /cal/exterieurs/afonlupt-25/simulation/TSPCFF_LIB/TB_TSPCFF/adexl/results/data/Interactive.15/325/TSPCFF_LIB:TB_TSPCFF:1
\o 
\o 
\o *Info*    Creating Netlist for Point ID (15 325)
\o 
\o generate netlist...
\o Begin Incremental Netlisting Nov 20 19:44:01 2025
\o End netlisting Nov 20 19:44:01 2025
\o 
\o 	The netlist is up to date.
\o 	Time taken to compare the design with netlist:   1.0s
\o       ...successful.
\o compose simulator input file...
\o       ...successful.
\o 
\o *Info*    Running simulation on testbench [ TSPCFF_LIB:TB_TSPCFF:1 ]
\o           for Point ID (15 325).
\o 
\o Delete psf data in /cal/exterieurs/afonlupt-25/simulation/TSPCFF_LIB/TB_TSPCFF/adexl/results/data/Interactive.15/325/TSPCFF_LIB:TB_TSPCFF:1/psf.
\o compose simulator input file...
\o       ...successful.
\o start simulator if needed...
\o       ...successful.
\o simulate...
\o To view the simulator output, right-click on the test name, result 
\o name, or any value in the "Results" tab of the Outputs section and 
\o choose "Output Log" menu option.
\o INFO (ADE-3071): Simulation completed successfully.
\o reading simulation data...
\o       ...successful.
\o *Info*    Client has finished evaluating ... 
\o 
\o 
\o *Info*    Run complete for Point ID (15 325) on testbench [
\o           TSPCFF_LIB:TB_TSPCFF:1 ].
\o 
\o 
\o 
\o 
\o 
\o 
\o 
\o 
\o 
\o 
\o *Info*    Run start for Point ID (15 349) on testbench [
\o           TSPCFF_LIB:TB_TSPCFF:1 ].
\o 
\o Resetting statistical vars
\o 
\o *Info*    Setting parameter values ...
\o 
\o Setting var wmn2 = "174.7368421n"
\o Setting var wmn4 = "174.7368421n"
\o Setting var wmp5 = "325.7894737n"
\o Setting var wmp2 = "325.7894737n"
\o 
\o *Info*    Netlist Directory =
\o           /cal/exterieurs/afonlupt-25/simulation/TSPCFF_LIB/TB_TSPCFF/adexl/results/data/Interactive.15/349/TSPCFF_LIB:TB_TSPCFF:1/netlist
\o 
\o 
\o *Info*    Data Directory    =
\o           /cal/exterieurs/afonlupt-25/simulation/TSPCFF_LIB/TB_TSPCFF/adexl/results/data/Interactive.15/349/TSPCFF_LIB:TB_TSPCFF:1
\o 
\o 
\o *Info*    Creating Netlist for Point ID (15 349)
\o 
\o generate netlist...
\o Begin Incremental Netlisting Nov 20 19:44:10 2025
\o End netlisting Nov 20 19:44:10 2025
\o 
\o 	The netlist is up to date.
\o 	Time taken to compare the design with netlist:   0.0s
\o       ...successful.
\o compose simulator input file...
\o       ...successful.
\o 
\o *Info*    Running simulation on testbench [ TSPCFF_LIB:TB_TSPCFF:1 ]
\o           for Point ID (15 349).
\o 
\o Delete psf data in /cal/exterieurs/afonlupt-25/simulation/TSPCFF_LIB/TB_TSPCFF/adexl/results/data/Interactive.15/349/TSPCFF_LIB:TB_TSPCFF:1/psf.
\o compose simulator input file...
\o       ...successful.
\o start simulator if needed...
\o       ...successful.
\o simulate...
\o To view the simulator output, right-click on the test name, result 
\o name, or any value in the "Results" tab of the Outputs section and 
\o choose "Output Log" menu option.
\o INFO (ADE-3071): Simulation completed successfully.
\o reading simulation data...
\o       ...successful.
\o *Info*    Client has finished evaluating ... 
\o 
\o 
\o *Info*    Run complete for Point ID (15 349) on testbench [
\o           TSPCFF_LIB:TB_TSPCFF:1 ].
\o 
\o 
\o 
\o 
\o 
\o 
\o 
\o 
\o 
\o 
\o *Info*    Run start for Point ID (15 369) on testbench [
\o           TSPCFF_LIB:TB_TSPCFF:1 ].
\o 
\o Resetting statistical vars
\o 
\o *Info*    Setting parameter values ...
\o 
\o Setting var wmp5 = "337.8947368n"
\o Setting var wmp2 = "337.8947368n"
\o 
\o *Info*    Netlist Directory =
\o           /cal/exterieurs/afonlupt-25/simulation/TSPCFF_LIB/TB_TSPCFF/adexl/results/data/Interactive.15/369/TSPCFF_LIB:TB_TSPCFF:1/netlist
\o 
\o 
\o *Info*    Data Directory    =
\o           /cal/exterieurs/afonlupt-25/simulation/TSPCFF_LIB/TB_TSPCFF/adexl/results/data/Interactive.15/369/TSPCFF_LIB:TB_TSPCFF:1
\o 
\o 
\o *Info*    Creating Netlist for Point ID (15 369)
\o 
\o generate netlist...
\o Begin Incremental Netlisting Nov 20 19:44:22 2025
\o End netlisting Nov 20 19:44:22 2025
\o 
\o 	The netlist is up to date.
\o 	Time taken to compare the design with netlist:   0.0s
\o       ...successful.
\o compose simulator input file...
\o       ...successful.
\o 
\o *Info*    Running simulation on testbench [ TSPCFF_LIB:TB_TSPCFF:1 ]
\o           for Point ID (15 369).
\o 
\o Delete psf data in /cal/exterieurs/afonlupt-25/simulation/TSPCFF_LIB/TB_TSPCFF/adexl/results/data/Interactive.15/369/TSPCFF_LIB:TB_TSPCFF:1/psf.
\o compose simulator input file...
\o       ...successful.
\o start simulator if needed...
\o       ...successful.
\o simulate...
\o To view the simulator output, right-click on the test name, result 
\o name, or any value in the "Results" tab of the Outputs section and 
\o choose "Output Log" menu option.
\o INFO (ADE-3071): Simulation completed successfully.
\o reading simulation data...
\o       ...successful.
\o *Info*    Client has finished evaluating ... 
\o 
\o 
\o *Info*    Run complete for Point ID (15 369) on testbench [
\o           TSPCFF_LIB:TB_TSPCFF:1 ].
\o 
\o 
\o 
\o 
\o 
\o 
\o 
\o 
\o 
\o 
\o *Info*    Run start for Point ID (15 387) on testbench [
\o           TSPCFF_LIB:TB_TSPCFF:1 ].
\o 
\o Resetting statistical vars
\o 
\o *Info*    Setting parameter values ...
\o 
\o Setting var wmn2 = "161.0526316n"
\o Setting var wmn4 = "161.0526316n"
\o Setting var wmp5 = "350n"
\o Setting var wmp2 = "350n"
\o 
\o *Info*    Netlist Directory =
\o           /cal/exterieurs/afonlupt-25/simulation/TSPCFF_LIB/TB_TSPCFF/adexl/results/data/Interactive.15/387/TSPCFF_LIB:TB_TSPCFF:1/netlist
\o 
\o 
\o *Info*    Data Directory    =
\o           /cal/exterieurs/afonlupt-25/simulation/TSPCFF_LIB/TB_TSPCFF/adexl/results/data/Interactive.15/387/TSPCFF_LIB:TB_TSPCFF:1
\o 
\o 
\o *Info*    Creating Netlist for Point ID (15 387)
\o 
\o generate netlist...
\o Begin Incremental Netlisting Nov 20 19:44:38 2025
\o End netlisting Nov 20 19:44:38 2025
\o 
\o 	The netlist is up to date.
\o 	Time taken to compare the design with netlist:   0.0s
\o       ...successful.
\o compose simulator input file...
\o       ...successful.
\o 
\o *Info*    Running simulation on testbench [ TSPCFF_LIB:TB_TSPCFF:1 ]
\o           for Point ID (15 387).
\o 
\o Delete psf data in /cal/exterieurs/afonlupt-25/simulation/TSPCFF_LIB/TB_TSPCFF/adexl/results/data/Interactive.15/387/TSPCFF_LIB:TB_TSPCFF:1/psf.
\o compose simulator input file...
\o       ...successful.
\o start simulator if needed...
\o       ...successful.
\o simulate...
\o To view the simulator output, right-click on the test name, result 
\o name, or any value in the "Results" tab of the Outputs section and 
\o choose "Output Log" menu option.
\o INFO (ADE-3071): Simulation completed successfully.
\o reading simulation data...
\o       ...successful.
\o *Info*    Client has finished evaluating ... 
\o 
\o 
\o *Info*    Run complete for Point ID (15 387) on testbench [
\o           TSPCFF_LIB:TB_TSPCFF:1 ].
\o 
\o 
\o 
\o 
\o 
\# Memory report: Maximum memory size now 12,902 MB at UTC 2025.11.20 18:45:04.381
\o Simulation design variables differ from those on the cellView,
\o they have been saved in the file "/tmp/saved-design-variables".
\o To save future changes, copy variables to cellView before exiting.
\o ("In _axlGetSessionWindow, window: " window:1)
\o ("In axlGetWindowSession" window:1 nil)
\o ("In _axlGetSessionWindow, window: " window:1)
\# Memory report: on exit            332 MB, process size 1,318 MB at UTC 2025.11.20 18:59:12.273
\# Memory report: peak usage         332 MB, process size 1,318 MB
