\# Program start time:     UTC 2025.11.27 16:38:38.680
\# Local time: CET (UTC+01:00) 2025.11.27 17:38:38.680
\o Program:		@(#)$CDS: virtuoso version 6.1.7-64b 09/01/2017 12:09 (sjfhw313) $
\o Hierarchy:		/comelec/softs/opt/Cadence/releases/IC617/tools.lnx86/dfII/
\o Sub version:		sub-version  IC6.1.7-64b.500.14  (64-bit addresses)
\# Command line:	/comelec/softs/opt/Cadence/releases/IC617/tools.lnx86/dfII/bin/64bit/virtuoso -noautostart -mpssession virtuoso3072873 -mpshost tp-3a107-06 -davinciService DaVinciService_3072873_1764261386 -log /cal/exterieurs/afonlupt-25/afonlupt/projetCD2IC/CDS_wk_dir2/logs_afonlupt-25/logs0/Job9.log -licenseLockFileName /cal/exterieurs/afonlupt-25/afonlupt/projetCD2IC/CDS_wk_dir2/.tmp_afonlupt-25/.tp-3a107-06_3072873 -nograph -nostdin -axlChildIdFlag 9
\# Host name (type):	tp-3a107-06 (x86_64)
\# Operating system:	Linux 6.1.0-41-amd64 #1 SMP PREEMPT_DYNAMIC Debian 6.1.158-1 (2025-11-09)
\# Linux /etc/issue:	Debian GNU/Linux 12 \n \l
\# X display name (WxH):	tp-3a107-06:80 (1024x868)
\# Available geometry:			TL(0:0) BR(1023:867)
\# X server:			RealVNC Ltd (VNC nograph server, PID 3076509)
\# Depth of Visual (Root):	16 (16)
\# Number of Planes Used:	16
\# X version:		11.0 (vendor release 3370)
\# X resource pool:	base 0x7c00000, mask 0x3fffff (4194303), shift 0
\# 			current id 0x0, current max 0x3ffffa (4194298)
\# Max data seg size:	     unlimited
\# Max process size:	     unlimited
\# Initial sbrk value:	      1,461 MB
\# Available memory:	     12,894 MB
\# System memory:	     19,583 MB
\# Maximum memory size:	     18,218 MB
\# Max mem available:	     12,990 MB
\# Initial memory used:	         96 MB
\#        process size:	        951 MB
\# Thread usage limits (effective/default):	maxthreads 62496/62496 maxload 20.00/20.00
\# Qt version:		4.8.5
\# Window Manager:	other
\# User Name:		afonlupt-25
\o Working Directory:	tp-3a107-06:/cal/exterieurs/afonlupt-25/afonlupt/projetCD2IC/CDS_wk_dir2
\# Process Id:		3078663
\o 
\o COPYRIGHT (C) 1992-2017  CADENCE DESIGN SYSTEMS INC.  ALL RIGHTS RESERVED.
\o           (C) 1992-2017  UNIX SYSTEMS Laboratories INC.,
\o                          Reproduced with permission.
\o 
\o This Cadence Design Systems program and online documentation are
\o proprietary/confidential information and may be disclosed/used only
\o as authorized in a license agreement controlling such use and disclosure.
\o 
\o           RESTRICTED RIGHTS NOTICE (SHORT FORM)
\o Use/reproduction/disclosure is subject to restriction
\o set forth at FAR 1252.227-19 or its equivalent.
\o Loading geView.cxt 
\o Loading menuBuilder.cxt 
\o Loading schView.cxt 
\o Loading selectSv.cxt 
\o Loading wireEdit.cxt 
\o Loading pte2.cxt 
\o Loading xlUI.cxt 
\o Loading auCore.cxt 
\o Loading vhdl.cxt 
\o Loading seismic.cxt 
\o Loading ci.cxt 
\o Loading ams.cxt 
\o Loading oasis.cxt 
\o Loading analog.cxt 
\o Loading asimenv.cxt 
\o Loading socket.cxt 
\o Loading dal.cxt 
\o Loading awv.cxt 
\o Loading par.cxt 
\o Loading alvs.cxt 
\o Loading caa.cxt 
\o Loading adexlCore.cxt 
\o Loading adexl.cxt 
\o *Info*    Exporting services from client ... 
\o 
\o *INFO* (icLic-303) virtuoso: PID=3078663, Child Mode is true, ICPR Mode is true, Registration Timeout is 180 seconds, Communication Timeout is 180 seconds.
\# Memory report: using         217 MB, process size 1,190 MB at UTC 2025.11.27 16:38:44.236
\o *Info*    Client has finished starting ... 
\o 
\p > 
\o Loading pe.cxt 
\a _treeSetOpcGUI(t)
\r t
\o Loading vqp.cxt 
\o 
\o 
\o *Info*    Configuring the session ...
\o 
\o 	Library      = TSPCFF_LIB
\o 	Cell         = TB_TSPCFF
\o 	View         = schematic
\o 	Simulator    = spectre
\o 	State Path   = $AXL_SETUPDB_DIR/test_states
\o 	State Name   = TSPCFF_LIB:TB_TSPCFF:1_tmpstate.143302914_Interactive.2
\o 	Results DB   = /cal/exterieurs/afonlupt-25/afonlupt/projetCD2IC/TSPCFF_LIB/TB_TSPCFF_bis/adexl/results/data/Interactive.2.rdb
\o 	Results Dir  = /cal/exterieurs/afonlupt-25/simulation/TSPCFF_LIB/TB_TSPCFF_bis/adexl/results/data/Interactive.2/3/TSPCFF_LIB:TB_TSPCFF:1
\o 	Results Loc  = /cal/exterieurs/afonlupt-25/simulation/TSPCFF_LIB/TB_TSPCFF_bis/adexl/results/data
\o 	Project Dir  = /cal/exterieurs/afonlupt-25/simulation
\o 	Setup DB loc = /cal/exterieurs/afonlupt-25/afonlupt/projetCD2IC/TSPCFF_LIB/TB_TSPCFF_bis/adexl
\o 	File Encoding = 0
\o 
\o 
\o Loading simui.cxt 
\o *INFO* (icLic-304) Start to connect to parent process (session=virtuoso3072873, host=tp-3a107-06). Total timeout is 180 seconds. Connection timeout is 90 seconds.
\o *INFO* (icLic-305) Step 1: Connecting to parent. Spent time is 0 seconds.
\o *INFO* (icLic-309) The registration of the child 3078663 within 90 seconds is being processed ...
\o *INFO* (icLic-310) The result of registration is true. Spend time is 0 seconds.
\o *INFO* (icLic-308) The end of connection. Result is true. Total spent time is 0 seconds.
\o Loading viva.cxt 
\o ("In _axlResolveAXLPath" nil "/cal/exterieurs/afonlupt-25/simulation/TSPCFF_LIB/TB_TSPCFF_bis/adexl/results/data/Interactive.2/3/TSPCFF_LIB:TB_TSPCFF:1" "/cal/exterieurs/afonlupt-25/afonlupt/projetCD2IC/TSPCFF_LIB/TB_TSPCFF_bis/adexl" "/cal/exterieurs/afonlupt-25/simulation")
\o ("resolvedPath is" "/cal/exterieurs/afonlupt-25/simulation/TSPCFF_LIB/TB_TSPCFF_bis/adexl/results/data/Interactive.2/3/TSPCFF_LIB:TB_TSPCFF:1")
\o Loading gpdk045/libInit.il ...
\o 	Loading gpdk045/loadCxt.ile ... done!
\o 	Loading context 'gpdk045' from library 'gpdk045' ... done!
\o 	Loading context 'pdkUtils' from library 'gpdk045' ... done!
\e 	Loading gpdk045/gpdk045_customFilter.il ... *Error* eval: unbound variable - axlRegisterCustomDeviceFilter
\o failed!
\o 	Loading gpdk045/libInitCustomExit.il ... 
\o 	Loading Environment Settings ...
\o 	Loading Model Management File ...
\o Loading spectrei.cxt 
\o Loading devCheck.cxt 
\o Loading relXpert.cxt 
\o Loading hspiceD.cxt 
\o Loading spectreinl.cxt 
\o Loading UltraSim.cxt 
\o Loading msgHandler.cxt 
\o Loading AMSOSS.cxt 
\o Loading AMS.cxt 
\o 	Loading gpdk045/gpdk045_PDKRegistrations.il ... done!
\o 
\o   *************************************************************           
\o   *              Cadence Design Systems, Inc.                 *           
\o   *                                                           *           
\o   *                    Generic 45nm PDK                       *           
\o   *                        (gpdk045)                          *           
\o   *                                                           *           
\o   *************************************************************           
\o 	
\o 
\o 	VERSION: 4.0 (17-June-2014)
\o 
\o done!
\o Failed to load gpdk045/libInit.il successfully!("In _axlICRPResolveAXLPath" sevSession1 "$AXL_SETUPDB_DIR/test_states/TSPCFF_LIB:TB_TSPCFF:1_tmpstate.143302914_Interactive.2.state" "/cal/exterieurs/afonlupt-25/afonlupt/projetCD2IC/TSPCFF_LIB/TB_TSPCFF_bis/adexl" "/cal/exterieurs/afonlupt-25/simulation")
\o ("resolvedPath is" "/cal/exterieurs/afonlupt-25/afonlupt/projetCD2IC/TSPCFF_LIB/TB_TSPCFF_bis/adexl/test_states/TSPCFF_LIB:TB_TSPCFF:1_tmpstate.143302914_Interactive.2.state")
\o ("In _axlResolveAXLPath" nil "$AXL_SETUPDB_DIR/test_states" "/cal/exterieurs/afonlupt-25/afonlupt/projetCD2IC/TSPCFF_LIB/TB_TSPCFF_bis/adexl" "/cal/exterieurs/afonlupt-25/simulation")
\o ("resolvedPath is" "/cal/exterieurs/afonlupt-25/afonlupt/projetCD2IC/TSPCFF_LIB/TB_TSPCFF_bis/adexl/test_states")
\o 
\o *Info*    The auto suspension is disabled.
\o 
\o Loading monte.cxt 
\o 
\o 
\o 
\o 
\o 
\o *Info*    Run start for Point ID (0 13) on testbench [
\o           TSPCFF_LIB:TB_TSPCFF:1 ].
\o 
\o Resetting statistical vars
\o 
\o *Info*    Setting parameter values ...
\o 
\o Setting temp(T) = 27
\o Setting var tsetup = "150p"
\o Setting var wmn2 = "255.7894737n"
\o Setting var wmn4 = "255.7894737n"
\o Setting var wmp5 = "250n"
\o Setting var wmp2 = "250n"
\o 
\o *Info*    Netlist Directory =
\o           /cal/exterieurs/afonlupt-25/simulation/TSPCFF_LIB/TB_TSPCFF_bis/adexl/results/data/Interactive.2/13/TSPCFF_LIB:TB_TSPCFF:1/netlist
\o 
\o 
\o *Info*    Data Directory    =
\o           /cal/exterieurs/afonlupt-25/simulation/TSPCFF_LIB/TB_TSPCFF_bis/adexl/results/data/Interactive.2/13/TSPCFF_LIB:TB_TSPCFF:1
\o 
\o 
\o *Info*    Creating Netlist for Point ID (0 13)
\o 
\o generate netlist...
\o Loading seCore.cxt 
\o Begin Incremental Netlisting Nov 27 17:38:47 2025
\o End netlisting Nov 27 17:38:47 2025
\o 
\o 	The netlist is up to date.
\o 	Time taken to compare the design with netlist:   0.0s
\o       ...successful.
\o compose simulator input file...
\o       ...successful.
\# Available memory:         12,875 MB at UTC 2025.11.27 16:38:48.030
\# Memory report: Maximum memory size now 13,190 MB at UTC 2025.11.27 16:38:48.030
\# Thread usage report: 21 active threads, active load 1.00 at UTC 2025.11.27 16:38:48.030
\o 
\o *Info*    Running simulation on testbench [ TSPCFF_LIB:TB_TSPCFF:1 ]
\o           for Point ID (0 13).
\o 
\o Delete psf data in /cal/exterieurs/afonlupt-25/simulation/TSPCFF_LIB/TB_TSPCFF_bis/adexl/results/data/Interactive.2/13/TSPCFF_LIB:TB_TSPCFF:1/psf.
\o compose simulator input file...
\o       ...successful.
\o start simulator if needed...
\o       ...successful.
\o simulate...
\o To view the simulator output, right-click on the test name, result 
\o name, or any value in the "Results" tab of the Outputs section and 
\o choose "Output Log" menu option.
\o Loading paraplot.cxt 
\# Memory report: using         324 MB, process size 1,311 MB at UTC 2025.11.27 16:38:50.866
\o INFO (ADE-3071): Simulation completed successfully.
\o reading simulation data...
\o       ...successful.
\o *Info*    Client has finished evaluating ... 
\o 
\o 
\o *Info*    Run complete for Point ID (0 13) on testbench [
\o           TSPCFF_LIB:TB_TSPCFF:1 ].
\o 
\o 
\o 
\o 
\o 
\o 
\o 
\o 
\o 
\o 
\o *Info*    Run start for Point ID (0 29) on testbench [
\o           TSPCFF_LIB:TB_TSPCFF:1 ].
\o 
\o Resetting statistical vars
\o 
\o *Info*    Setting parameter values ...
\o 
\o Setting var wmn2 = "230.5263158n"
\o Setting var wmn4 = "230.5263158n"
\o Setting var wmp5 = "255.2631579n"
\o Setting var wmp2 = "255.2631579n"
\o 
\o *Info*    Netlist Directory =
\o           /cal/exterieurs/afonlupt-25/simulation/TSPCFF_LIB/TB_TSPCFF_bis/adexl/results/data/Interactive.2/29/TSPCFF_LIB:TB_TSPCFF:1/netlist
\o 
\o 
\o *Info*    Data Directory    =
\o           /cal/exterieurs/afonlupt-25/simulation/TSPCFF_LIB/TB_TSPCFF_bis/adexl/results/data/Interactive.2/29/TSPCFF_LIB:TB_TSPCFF:1
\o 
\o 
\o *Info*    Creating Netlist for Point ID (0 29)
\o 
\o generate netlist...
\o Begin Incremental Netlisting Nov 27 17:39:00 2025
\o End netlisting Nov 27 17:39:00 2025
\o 
\o 	The netlist is up to date.
\o 	Time taken to compare the design with netlist:   0.0s
\o       ...successful.
\o compose simulator input file...
\o       ...successful.
\o 
\o *Info*    Running simulation on testbench [ TSPCFF_LIB:TB_TSPCFF:1 ]
\o           for Point ID (0 29).
\o 
\o Delete psf data in /cal/exterieurs/afonlupt-25/simulation/TSPCFF_LIB/TB_TSPCFF_bis/adexl/results/data/Interactive.2/29/TSPCFF_LIB:TB_TSPCFF:1/psf.
\o compose simulator input file...
\o       ...successful.
\o start simulator if needed...
\o       ...successful.
\o simulate...
\o To view the simulator output, right-click on the test name, result 
\o name, or any value in the "Results" tab of the Outputs section and 
\o choose "Output Log" menu option.
\o INFO (ADE-3071): Simulation completed successfully.
\o reading simulation data...
\o       ...successful.
\o *Info*    Client has finished evaluating ... 
\o 
\o 
\o *Info*    Run complete for Point ID (0 29) on testbench [
\o           TSPCFF_LIB:TB_TSPCFF:1 ].
\o 
\o 
\o 
\o 
\o 
\o 
\o 
\o 
\o 
\o 
\o *Info*    Run start for Point ID (0 47) on testbench [
\o           TSPCFF_LIB:TB_TSPCFF:1 ].
\o 
\o Resetting statistical vars
\o 
\o *Info*    Setting parameter values ...
\o 
\o Setting var wmn2 = "217.8947368n"
\o Setting var wmn4 = "217.8947368n"
\o Setting var wmp5 = "260.5263158n"
\o Setting var wmp2 = "260.5263158n"
\o 
\o *Info*    Netlist Directory =
\o           /cal/exterieurs/afonlupt-25/simulation/TSPCFF_LIB/TB_TSPCFF_bis/adexl/results/data/Interactive.2/47/TSPCFF_LIB:TB_TSPCFF:1/netlist
\o 
\o 
\o *Info*    Data Directory    =
\o           /cal/exterieurs/afonlupt-25/simulation/TSPCFF_LIB/TB_TSPCFF_bis/adexl/results/data/Interactive.2/47/TSPCFF_LIB:TB_TSPCFF:1
\o 
\o 
\o *Info*    Creating Netlist for Point ID (0 47)
\o 
\o generate netlist...
\o Begin Incremental Netlisting Nov 27 17:39:12 2025
\o End netlisting Nov 27 17:39:12 2025
\o 
\o 	The netlist is up to date.
\o 	Time taken to compare the design with netlist:   0.0s
\o       ...successful.
\o compose simulator input file...
\o       ...successful.
\o 
\o *Info*    Running simulation on testbench [ TSPCFF_LIB:TB_TSPCFF:1 ]
\o           for Point ID (0 47).
\o 
\o Delete psf data in /cal/exterieurs/afonlupt-25/simulation/TSPCFF_LIB/TB_TSPCFF_bis/adexl/results/data/Interactive.2/47/TSPCFF_LIB:TB_TSPCFF:1/psf.
\o compose simulator input file...
\o       ...successful.
\o start simulator if needed...
\o       ...successful.
\o simulate...
\o To view the simulator output, right-click on the test name, result 
\o name, or any value in the "Results" tab of the Outputs section and 
\o choose "Output Log" menu option.
\o INFO (ADE-3071): Simulation completed successfully.
\o reading simulation data...
\o       ...successful.
\o *Info*    Client has finished evaluating ... 
\o 
\o 
\o *Info*    Run complete for Point ID (0 47) on testbench [
\o           TSPCFF_LIB:TB_TSPCFF:1 ].
\o 
\o 
\o 
\o 
\o 
\o 
\o 
\o 
\o 
\o 
\o *Info*    Run start for Point ID (0 71) on testbench [
\o           TSPCFF_LIB:TB_TSPCFF:1 ].
\o 
\o Resetting statistical vars
\o 
\o *Info*    Setting parameter values ...
\o 
\o Setting var wmn2 = "243.1578947n"
\o Setting var wmn4 = "243.1578947n"
\o Setting var wmp5 = "265.7894737n"
\o Setting var wmp2 = "265.7894737n"
\o 
\o *Info*    Netlist Directory =
\o           /cal/exterieurs/afonlupt-25/simulation/TSPCFF_LIB/TB_TSPCFF_bis/adexl/results/data/Interactive.2/71/TSPCFF_LIB:TB_TSPCFF:1/netlist
\o 
\o 
\o *Info*    Data Directory    =
\o           /cal/exterieurs/afonlupt-25/simulation/TSPCFF_LIB/TB_TSPCFF_bis/adexl/results/data/Interactive.2/71/TSPCFF_LIB:TB_TSPCFF:1
\o 
\o 
\o *Info*    Creating Netlist for Point ID (0 71)
\o 
\o generate netlist...
\o Begin Incremental Netlisting Nov 27 17:39:23 2025
\o End netlisting Nov 27 17:39:23 2025
\o 
\o 	The netlist is up to date.
\o 	Time taken to compare the design with netlist:   0.0s
\o       ...successful.
\o compose simulator input file...
\o       ...successful.
\o 
\o *Info*    Running simulation on testbench [ TSPCFF_LIB:TB_TSPCFF:1 ]
\o           for Point ID (0 71).
\o 
\o Delete psf data in /cal/exterieurs/afonlupt-25/simulation/TSPCFF_LIB/TB_TSPCFF_bis/adexl/results/data/Interactive.2/71/TSPCFF_LIB:TB_TSPCFF:1/psf.
\o compose simulator input file...
\o       ...successful.
\o start simulator if needed...
\o       ...successful.
\o simulate...
\o To view the simulator output, right-click on the test name, result 
\o name, or any value in the "Results" tab of the Outputs section and 
\o choose "Output Log" menu option.
\o INFO (ADE-3071): Simulation completed successfully.
\o reading simulation data...
\o       ...successful.
\o *Info*    Client has finished evaluating ... 
\o 
\o 
\o *Info*    Run complete for Point ID (0 71) on testbench [
\o           TSPCFF_LIB:TB_TSPCFF:1 ].
\o 
\o 
\o 
\o 
\o 
\o 
\o 
\o 
\o 
\o 
\o *Info*    Run start for Point ID (0 93) on testbench [
\o           TSPCFF_LIB:TB_TSPCFF:1 ].
\o 
\o Resetting statistical vars
\o 
\o *Info*    Setting parameter values ...
\o 
\o Setting var wmn2 = "255.7894737n"
\o Setting var wmn4 = "255.7894737n"
\o Setting var wmp5 = "271.0526316n"
\o Setting var wmp2 = "271.0526316n"
\o 
\o *Info*    Netlist Directory =
\o           /cal/exterieurs/afonlupt-25/simulation/TSPCFF_LIB/TB_TSPCFF_bis/adexl/results/data/Interactive.2/93/TSPCFF_LIB:TB_TSPCFF:1/netlist
\o 
\o 
\o *Info*    Data Directory    =
\o           /cal/exterieurs/afonlupt-25/simulation/TSPCFF_LIB/TB_TSPCFF_bis/adexl/results/data/Interactive.2/93/TSPCFF_LIB:TB_TSPCFF:1
\o 
\o 
\o *Info*    Creating Netlist for Point ID (0 93)
\o 
\o generate netlist...
\o Begin Incremental Netlisting Nov 27 17:39:34 2025
\o End netlisting Nov 27 17:39:34 2025
\o 
\o 	The netlist is up to date.
\o 	Time taken to compare the design with netlist:   0.0s
\o       ...successful.
\o compose simulator input file...
\o       ...successful.
\o 
\o *Info*    Running simulation on testbench [ TSPCFF_LIB:TB_TSPCFF:1 ]
\o           for Point ID (0 93).
\o 
\o Delete psf data in /cal/exterieurs/afonlupt-25/simulation/TSPCFF_LIB/TB_TSPCFF_bis/adexl/results/data/Interactive.2/93/TSPCFF_LIB:TB_TSPCFF:1/psf.
\o compose simulator input file...
\o       ...successful.
\o start simulator if needed...
\o       ...successful.
\o simulate...
\o To view the simulator output, right-click on the test name, result 
\o name, or any value in the "Results" tab of the Outputs section and 
\o choose "Output Log" menu option.
\o INFO (ADE-3071): Simulation completed successfully.
\o reading simulation data...
\o       ...successful.
\o *Info*    Client has finished evaluating ... 
\o 
\o 
\o *Info*    Run complete for Point ID (0 93) on testbench [
\o           TSPCFF_LIB:TB_TSPCFF:1 ].
\o 
\o 
\o 
\o 
\o 
\o 
\o 
\o 
\o 
\o 
\o *Info*    Run start for Point ID (0 113) on testbench [
\o           TSPCFF_LIB:TB_TSPCFF:1 ].
\o 
\o Resetting statistical vars
\o 
\o *Info*    Setting parameter values ...
\o 
\o Setting var wmp5 = "276.3157895n"
\o Setting var wmp2 = "276.3157895n"
\o 
\o *Info*    Netlist Directory =
\o           /cal/exterieurs/afonlupt-25/simulation/TSPCFF_LIB/TB_TSPCFF_bis/adexl/results/data/Interactive.2/113/TSPCFF_LIB:TB_TSPCFF:1/netlist
\o 
\o 
\o *Info*    Data Directory    =
\o           /cal/exterieurs/afonlupt-25/simulation/TSPCFF_LIB/TB_TSPCFF_bis/adexl/results/data/Interactive.2/113/TSPCFF_LIB:TB_TSPCFF:1
\o 
\o 
\o *Info*    Creating Netlist for Point ID (0 113)
\o 
\o generate netlist...
\o Begin Incremental Netlisting Nov 27 17:39:43 2025
\o End netlisting Nov 27 17:39:43 2025
\o 
\o 	The netlist is up to date.
\o 	Time taken to compare the design with netlist:   0.0s
\o       ...successful.
\o compose simulator input file...
\o       ...successful.
\o 
\o *Info*    Running simulation on testbench [ TSPCFF_LIB:TB_TSPCFF:1 ]
\o           for Point ID (0 113).
\o 
\o Delete psf data in /cal/exterieurs/afonlupt-25/simulation/TSPCFF_LIB/TB_TSPCFF_bis/adexl/results/data/Interactive.2/113/TSPCFF_LIB:TB_TSPCFF:1/psf.
\o compose simulator input file...
\o       ...successful.
\o start simulator if needed...
\o       ...successful.
\o simulate...
\o To view the simulator output, right-click on the test name, result 
\o name, or any value in the "Results" tab of the Outputs section and 
\o choose "Output Log" menu option.
\o INFO (ADE-3071): Simulation completed successfully.
\o reading simulation data...
\o       ...successful.
\o *Info*    Client has finished evaluating ... 
\o 
\o 
\o *Info*    Run complete for Point ID (0 113) on testbench [
\o           TSPCFF_LIB:TB_TSPCFF:1 ].
\o 
\o 
\o 
\o 
\o 
\o 
\o 
\o 
\o 
\o 
\o *Info*    Run start for Point ID (0 144) on testbench [
\o           TSPCFF_LIB:TB_TSPCFF:1 ].
\o 
\o Resetting statistical vars
\o 
\o *Info*    Setting parameter values ...
\o 
\o Setting var wmn2 = "198.9473684n"
\o Setting var wmn4 = "198.9473684n"
\o Setting var wmp5 = "286.8421053n"
\o Setting var wmp2 = "286.8421053n"
\o 
\o *Info*    Netlist Directory =
\o           /cal/exterieurs/afonlupt-25/simulation/TSPCFF_LIB/TB_TSPCFF_bis/adexl/results/data/Interactive.2/144/TSPCFF_LIB:TB_TSPCFF:1/netlist
\o 
\o 
\o *Info*    Data Directory    =
\o           /cal/exterieurs/afonlupt-25/simulation/TSPCFF_LIB/TB_TSPCFF_bis/adexl/results/data/Interactive.2/144/TSPCFF_LIB:TB_TSPCFF:1
\o 
\o 
\o *Info*    Creating Netlist for Point ID (0 144)
\o 
\o generate netlist...
\o Begin Incremental Netlisting Nov 27 17:39:53 2025
\o End netlisting Nov 27 17:39:53 2025
\o 
\o 	The netlist is up to date.
\o 	Time taken to compare the design with netlist:   0.0s
\o       ...successful.
\o compose simulator input file...
\o       ...successful.
\o 
\o *Info*    Running simulation on testbench [ TSPCFF_LIB:TB_TSPCFF:1 ]
\o           for Point ID (0 144).
\o 
\o Delete psf data in /cal/exterieurs/afonlupt-25/simulation/TSPCFF_LIB/TB_TSPCFF_bis/adexl/results/data/Interactive.2/144/TSPCFF_LIB:TB_TSPCFF:1/psf.
\o compose simulator input file...
\o       ...successful.
\o start simulator if needed...
\o       ...successful.
\o simulate...
\o To view the simulator output, right-click on the test name, result 
\o name, or any value in the "Results" tab of the Outputs section and 
\o choose "Output Log" menu option.
\o INFO (ADE-3071): Simulation completed successfully.
\o reading simulation data...
\o       ...successful.
\o *Info*    Client has finished evaluating ... 
\o 
\o 
\o *Info*    Run complete for Point ID (0 144) on testbench [
\o           TSPCFF_LIB:TB_TSPCFF:1 ].
\o 
\o 
\o 
\o 
\o 
\o 
\o 
\o 
\o 
\o 
\o *Info*    Run start for Point ID (0 158) on testbench [
\o           TSPCFF_LIB:TB_TSPCFF:1 ].
\o 
\o Resetting statistical vars
\o 
\o *Info*    Setting parameter values ...
\o 
\o Setting var wmn2 = "287.3684211n"
\o Setting var wmn4 = "287.3684211n"
\o 
\o *Info*    Netlist Directory =
\o           /cal/exterieurs/afonlupt-25/simulation/TSPCFF_LIB/TB_TSPCFF_bis/adexl/results/data/Interactive.2/158/TSPCFF_LIB:TB_TSPCFF:1/netlist
\o 
\o 
\o *Info*    Data Directory    =
\o           /cal/exterieurs/afonlupt-25/simulation/TSPCFF_LIB/TB_TSPCFF_bis/adexl/results/data/Interactive.2/158/TSPCFF_LIB:TB_TSPCFF:1
\o 
\o 
\o *Info*    Creating Netlist for Point ID (0 158)
\o 
\o generate netlist...
\o Begin Incremental Netlisting Nov 27 17:40:01 2025
\o End netlisting Nov 27 17:40:01 2025
\o 
\o 	The netlist is up to date.
\o 	Time taken to compare the design with netlist:   0.0s
\o       ...successful.
\o compose simulator input file...
\o       ...successful.
\o 
\o *Info*    Running simulation on testbench [ TSPCFF_LIB:TB_TSPCFF:1 ]
\o           for Point ID (0 158).
\o 
\o Delete psf data in /cal/exterieurs/afonlupt-25/simulation/TSPCFF_LIB/TB_TSPCFF_bis/adexl/results/data/Interactive.2/158/TSPCFF_LIB:TB_TSPCFF:1/psf.
\o compose simulator input file...
\o       ...successful.
\o start simulator if needed...
\o       ...successful.
\o simulate...
\o To view the simulator output, right-click on the test name, result 
\o name, or any value in the "Results" tab of the Outputs section and 
\o choose "Output Log" menu option.
\o INFO (ADE-3071): Simulation completed successfully.
\o reading simulation data...
\o       ...successful.
\o *Info*    Client has finished evaluating ... 
\o 
\o 
\o *Info*    Run complete for Point ID (0 158) on testbench [
\o           TSPCFF_LIB:TB_TSPCFF:1 ].
\o 
\o 
\o 
\o 
\o 
\o 
\o 
\o 
\o 
\o 
\o *Info*    Run start for Point ID (0 176) on testbench [
\o           TSPCFF_LIB:TB_TSPCFF:1 ].
\o 
\o Resetting statistical vars
\o 
\o *Info*    Setting parameter values ...
\o 
\o Setting var wmn2 = "274.7368421n"
\o Setting var wmn4 = "274.7368421n"
\o Setting var wmp5 = "292.1052632n"
\o Setting var wmp2 = "292.1052632n"
\o 
\o *Info*    Netlist Directory =
\o           /cal/exterieurs/afonlupt-25/simulation/TSPCFF_LIB/TB_TSPCFF_bis/adexl/results/data/Interactive.2/176/TSPCFF_LIB:TB_TSPCFF:1/netlist
\o 
\o 
\o *Info*    Data Directory    =
\o           /cal/exterieurs/afonlupt-25/simulation/TSPCFF_LIB/TB_TSPCFF_bis/adexl/results/data/Interactive.2/176/TSPCFF_LIB:TB_TSPCFF:1
\o 
\o 
\o *Info*    Creating Netlist for Point ID (0 176)
\o 
\o generate netlist...
\o Begin Incremental Netlisting Nov 27 17:40:08 2025
\o End netlisting Nov 27 17:40:08 2025
\o 
\o 	The netlist is up to date.
\o 	Time taken to compare the design with netlist:   0.0s
\o       ...successful.
\o compose simulator input file...
\o       ...successful.
\o 
\o *Info*    Running simulation on testbench [ TSPCFF_LIB:TB_TSPCFF:1 ]
\o           for Point ID (0 176).
\o 
\o Delete psf data in /cal/exterieurs/afonlupt-25/simulation/TSPCFF_LIB/TB_TSPCFF_bis/adexl/results/data/Interactive.2/176/TSPCFF_LIB:TB_TSPCFF:1/psf.
\o compose simulator input file...
\o       ...successful.
\o start simulator if needed...
\o       ...successful.
\o simulate...
\o To view the simulator output, right-click on the test name, result 
\o name, or any value in the "Results" tab of the Outputs section and 
\o choose "Output Log" menu option.
\o INFO (ADE-3071): Simulation completed successfully.
\o reading simulation data...
\o       ...successful.
\o *Info*    Client has finished evaluating ... 
\o 
\o 
\o *Info*    Run complete for Point ID (0 176) on testbench [
\o           TSPCFF_LIB:TB_TSPCFF:1 ].
\o 
\o 
\o 
\o 
\o 
\o 
\o 
\o 
\o 
\o 
\o *Info*    Run start for Point ID (0 195) on testbench [
\o           TSPCFF_LIB:TB_TSPCFF:1 ].
\o 
\o Resetting statistical vars
\o 
\o *Info*    Setting parameter values ...
\o 
\o Setting var wmn2 = "268.4210526n"
\o Setting var wmn4 = "268.4210526n"
\o Setting var wmp5 = "297.3684211n"
\o Setting var wmp2 = "297.3684211n"
\o 
\o *Info*    Netlist Directory =
\o           /cal/exterieurs/afonlupt-25/simulation/TSPCFF_LIB/TB_TSPCFF_bis/adexl/results/data/Interactive.2/195/TSPCFF_LIB:TB_TSPCFF:1/netlist
\o 
\o 
\o *Info*    Data Directory    =
\o           /cal/exterieurs/afonlupt-25/simulation/TSPCFF_LIB/TB_TSPCFF_bis/adexl/results/data/Interactive.2/195/TSPCFF_LIB:TB_TSPCFF:1
\o 
\o 
\o *Info*    Creating Netlist for Point ID (0 195)
\o 
\o generate netlist...
\o Begin Incremental Netlisting Nov 27 17:40:16 2025
\o End netlisting Nov 27 17:40:16 2025
\o 
\o 	The netlist is up to date.
\o 	Time taken to compare the design with netlist:   0.0s
\o       ...successful.
\o compose simulator input file...
\o       ...successful.
\o 
\o *Info*    Running simulation on testbench [ TSPCFF_LIB:TB_TSPCFF:1 ]
\o           for Point ID (0 195).
\o 
\o Delete psf data in /cal/exterieurs/afonlupt-25/simulation/TSPCFF_LIB/TB_TSPCFF_bis/adexl/results/data/Interactive.2/195/TSPCFF_LIB:TB_TSPCFF:1/psf.
\o compose simulator input file...
\o       ...successful.
\o start simulator if needed...
\o       ...successful.
\o simulate...
\o To view the simulator output, right-click on the test name, result 
\o name, or any value in the "Results" tab of the Outputs section and 
\o choose "Output Log" menu option.
\o INFO (ADE-3071): Simulation completed successfully.
\o reading simulation data...
\o       ...successful.
\o *Info*    Client has finished evaluating ... 
\o 
\o 
\o *Info*    Run complete for Point ID (0 195) on testbench [
\o           TSPCFF_LIB:TB_TSPCFF:1 ].
\o 
\o 
\o 
\o 
\o 
\o 
\o 
\o 
\o 
\o 
\o *Info*    Run start for Point ID (0 216) on testbench [
\o           TSPCFF_LIB:TB_TSPCFF:1 ].
\o 
\o Resetting statistical vars
\o 
\o *Info*    Setting parameter values ...
\o 
\o Setting var wmn2 = "274.7368421n"
\o Setting var wmn4 = "274.7368421n"
\o Setting var wmp5 = "302.6315789n"
\o Setting var wmp2 = "302.6315789n"
\o 
\o *Info*    Netlist Directory =
\o           /cal/exterieurs/afonlupt-25/simulation/TSPCFF_LIB/TB_TSPCFF_bis/adexl/results/data/Interactive.2/216/TSPCFF_LIB:TB_TSPCFF:1/netlist
\o 
\o 
\o *Info*    Data Directory    =
\o           /cal/exterieurs/afonlupt-25/simulation/TSPCFF_LIB/TB_TSPCFF_bis/adexl/results/data/Interactive.2/216/TSPCFF_LIB:TB_TSPCFF:1
\o 
\o 
\o *Info*    Creating Netlist for Point ID (0 216)
\o 
\o generate netlist...
\o Begin Incremental Netlisting Nov 27 17:40:24 2025
\o End netlisting Nov 27 17:40:24 2025
\o 
\o 	The netlist is up to date.
\o 	Time taken to compare the design with netlist:   0.0s
\o       ...successful.
\o compose simulator input file...
\o       ...successful.
\o 
\o *Info*    Running simulation on testbench [ TSPCFF_LIB:TB_TSPCFF:1 ]
\o           for Point ID (0 216).
\o 
\o Delete psf data in /cal/exterieurs/afonlupt-25/simulation/TSPCFF_LIB/TB_TSPCFF_bis/adexl/results/data/Interactive.2/216/TSPCFF_LIB:TB_TSPCFF:1/psf.
\o compose simulator input file...
\o       ...successful.
\o start simulator if needed...
\o       ...successful.
\o simulate...
\o To view the simulator output, right-click on the test name, result 
\o name, or any value in the "Results" tab of the Outputs section and 
\o choose "Output Log" menu option.
\o INFO (ADE-3071): Simulation completed successfully.
\o reading simulation data...
\o       ...successful.
\o *Info*    Client has finished evaluating ... 
\o 
\o 
\o *Info*    Run complete for Point ID (0 216) on testbench [
\o           TSPCFF_LIB:TB_TSPCFF:1 ].
\o 
\o 
\o 
\o 
\o 
\o 
\o 
\o 
\o 
\o 
\o *Info*    Run start for Point ID (0 235) on testbench [
\o           TSPCFF_LIB:TB_TSPCFF:1 ].
\o 
\o Resetting statistical vars
\o 
\o *Info*    Setting parameter values ...
\o 
\o Setting var wmn2 = "268.4210526n"
\o Setting var wmn4 = "268.4210526n"
\o Setting var wmp5 = "307.8947368n"
\o Setting var wmp2 = "307.8947368n"
\o 
\o *Info*    Netlist Directory =
\o           /cal/exterieurs/afonlupt-25/simulation/TSPCFF_LIB/TB_TSPCFF_bis/adexl/results/data/Interactive.2/235/TSPCFF_LIB:TB_TSPCFF:1/netlist
\o 
\o 
\o *Info*    Data Directory    =
\o           /cal/exterieurs/afonlupt-25/simulation/TSPCFF_LIB/TB_TSPCFF_bis/adexl/results/data/Interactive.2/235/TSPCFF_LIB:TB_TSPCFF:1
\o 
\o 
\o *Info*    Creating Netlist for Point ID (0 235)
\o 
\o generate netlist...
\o Begin Incremental Netlisting Nov 27 17:40:34 2025
\o End netlisting Nov 27 17:40:34 2025
\o 
\o 	The netlist is up to date.
\o 	Time taken to compare the design with netlist:   1.0s
\o       ...successful.
\o compose simulator input file...
\o       ...successful.
\o 
\o *Info*    Running simulation on testbench [ TSPCFF_LIB:TB_TSPCFF:1 ]
\o           for Point ID (0 235).
\o 
\o Delete psf data in /cal/exterieurs/afonlupt-25/simulation/TSPCFF_LIB/TB_TSPCFF_bis/adexl/results/data/Interactive.2/235/TSPCFF_LIB:TB_TSPCFF:1/psf.
\o compose simulator input file...
\o       ...successful.
\o start simulator if needed...
\o       ...successful.
\o simulate...
\o To view the simulator output, right-click on the test name, result 
\o name, or any value in the "Results" tab of the Outputs section and 
\o choose "Output Log" menu option.
\o INFO (ADE-3071): Simulation completed successfully.
\o reading simulation data...
\o       ...successful.
\o *Info*    Client has finished evaluating ... 
\o 
\o 
\o *Info*    Run complete for Point ID (0 235) on testbench [
\o           TSPCFF_LIB:TB_TSPCFF:1 ].
\o 
\o 
\o 
\o 
\o 
\o 
\o 
\o 
\o 
\o 
\o *Info*    Run start for Point ID (0 256) on testbench [
\o           TSPCFF_LIB:TB_TSPCFF:1 ].
\o 
\o Resetting statistical vars
\o 
\o *Info*    Setting parameter values ...
\o 
\o Setting var wmn2 = "274.7368421n"
\o Setting var wmn4 = "274.7368421n"
\o Setting var wmp5 = "313.1578947n"
\o Setting var wmp2 = "313.1578947n"
\o 
\o *Info*    Netlist Directory =
\o           /cal/exterieurs/afonlupt-25/simulation/TSPCFF_LIB/TB_TSPCFF_bis/adexl/results/data/Interactive.2/256/TSPCFF_LIB:TB_TSPCFF:1/netlist
\o 
\o 
\o *Info*    Data Directory    =
\o           /cal/exterieurs/afonlupt-25/simulation/TSPCFF_LIB/TB_TSPCFF_bis/adexl/results/data/Interactive.2/256/TSPCFF_LIB:TB_TSPCFF:1
\o 
\o 
\o *Info*    Creating Netlist for Point ID (0 256)
\o 
\o generate netlist...
\o Begin Incremental Netlisting Nov 27 17:40:41 2025
\o End netlisting Nov 27 17:40:41 2025
\o 
\o 	The netlist is up to date.
\o 	Time taken to compare the design with netlist:   0.0s
\o       ...successful.
\o compose simulator input file...
\o       ...successful.
\o 
\o *Info*    Running simulation on testbench [ TSPCFF_LIB:TB_TSPCFF:1 ]
\o           for Point ID (0 256).
\o 
\o Delete psf data in /cal/exterieurs/afonlupt-25/simulation/TSPCFF_LIB/TB_TSPCFF_bis/adexl/results/data/Interactive.2/256/TSPCFF_LIB:TB_TSPCFF:1/psf.
\o compose simulator input file...
\o       ...successful.
\o start simulator if needed...
\o       ...successful.
\o simulate...
\o To view the simulator output, right-click on the test name, result 
\o name, or any value in the "Results" tab of the Outputs section and 
\o choose "Output Log" menu option.
\o INFO (ADE-3071): Simulation completed successfully.
\o reading simulation data...
\o       ...successful.
\o *Info*    Client has finished evaluating ... 
\o 
\o 
\o *Info*    Run complete for Point ID (0 256) on testbench [
\o           TSPCFF_LIB:TB_TSPCFF:1 ].
\o 
\o 
\o 
\o 
\o 
\o 
\o 
\o 
\o 
\o 
\o *Info*    Run start for Point ID (0 274) on testbench [
\o           TSPCFF_LIB:TB_TSPCFF:1 ].
\o 
\o Resetting statistical vars
\o 
\o *Info*    Setting parameter values ...
\o 
\o Setting var wmn2 = "262.1052632n"
\o Setting var wmn4 = "262.1052632n"
\o Setting var wmp5 = "318.4210526n"
\o Setting var wmp2 = "318.4210526n"
\o 
\o *Info*    Netlist Directory =
\o           /cal/exterieurs/afonlupt-25/simulation/TSPCFF_LIB/TB_TSPCFF_bis/adexl/results/data/Interactive.2/274/TSPCFF_LIB:TB_TSPCFF:1/netlist
\o 
\o 
\o *Info*    Data Directory    =
\o           /cal/exterieurs/afonlupt-25/simulation/TSPCFF_LIB/TB_TSPCFF_bis/adexl/results/data/Interactive.2/274/TSPCFF_LIB:TB_TSPCFF:1
\o 
\o 
\o *Info*    Creating Netlist for Point ID (0 274)
\o 
\o generate netlist...
\o Begin Incremental Netlisting Nov 27 17:40:50 2025
\o End netlisting Nov 27 17:40:50 2025
\o 
\o 	The netlist is up to date.
\o 	Time taken to compare the design with netlist:   0.0s
\o       ...successful.
\o compose simulator input file...
\o       ...successful.
\o 
\o *Info*    Running simulation on testbench [ TSPCFF_LIB:TB_TSPCFF:1 ]
\o           for Point ID (0 274).
\o 
\o Delete psf data in /cal/exterieurs/afonlupt-25/simulation/TSPCFF_LIB/TB_TSPCFF_bis/adexl/results/data/Interactive.2/274/TSPCFF_LIB:TB_TSPCFF:1/psf.
\o compose simulator input file...
\o       ...successful.
\o start simulator if needed...
\o       ...successful.
\o simulate...
\o To view the simulator output, right-click on the test name, result 
\o name, or any value in the "Results" tab of the Outputs section and 
\o choose "Output Log" menu option.
\o INFO (ADE-3071): Simulation completed successfully.
\o reading simulation data...
\o       ...successful.
\o *Info*    Client has finished evaluating ... 
\o 
\o 
\o *Info*    Run complete for Point ID (0 274) on testbench [
\o           TSPCFF_LIB:TB_TSPCFF:1 ].
\o 
\o 
\o 
\o 
\o 
\o 
\o 
\o 
\o 
\o 
\o *Info*    Run start for Point ID (0 293) on testbench [
\o           TSPCFF_LIB:TB_TSPCFF:1 ].
\o 
\o Resetting statistical vars
\o 
\o *Info*    Setting parameter values ...
\o 
\o Setting var wmn2 = "255.7894737n"
\o Setting var wmn4 = "255.7894737n"
\o Setting var wmp5 = "323.6842105n"
\o Setting var wmp2 = "323.6842105n"
\o 
\o *Info*    Netlist Directory =
\o           /cal/exterieurs/afonlupt-25/simulation/TSPCFF_LIB/TB_TSPCFF_bis/adexl/results/data/Interactive.2/293/TSPCFF_LIB:TB_TSPCFF:1/netlist
\o 
\o 
\o *Info*    Data Directory    =
\o           /cal/exterieurs/afonlupt-25/simulation/TSPCFF_LIB/TB_TSPCFF_bis/adexl/results/data/Interactive.2/293/TSPCFF_LIB:TB_TSPCFF:1
\o 
\o 
\o *Info*    Creating Netlist for Point ID (0 293)
\o 
\o generate netlist...
\o Begin Incremental Netlisting Nov 27 17:41:01 2025
\o End netlisting Nov 27 17:41:01 2025
\o 
\o 	The netlist is up to date.
\o 	Time taken to compare the design with netlist:   1.0s
\o       ...successful.
\o compose simulator input file...
\o       ...successful.
\o 
\o *Info*    Running simulation on testbench [ TSPCFF_LIB:TB_TSPCFF:1 ]
\o           for Point ID (0 293).
\o 
\o Delete psf data in /cal/exterieurs/afonlupt-25/simulation/TSPCFF_LIB/TB_TSPCFF_bis/adexl/results/data/Interactive.2/293/TSPCFF_LIB:TB_TSPCFF:1/psf.
\o compose simulator input file...
\o       ...successful.
\o start simulator if needed...
\o       ...successful.
\o simulate...
\o To view the simulator output, right-click on the test name, result 
\o name, or any value in the "Results" tab of the Outputs section and 
\o choose "Output Log" menu option.
\o INFO (ADE-3071): Simulation completed successfully.
\o reading simulation data...
\o       ...successful.
\o *Info*    Client has finished evaluating ... 
\o 
\o 
\o *Info*    Run complete for Point ID (0 293) on testbench [
\o           TSPCFF_LIB:TB_TSPCFF:1 ].
\o 
\o 
\o 
\o 
\o 
\o 
\o 
\o 
\o 
\o 
\o *Info*    Run start for Point ID (0 310) on testbench [
\o           TSPCFF_LIB:TB_TSPCFF:1 ].
\o 
\o Resetting statistical vars
\o 
\o *Info*    Setting parameter values ...
\o 
\o Setting var wmn2 = "236.8421053n"
\o Setting var wmn4 = "236.8421053n"
\o Setting var wmp5 = "328.9473684n"
\o Setting var wmp2 = "328.9473684n"
\o 
\o *Info*    Netlist Directory =
\o           /cal/exterieurs/afonlupt-25/simulation/TSPCFF_LIB/TB_TSPCFF_bis/adexl/results/data/Interactive.2/310/TSPCFF_LIB:TB_TSPCFF:1/netlist
\o 
\o 
\o *Info*    Data Directory    =
\o           /cal/exterieurs/afonlupt-25/simulation/TSPCFF_LIB/TB_TSPCFF_bis/adexl/results/data/Interactive.2/310/TSPCFF_LIB:TB_TSPCFF:1
\o 
\o 
\o *Info*    Creating Netlist for Point ID (0 310)
\o 
\o generate netlist...
\o Begin Incremental Netlisting Nov 27 17:41:09 2025
\o End netlisting Nov 27 17:41:09 2025
\o 
\o 	The netlist is up to date.
\o 	Time taken to compare the design with netlist:   0.0s
\o       ...successful.
\o compose simulator input file...
\o       ...successful.
\o 
\o *Info*    Running simulation on testbench [ TSPCFF_LIB:TB_TSPCFF:1 ]
\o           for Point ID (0 310).
\o 
\o Delete psf data in /cal/exterieurs/afonlupt-25/simulation/TSPCFF_LIB/TB_TSPCFF_bis/adexl/results/data/Interactive.2/310/TSPCFF_LIB:TB_TSPCFF:1/psf.
\o compose simulator input file...
\o       ...successful.
\o start simulator if needed...
\o       ...successful.
\o simulate...
\o To view the simulator output, right-click on the test name, result 
\o name, or any value in the "Results" tab of the Outputs section and 
\o choose "Output Log" menu option.
\o INFO (ADE-3071): Simulation completed successfully.
\o reading simulation data...
\o       ...successful.
\o *Info*    Client has finished evaluating ... 
\o 
\o 
\o *Info*    Run complete for Point ID (0 310) on testbench [
\o           TSPCFF_LIB:TB_TSPCFF:1 ].
\o 
\o 
\o 
\o 
\o 
\o 
\o 
\o 
\o 
\o 
\o *Info*    Run start for Point ID (0 331) on testbench [
\o           TSPCFF_LIB:TB_TSPCFF:1 ].
\o 
\o Resetting statistical vars
\o 
\o *Info*    Setting parameter values ...
\o 
\o Setting var wmn2 = "243.1578947n"
\o Setting var wmn4 = "243.1578947n"
\o Setting var wmp5 = "334.2105263n"
\o Setting var wmp2 = "334.2105263n"
\o 
\o *Info*    Netlist Directory =
\o           /cal/exterieurs/afonlupt-25/simulation/TSPCFF_LIB/TB_TSPCFF_bis/adexl/results/data/Interactive.2/331/TSPCFF_LIB:TB_TSPCFF:1/netlist
\o 
\o 
\o *Info*    Data Directory    =
\o           /cal/exterieurs/afonlupt-25/simulation/TSPCFF_LIB/TB_TSPCFF_bis/adexl/results/data/Interactive.2/331/TSPCFF_LIB:TB_TSPCFF:1
\o 
\o 
\o *Info*    Creating Netlist for Point ID (0 331)
\o 
\o generate netlist...
\o Begin Incremental Netlisting Nov 27 17:41:16 2025
\o End netlisting Nov 27 17:41:16 2025
\o 
\o 	The netlist is up to date.
\o 	Time taken to compare the design with netlist:   0.0s
\o       ...successful.
\o compose simulator input file...
\o       ...successful.
\o 
\o *Info*    Running simulation on testbench [ TSPCFF_LIB:TB_TSPCFF:1 ]
\o           for Point ID (0 331).
\o 
\o Delete psf data in /cal/exterieurs/afonlupt-25/simulation/TSPCFF_LIB/TB_TSPCFF_bis/adexl/results/data/Interactive.2/331/TSPCFF_LIB:TB_TSPCFF:1/psf.
\o compose simulator input file...
\o       ...successful.
\o start simulator if needed...
\o       ...successful.
\o simulate...
\o To view the simulator output, right-click on the test name, result 
\o name, or any value in the "Results" tab of the Outputs section and 
\o choose "Output Log" menu option.
\o INFO (ADE-3071): Simulation completed successfully.
\o reading simulation data...
\o       ...successful.
\o *Info*    Client has finished evaluating ... 
\o 
\o 
\o *Info*    Run complete for Point ID (0 331) on testbench [
\o           TSPCFF_LIB:TB_TSPCFF:1 ].
\o 
\o 
\o 
\o 
\o 
\o 
\o 
\o 
\o 
\o 
\o *Info*    Run start for Point ID (0 353) on testbench [
\o           TSPCFF_LIB:TB_TSPCFF:1 ].
\o 
\o Resetting statistical vars
\o 
\o *Info*    Setting parameter values ...
\o 
\o Setting var wmn2 = "255.7894737n"
\o Setting var wmn4 = "255.7894737n"
\o Setting var wmp5 = "339.4736842n"
\o Setting var wmp2 = "339.4736842n"
\o 
\o *Info*    Netlist Directory =
\o           /cal/exterieurs/afonlupt-25/simulation/TSPCFF_LIB/TB_TSPCFF_bis/adexl/results/data/Interactive.2/353/TSPCFF_LIB:TB_TSPCFF:1/netlist
\o 
\o 
\o *Info*    Data Directory    =
\o           /cal/exterieurs/afonlupt-25/simulation/TSPCFF_LIB/TB_TSPCFF_bis/adexl/results/data/Interactive.2/353/TSPCFF_LIB:TB_TSPCFF:1
\o 
\o 
\o *Info*    Creating Netlist for Point ID (0 353)
\o 
\o generate netlist...
\o Begin Incremental Netlisting Nov 27 17:41:25 2025
\o End netlisting Nov 27 17:41:25 2025
\o 
\o 	The netlist is up to date.
\o 	Time taken to compare the design with netlist:   0.0s
\o       ...successful.
\o compose simulator input file...
\o       ...successful.
\o 
\o *Info*    Running simulation on testbench [ TSPCFF_LIB:TB_TSPCFF:1 ]
\o           for Point ID (0 353).
\o 
\o Delete psf data in /cal/exterieurs/afonlupt-25/simulation/TSPCFF_LIB/TB_TSPCFF_bis/adexl/results/data/Interactive.2/353/TSPCFF_LIB:TB_TSPCFF:1/psf.
\o compose simulator input file...
\o       ...successful.
\o start simulator if needed...
\o       ...successful.
\o simulate...
\o To view the simulator output, right-click on the test name, result 
\o name, or any value in the "Results" tab of the Outputs section and 
\o choose "Output Log" menu option.
\o INFO (ADE-3071): Simulation completed successfully.
\o reading simulation data...
\o       ...successful.
\o *Info*    Client has finished evaluating ... 
\o 
\o 
\o *Info*    Run complete for Point ID (0 353) on testbench [
\o           TSPCFF_LIB:TB_TSPCFF:1 ].
\o 
\o 
\o 
\o 
\o 
\o 
\o 
\o 
\o 
\o 
\o *Info*    Run start for Point ID (0 372) on testbench [
\o           TSPCFF_LIB:TB_TSPCFF:1 ].
\o 
\o Resetting statistical vars
\o 
\o *Info*    Setting parameter values ...
\o 
\o Setting var wmn2 = "249.4736842n"
\o Setting var wmn4 = "249.4736842n"
\o Setting var wmp5 = "344.7368421n"
\o Setting var wmp2 = "344.7368421n"
\o 
\o *Info*    Netlist Directory =
\o           /cal/exterieurs/afonlupt-25/simulation/TSPCFF_LIB/TB_TSPCFF_bis/adexl/results/data/Interactive.2/372/TSPCFF_LIB:TB_TSPCFF:1/netlist
\o 
\o 
\o *Info*    Data Directory    =
\o           /cal/exterieurs/afonlupt-25/simulation/TSPCFF_LIB/TB_TSPCFF_bis/adexl/results/data/Interactive.2/372/TSPCFF_LIB:TB_TSPCFF:1
\o 
\o 
\o *Info*    Creating Netlist for Point ID (0 372)
\o 
\o generate netlist...
\o Begin Incremental Netlisting Nov 27 17:41:33 2025
\o End netlisting Nov 27 17:41:33 2025
\o 
\o 	The netlist is up to date.
\o 	Time taken to compare the design with netlist:   0.0s
\o       ...successful.
\o compose simulator input file...
\o       ...successful.
\o 
\o *Info*    Running simulation on testbench [ TSPCFF_LIB:TB_TSPCFF:1 ]
\o           for Point ID (0 372).
\o 
\o Delete psf data in /cal/exterieurs/afonlupt-25/simulation/TSPCFF_LIB/TB_TSPCFF_bis/adexl/results/data/Interactive.2/372/TSPCFF_LIB:TB_TSPCFF:1/psf.
\o compose simulator input file...
\o       ...successful.
\o start simulator if needed...
\o       ...successful.
\o simulate...
\o To view the simulator output, right-click on the test name, result 
\o name, or any value in the "Results" tab of the Outputs section and 
\o choose "Output Log" menu option.
\o INFO (ADE-3071): Simulation completed successfully.
\o reading simulation data...
\o       ...successful.
\o *Info*    Client has finished evaluating ... 
\o 
\o 
\o *Info*    Run complete for Point ID (0 372) on testbench [
\o           TSPCFF_LIB:TB_TSPCFF:1 ].
\o 
\o 
\o 
\o 
\o 
\o 
\o 
\o 
\o 
\o 
\o *Info*    Run start for Point ID (0 390) on testbench [
\o           TSPCFF_LIB:TB_TSPCFF:1 ].
\o 
\o Resetting statistical vars
\o 
\o *Info*    Setting parameter values ...
\o 
\o Setting var wmn2 = "236.8421053n"
\o Setting var wmn4 = "236.8421053n"
\o Setting var wmp5 = "350n"
\o Setting var wmp2 = "350n"
\o 
\o *Info*    Netlist Directory =
\o           /cal/exterieurs/afonlupt-25/simulation/TSPCFF_LIB/TB_TSPCFF_bis/adexl/results/data/Interactive.2/390/TSPCFF_LIB:TB_TSPCFF:1/netlist
\o 
\o 
\o *Info*    Data Directory    =
\o           /cal/exterieurs/afonlupt-25/simulation/TSPCFF_LIB/TB_TSPCFF_bis/adexl/results/data/Interactive.2/390/TSPCFF_LIB:TB_TSPCFF:1
\o 
\o 
\o *Info*    Creating Netlist for Point ID (0 390)
\o 
\o generate netlist...
\o Begin Incremental Netlisting Nov 27 17:41:41 2025
\o End netlisting Nov 27 17:41:41 2025
\o 
\o 	The netlist is up to date.
\o 	Time taken to compare the design with netlist:   0.0s
\o       ...successful.
\o compose simulator input file...
\o       ...successful.
\o 
\o *Info*    Running simulation on testbench [ TSPCFF_LIB:TB_TSPCFF:1 ]
\o           for Point ID (0 390).
\o 
\o Delete psf data in /cal/exterieurs/afonlupt-25/simulation/TSPCFF_LIB/TB_TSPCFF_bis/adexl/results/data/Interactive.2/390/TSPCFF_LIB:TB_TSPCFF:1/psf.
\o compose simulator input file...
\o       ...successful.
\o start simulator if needed...
\o       ...successful.
\o simulate...
\o To view the simulator output, right-click on the test name, result 
\o name, or any value in the "Results" tab of the Outputs section and 
\o choose "Output Log" menu option.
\o INFO (ADE-3071): Simulation completed successfully.
\o reading simulation data...
\o       ...successful.
\o *Info*    Client has finished evaluating ... 
\o 
\o 
\o *Info*    Run complete for Point ID (0 390) on testbench [
\o           TSPCFF_LIB:TB_TSPCFF:1 ].
\o 
\o 
\o 
\o 
\o 
\o Simulation design variables differ from those on the cellView,
\o they have been saved in the file "/tmp/saved-design-variables".
\o To save future changes, copy variables to cellView before exiting.
\o ("In _axlGetSessionWindow, window: " window:1)
\o ("In axlGetWindowSession" window:1 nil)
\o ("In _axlGetSessionWindow, window: " window:1)
\# Memory report: on exit            337 MB, process size 1,323 MB at UTC 2025.11.27 16:46:52.853
\# Memory report: peak usage         337 MB, process size 1,323 MB
