

  Cadence Quantus QRC Extraction - 64-bit Parasitic Extractor - Version
15.2.7-s638 Wed Jan  4 18:11:53 PST 2017
-------------------------------------------------------------------------------------------------------------------
                                    Copyright 2017 Cadence Design Systems,
Inc.



INFO (EXTQRCXOPT-243) : For Assura inputs, if the "output_setup -directory_name" option was not
specified, it is automatically set to the input directory.
INFO (LBRCXU-108): Starting

 /comelec/softs/opt/Cadence/releases/ASSURA41_617/tools.lnx86/assura/bin/avRCXxref /cal/exterieurs/afonlupt-25/afonlupt/projetCD2IC/CDS_wk_dir2/LVS/TSPCFF/__qrc.rcx_cmd -useRunName
WARNING (LBRCXU-172): m2write fd 10, 1 tries, bytes -1 of 21, errno 9 Bad file descriptor

@(#)$CDS: avRCXxref_64 version av4.1:Production:dfII6.1.7-64b:IC6.1.7-64b.500.4 07/10/2017 21:38 (sjfnl321) $
sub-version 4.1_USR5_HF11, integ signature 2017-07-10-2113
run on tp-3a107-06 at Thu Nov 20 13:24:37 2025
Reading rsf
INFO (LBRCXU-114): Finished /comelec/softs/opt/Cadence/releases/ASSURA41_617/tools.lnx86/assura/bin/avRCXxref

INFO (LBRCXM-630): Starting extraction: Thu Nov 20 13:24:37 2025


INFO (LBMISC-215205): 
*** Cadence Quantus QRC Extraction Techgen -trans VERSION 15.2.7 Linux 64 bit - (Wed Jan  4 18:11:53 PST 2017)  ***


INFO (CAPGEN-41199): 


Techgen -trans results will be written to directory: /cal/exterieurs/afonlupt-25/afonlupt/projetCD2IC/CDS_wk_dir2/LVS/TSPCFF

INFO (CAPGEN-41737): Lvs layers Bondpad CapMetal Nburied SPK_T?479 SPRL_T?478 ind10 ind11 ind_ct nb_tap npn_emit ntap pnp_emit ptap pwell are not mapped in layer_setup file

WARNING (RCXSPIC-27104): p2lvsfile in tech directory does not have resistance 
 temperature coefficients (TC1, TC2). ?temperature is ignored 

Forking:  /comelec/softs/opt/Cadence/releases/EXT15.27/tools.lnx86/extraction/bin/64bit//capgen -techdir /comelec/softs/opt/opus_kits/CADENCE_PDKS/gpdk045_v_4_0/qrc/typical -lvs /cal/exterieurs/afonlupt-25/afonlupt/projetCD2IC/CDS_wk_dir2/LVS/TSPCFF.xcn -p2lvs /comelec/softs/opt/opus_kits/CADENCE_PDKS/gpdk045_v_4_0/qrc/typical/qrcTechFile -sd -reseqn -p poly_conn,allGate,Oxide -canonical_res_caps -length_units meters -exclude_gate_res -cap_ground_layer psubstrate /cal/exterieurs/afonlupt-25/afonlupt/projetCD2IC/CDS_wk_dir2/LVS/TSPCFF

Successfully created RCX script '/cal/exterieurs/afonlupt-25/afonlupt/projetCD2IC/CDS_wk_dir2/LVS/TSPCFF/rcx.sh'
INFO (LBRCXM-581): Checked out '1' license(s) for Virtuoso_QRC_Extraction_XL 15.20

INFO (LBRCXM-608): Executing command
   /bin/ksh  /cal/exterieurs/afonlupt-25/afonlupt/projetCD2IC/CDS_wk_dir2/LVS/TSPCFF/rcx.sh

##=======================================================
##ADD_EXPLICIT_VIAS=N
##ADD_BULK_TERMINAL=N
##AGDS_FILE=/dev/null
##AGDS_LAYER_MAP_FILE=/dev/null
##HCCI_DEV_PROP_FILE=/dev/null
##AGDS_SPICE_FILE=/dev/null
##AGDS_TEXT_LAYERS=
##ARRAY_VIAS_SPACING=
##ASSURA_RUN_DIR=/cal/exterieurs/afonlupt-25/afonlupt/projetCD2IC/CDS_wk_dir2/LVS
##ASSURA_RUN_NAME=TSPCFF
##BLACK_BOX_CELLS=/dev/null
##BREAK_WIDTH=
##CAP_COUPLING_FACTOR=1.0
##CAP_EXTRACT_MODE=coupled
##CAP_GROUND=VSS!
##CAP_MODELS=no
##DANGLINGR=N
##DENSITY_CHECK_METHOD=P
##DELETE_OUTPUT_FILE=N
##DEVICE_FINGER_DELIMITER='@'
##DF2=N
##DRACULA_RUN_DIR=
##DRACULA_RUN_NAME=
##ENABLESENSITIVITYEXTRACTION=N
##EXCLUDE_FLOAT_LIMIT=
##EXCLUDE_FLOAT_DECOPULING_FACTOR=
##EXCLUDE_FLOATING_NETS=N
##EXCLUDE_NETS_REDUCERC=/dev/null
##EXCLUDE_SELF_CAPS=Y
##IGNORE_GATE_DIFFUSION_FRINGING_CAP=Y
##EXTRACT=both
##EXTRACT_MOS_DIFFUSION_AP=N
##EXTRACT_MOS_DIFFUSION_HIGH=
##EXTRACT_MOS_DIFFUSION_RES=Y
##FILTER_SIZE=2.0
##FIXED_NETS_FILE=/dev/null
##FMAX=
##FRACTURE_LENGTH_UNITS=MICRONS
##FREQUENCY_FILE=/dev/null
##GROUND_NETS=
##GROUND_NETS_FILE=/dev/null
##GROUND_SUBSTRATE_FLOATING_NETS=N
##HCCI_DEV_PROP=7
##HCCI_INST_PROP=6
##HCCI_NET_PROP=5
##HCCI_RULE_FILE=
##HCCI_RUN_DIR=
##HCCI_RUN_NAME=
##HEADER_FILE=/dev/null
##HIERARCHY_DELIMITER='/'
##OUTPUT_HIERARCHY_DELIMITER='/'
##HRCX_CELLS_FILE=/dev/null
##IMPORT_GLOBALS=Y
##LADDER_NETWORK=N
##LVS_SOURCE=assura
##M_FACTORR=infinite
##M_FACTORW=N
##MACRO_CELL=Y
##MAX_FRACTURE_LENGTH=infinite
##MAX_SIGNALS=
##MERGE_PARALLEL_R=N
##MINC=1e-17
##MINC_BY_PERCENTAGE=0.1
##MINR=0.001
##NET_NAME_SPACE=layout
##NETS_FILE=/dev/null
##OUTPUT=/cal/exterieurs/afonlupt-25/afonlupt/projetCD2IC/CDS_wk_dir2/TSPCFF.sp
##OUTPUT_NET_NAME_SPACE=schematic
##PARASITIC_BLOCKING_DEVICE_CELLS_TYPEgray
##PARASITIC_CAP_MODELS=no
##PARASITIC_RES_MODELS=no
##PARASITIC_RES_LENGTH=N
##PARASITIC_RES_WIDTH=N
##PARASITIC_RES_WIDTH_DRAWN=N
##PARASITIC_RES_UNIT=N
##PARTIAL_CAP_BLOCKING=N
##PEEC=N
##PIN_ORDER_FILE=/dev/null
##PIPE_ADVGEN=
##PIPE_SPICE2DB=
##POWER_NETS=
##POWER_NETS_FILE=/dev/null
##RC_FREQUENCY=
##RCXDIR=/cal/exterieurs/afonlupt-25/afonlupt/projetCD2IC/CDS_wk_dir2/LVS/TSPCFF
##RCXFS_HIGH=N
##RCXFS_NETS_FILE=/dev/null
##RCXFS_TYPE=none
##RCXFS_CUTOFF_DISTANCE=
##RCXFS_CUTOFF_DISTANCE=
##RCXFS_CUTOFF_DISTANCE=
##RCXFS_CUTOFF_DISTANCE=
##RCXFS_CUTOFF_DISTANCE=
##RCXFS_VIA_OFF=N
##REDUCERC=N
##REGION_LIMIT=
##RES_MODELS=no
##RISE_TIME=
##SAVE_FILL_SHAPES=N
##SINGLE_CAP_EDSPF=N
##SHOW_DIODES=N
##SKIN_FREQUENCY=
##SPEF=N
##SPEF_UNITS=
##SPLIT_PINS=N
##FORCE_SUBCELL_PIN_ORDERS=N
##SPLIT_PINS_DISTANCE=
##SUB_NODE_CHAR='#'
##SUBSTRATE_PROFILE=/dev/null
##SUBSTRATE_STAMPING_OFF=N
##TEMPDIR=/cal/exterieurs/afonlupt-25/afonlupt/projetCD2IC/CDS_wk_dir2/LVS/TSPCFF/rcx_temp
##TEMPERATURE=25.0
##TYPE=full
##USER_REGION=/dev/null
##VARIANT_CELL_FILE=/dev/null
##VIA_EFFECT_OFF=N
##VIRTUAL_FILL=
##XREF=/cal/exterieurs/afonlupt-25/afonlupt/projetCD2IC/CDS_wk_dir2/LVS/TSPCFF/TSPCFF.gnx,/cal/exterieurs/afonlupt-25/afonlupt/projetCD2IC/CDS_wk_dir2/LVS/TSPCFF/TSPCFF.gdx
##XY_COORDINATES=
##=======================================================

CASE_SENSITIVE=TRUE
export CASE_SENSITIVE
QRC_MOS_LW_PRECISION=y
export QRC_MOS_LW_PRECISION
TEMPDIR=`setTempDir /cal/exterieurs/afonlupt-25/afonlupt/projetCD2IC/CDS_wk_dir2/LVS/TSPCFF/rcx_temp`
export TEMPDIR
DEVICE_FINGER_DELIMITER='@'
HIERARCHY_DELIMITER='/'
OUTPUT_HIERARCHY_DELIMITER='/'
cd /cal/exterieurs/afonlupt-25/afonlupt/projetCD2IC/CDS_wk_dir2/LVS/TSPCFF
cat <<ENDCAT> caps2dversion
* caps2d version: 10
ENDCAT
cat <<ENDCAT> flattransUnit.info
meters
ENDCAT
QRC=Y
export QRC
cat <<ENDCAT> topcellxcn.info
/cal/exterieurs/afonlupt-25/afonlupt/projetCD2IC/CDS_wk_dir2/LVS/TSPCFF.xcn
ENDCAT

#==========================================================#
# Generate RCX input data from Assura LVS database
#==========================================================#

GOALIE2DIR=/comelec/softs/opt/Cadence/releases/EXT15.27/tools.lnx86/extraction/bin
export GOALIE2DIR
vdbToRcx /cal/exterieurs/afonlupt-25/afonlupt/projetCD2IC/CDS_wk_dir2/LVS \
	TSPCFF -unit meters -mFactorR -- -V1 -H satfile -r \
	/cal/exterieurs/afonlupt-25/afonlupt/projetCD2IC/CDS_wk_dir2/LVS/TSPCFF.xcn \
	-xgl
@(#)$CDS: vdbToRcx_64 version av4.1:Production:dfII6.1.7-64b:IC6.1.7-64b.500.4 07/10/2017 21:50 (sjfnl321) $
15.2.1 Linux 64 bit - (Mon Mar 14 15:24:52 PDT 2016)
Opening LVS data for TSPCFF in /cal/exterieurs/afonlupt-25/afonlupt/projetCD2IC/CDS_wk_dir2/LVS
Open time is 0.0 sec.
Build pins/attributes took 0.0 sec.
Processing metal1_conn_pintext                   5 shapes 0.0 sec.
create satfile took  0.02 user, 0.00 sys, 1.00 elapsed, 137596.0 kbytes
write edge metal1_conn_pintext took  0.00 user, 0.00 sys, 0.00 elapsed, 137596.0 kbytes
Building net map file.		0.0 sec.
create netmap file took 0.00 user, 0.00 sys, 0.00 elapsed, 137596.0 kbytes
create net file took 0.01 user, 0.00 sys, 0.00 elapsed, 137596.0 kbytes
WARNING (LBCLV-5663): No bipolar models provided. Can't create bipolar files

WARNING (LBCLV-5660): No resistor models provided. Can't create resistor files

WARNING (LBCLV-5654): No capacitor models provided. Can't create capacitor file

WARNING (LBCLV-5657): No diode models provided. Can't create diode files

WARNING (LBCLV-5706): no generic models in rule file

Device creation took 0.0 sec
Processing cont_ndiff                           21 shapes 0.0 sec.
write edge cont_ndiff took  0.00 user, 0.00 sys, 2.00 elapsed, 138168.0 kbytes
Processing cont_pdiff                           23 shapes 0.0 sec.
write edge cont_pdiff took  0.00 user, 0.00 sys, 0.00 elapsed, 138168.0 kbytes
Processing cont_poly                             9 shapes 0.0 sec.
write edge cont_poly took  0.00 user, 0.00 sys, 0.00 elapsed, 138432.0 kbytes
write edge _pmos1v_MOS_10 took  0.00 user, 0.00 sys, 1.00 elapsed, 138432.0 kbytes
write edge _nmos1v_MOS_2 took  0.00 user, 0.00 sys, 0.00 elapsed, 138696.0 kbytes
Processing _pmos1v_MOS_10                        7 shapes 0.0 sec.
Processing _nmos1v_MOS_2                         6 shapes 0.0 sec.
Processing pwell                                 1 shapes 0.0 sec.
write edge pwell took  0.00 user, 0.00 sys, 0.00 elapsed, 138696.0 kbytes
Processing ptap                                  1 shapes 0.0 sec.
write edge ptap took  0.00 user, 0.00 sys, 0.00 elapsed, 138960.0 kbytes
Processing ntap                                  1 shapes 0.0 sec.
write edge ntap took  0.00 user, 0.01 sys, 1.00 elapsed, 139224.0 kbytes
Processing ndiff_conn                           11 shapes 0.0 sec.
write edge ndiff_conn took  0.00 user, 0.00 sys, 0.00 elapsed, 139224.0 kbytes
Processing poly_conn                             7 shapes 0.0 sec.
write edge poly_conn took  0.00 user, 0.00 sys, 0.00 elapsed, 139488.0 kbytes
Processing pdiff_conn                           12 shapes 0.0 sec.
write edge pdiff_conn took  0.00 user, 0.00 sys, 1.00 elapsed, 139488.0 kbytes
Processing nwell_conn                            1 shapes 0.0 sec.
write edge nwell_conn took  0.00 user, 0.00 sys, 0.00 elapsed, 139752.0 kbytes
Processing metal1_conn                          11 shapes 0.0 sec.
write edge metal1_conn took  0.00 user, 0.00 sys, 0.00 elapsed, 139752.0 kbytes
sort edges took  0.03 user, 0.03 sys, 10.00 elapsed, 3476.0 kbytes
sort edges and labels took  0.56 user, 0.77 sys, 13.00 elapsed, 139752.0 kbytes

	vdbToRcx System Usage:
	Elapsed:    19 seconds.
	CPU:         0.1 seconds
	Memory      31 Meg
GOALIE2DIR=/comelec/softs/opt/Cadence/releases/EXT15.27/tools.lnx86/extraction/bin/64bit/
export GOALIE2DIR

#==========================================================#
# Calculate erosion tables for specified process layers
#==========================================================#

createEmptyLayer metal10_conn
densitymap -V -TC -O metal10_conn.den metal10_conn_tile_spec metal10_conn
densitymap took 0.00 user, 0.00 sys, 0.00 elapsed, 2240.0 kbytes
createEmptyLayer metal9_conn
densitymap -V -TC -O metal9_conn.den metal9_conn_tile_spec metal9_conn
densitymap took 0.00 user, 0.00 sys, 0.00 elapsed, 2244.0 kbytes
createEmptyLayer metal8_conn
densitymap -V -TC -O metal8_conn.den metal8_conn_tile_spec metal8_conn
densitymap took 0.00 user, 0.00 sys, 0.00 elapsed, 2244.0 kbytes
createEmptyLayer metal7_conn
densitymap -V -TC -O metal7_conn.den metal7_conn_tile_spec metal7_conn
densitymap took 0.00 user, 0.00 sys, 0.00 elapsed, 2244.0 kbytes
createEmptyLayer metal6_conn
densitymap -V -TC -O metal6_conn.den metal6_conn_tile_spec metal6_conn
densitymap took 0.00 user, 0.00 sys, 0.00 elapsed, 2240.0 kbytes
createEmptyLayer metal5_conn
densitymap -V -TC -O metal5_conn.den metal5_conn_tile_spec metal5_conn
densitymap took 0.00 user, 0.00 sys, 0.00 elapsed, 2240.0 kbytes
createEmptyLayer metal4_conn
densitymap -V -TC -O metal4_conn.den metal4_conn_tile_spec metal4_conn
densitymap took 0.00 user, 0.00 sys, 0.00 elapsed, 2240.0 kbytes
createEmptyLayer metal3_conn
densitymap -V -TC -O metal3_conn.den metal3_conn_tile_spec metal3_conn
densitymap took 0.00 user, 0.00 sys, 0.00 elapsed, 2244.0 kbytes
createEmptyLayer metal2_conn
densitymap -V -TC -O metal2_conn.den metal2_conn_tile_spec metal2_conn
densitymap took 0.00 user, 0.00 sys, 0.00 elapsed, 2244.0 kbytes
densitymap -V -TC -O metal1_conn.den metal1_conn_tile_spec metal1_conn
densitymap took 0.00 user, 0.00 sys, 2.00 elapsed, 2240.0 kbytes
geom _nmos1v_MOS_2 ndiff_conn - _nmos1v_MOS_2,10,i,1
geom _pmos1v_MOS_10 pdiff_conn - _pmos1v_MOS_10,10,i,1

#==========================================================#
# Generate power list
#==========================================================#

cat global.net > power_list

#==========================================================#
# Ensure vias do not extend beyond routing
#==========================================================#

geom -V cont_poly metal1_conn poly_conn - cont_poly,111,i,2
geom took  0.00 user, 0.00 sys, 2.00 elapsed, 4092.0 kbytes
geom -V cont_pdiff metal1_conn pdiff_conn - cont_pdiff_metal1_conn_pdiff_conn,111,i,2
geom took  0.00 user, 0.00 sys, 1.00 elapsed, 3716.0 kbytes
geom -V cont_ndiff metal1_conn ndiff_conn - cont_ndiff_metal1_conn_ndiff_conn,111,i,2
geom took  0.00 user, 0.00 sys, 2.00 elapsed, 4088.0 kbytes
geom -V ptap pdiff_conn - ptap_pdiff_conn_ovia,11,i,1
geom took  0.00 user, 0.01 sys, 1.00 elapsed, 3736.0 kbytes
geom -V pwell ptap - pwell_ptap_ovia,11,i,1
geom took  0.00 user, 0.01 sys, 1.00 elapsed, 3736.0 kbytes
geom -V ntap ndiff_conn - ntap_ndiff_conn_ovia,11,i,1
geom took  0.00 user, 0.01 sys, 1.00 elapsed, 3736.0 kbytes
geom -V nwell_conn ntap - nwell_conn_ntap_ovia,11,i,1
geom took  0.00 user, 0.01 sys, 3.00 elapsed, 3720.0 kbytes

#==========================================================#
# Flatten net file, routing, via and device layers
#==========================================================#

SAVEDIR=`beginFlattenInputs`
export SAVEDIR
/bin/mv -f NET h_NET
flatnet -V -li -h '/' h_NET NET
netprint -V -N1 power_list:power_list_nums NET
flattenTransistorData _nmos1v_MOS_2 meters
flattub took  0.00 user, 0.01 sys, 1.00 elapsed, 6160.0 kbytes
flattenTransistorData _pmos1v_MOS_10 meters
flattub took  0.00 user, 0.01 sys, 1.00 elapsed, 6160.0 kbytes
flattenLayers -m metal1_conn poly_conn ndiff_conn pdiff_conn nwell_conn \
	cont_poly cont_pdiff_metal1_conn_pdiff_conn \
	cont_ndiff_metal1_conn_ndiff_conn ptap_pdiff_conn_ovia ptap \
	pwell_ptap_ovia pwell ntap_ndiff_conn_ovia ntap nwell_conn_ntap_ovia \
	cont_pdiff cont_ndiff
flattub took  0.01 user, 0.07 sys, 11.00 elapsed, 4896.0 kbytes
endFlattenInputs

#==========================================================#
# Initialize CAP_GROUND variable
#==========================================================#

CAP_GROUND=`findCapGround -g VSS! NET`
echo "CAP_GROUND=" ${CAP_GROUND}
CAP_GROUND= 2
export CAP_GROUND
reconnect -float floatlvsnetsfile -tf _nmos1v_MOS_2,_pmos1v_MOS_10 -probe \
	metal1_conn_pintext:metal1_conn:metal1_conn_pintext_fvia
geom _nmos1v_MOS_2,_pmos1v_MOS_10 - qrcgate,1,i,1

#==========================================================#
# Extract MOSFET diffusion resistance parameters (NRD/NRS)
#==========================================================#

createLink cont_ndiff_metal1_conn_ndiff_conn ndiff_conn.sdres
createLink cont_pdiff_metal1_conn_pdiff_conn pdiff_conn.sdres
tident -V -noLW _nmos1v_MOS_2.trans -e 0x1 -r ndiff_conn.sdres _nmos1v_MOS_2 \
	ndiff_conn poly_conn pwell - pwell - 1,g45n1svt 0,xg45n1svt - \
	_nmos1v_MOS_2.transn

INFO (TIDENT-143051):        6 transistors of type 

INFO (TIDENT-143052): 'g45n1svt'


INFO (TIDENT-143055):        6 transistors all together


  Output 10 Regions for INFO (INTER-122004): Interact


tident -V -noLW _pmos1v_MOS_10.trans -e 0x1 -r pdiff_conn.sdres \
	_pmos1v_MOS_10 pdiff_conn poly_conn nwell_conn - nwell_conn - \
	1,g45p1svt 0,xg45p1svt - _pmos1v_MOS_10.transn

INFO (TIDENT-143051):        7 transistors of type 

INFO (TIDENT-143052): 'g45p1svt'


INFO (TIDENT-143055):        7 transistors all together


  Output 11 Regions for INFO (INTER-122004): Interact


changeTransFileNameAP _nmos1v_MOS_2.trans _nmos1v_MOS_2.transn
changeTransFileNameAP _pmos1v_MOS_10.trans _pmos1v_MOS_10.transn

#==========================================================#
# Generate layer map file for resistance extraction
#==========================================================#

cat <<ENDCAT> p2elayermapfile
metal1_conn p_rmetal1_conn,np_rmetal1_conn
poly_conn p_rpoly_conn,np_rpoly_conn
ENDCAT
iprint -imerge power_list_nums floatlvsnetsfile power_list_nums2
mv power_list_nums power_list_nums_orig
cp power_list_nums2 power_list_nums 

#==========================================================#
# Segregate interconnect into resistive and non-resistive
#==========================================================#

selectNetsByNumber power_list_nums metal1_conn p_rmetal1_conn np_rmetal1_conn
epick took  0.00 user, 0.00 sys, 1.00 elapsed, 3572.0 kbytes
selectNetsByNumber power_list_nums ndiff_conn p_rndiff_conn np_rndiff_conn
epick took  0.00 user, 0.00 sys, 0.00 elapsed, 3544.0 kbytes
selectNetsByNumber power_list_nums ntap p_rntap np_rntap
epick took  0.00 user, 0.00 sys, 0.00 elapsed, 3528.0 kbytes
selectNetsByNumber power_list_nums nwell_conn p_rnwell_conn np_rnwell_conn
epick took  0.00 user, 0.00 sys, 1.00 elapsed, 3524.0 kbytes
selectNetsByNumber power_list_nums pdiff_conn p_rpdiff_conn np_rpdiff_conn
epick took  0.00 user, 0.00 sys, 0.00 elapsed, 3544.0 kbytes
selectNetsByNumber power_list_nums poly_conn p_rpoly_conn np_rpoly_conn
epick took  0.00 user, 0.00 sys, 0.00 elapsed, 3528.0 kbytes
selectNetsByNumber power_list_nums ptap p_rptap np_rptap
epick took  0.00 user, 0.00 sys, 1.00 elapsed, 3544.0 kbytes
selectNetsByNumber power_list_nums pwell p_rpwell np_rpwell
epick took  0.00 user, 0.00 sys, 0.00 elapsed, 3548.0 kbytes
selectNetsByNumber power_list_nums cont_poly p_rcont_poly np_rcont_poly
epick took  0.00 user, 0.00 sys, 0.00 elapsed, 3544.0 kbytes
mv power_list_nums_orig power_list_nums

#==========================================================#
# Create resistor cut regions between resistive
# interconnect levels
#==========================================================#

mergevia -V -tech \
	/comelec/softs/opt/opus_kits/CADENCE_PDKS/gpdk045_v_4_0/qrc/typical \
	-cnt np_rcont_poly rcont_poly - np_rmetal1_conn np_rpoly_conn
mergevia took 0.00 user, 0.01 sys, 1.00 elapsed, 9888.0 kbytes

#==========================================================#
# Create resistive interconnect MOSFET terminals
#==========================================================#

createNRMosfetGateTerminal _nmos1v_MOS_2 np_rpoly_conn _nmos1v_MOS_2_mgvia
geom took  0.00 user, 0.00 sys, 0.00 elapsed, 4284.0 kbytes
createNRMosfetGateTerminal _pmos1v_MOS_10 np_rpoly_conn _pmos1v_MOS_10_mgvia
geom took  0.00 user, 0.01 sys, 1.00 elapsed, 4276.0 kbytes

#==========================================================#
# Assign net numbers to cut regions
#==========================================================#

connect -V -relocate NET np_rndiff_conn:np_rndiff_conn.conn \
	np_rpdiff_conn:np_rpdiff_conn.conn np_rntap:np_rntap.conn \
	np_rnwell_conn:np_rnwell_conn.conn np_rptap:np_rptap.conn \
	np_rpwell:np_rpwell.conn rcont_poly _nmos1v_MOS_2_mgvia \
	_pmos1v_MOS_10_mgvia - ntap_ndiff_conn_ovia,3,1 \
	nwell_conn_ntap_ovia,4,3 ptap_pdiff_conn_ovia,5,2 pwell_ptap_ovia,6,5 \
	-
connect took  0.00 user, 0.01 sys, 3.00 elapsed, 74244.0 kbytes

#==========================================================#
# Assign net numbers to resistor vias
#==========================================================#

geom -V cont_ndiff_metal1_conn_ndiff_conn np_rndiff_conn.conn - tmp_rcont_ndiff_metal1_conn_ndiff_conn,11,i,2
geom took  0.00 user, 0.01 sys, 1.00 elapsed, 4308.0 kbytes
mergevia -V -i -tech \
	/comelec/softs/opt/opus_kits/CADENCE_PDKS/gpdk045_v_4_0/qrc/typical \
	-cnt tmp_rcont_ndiff_metal1_conn_ndiff_conn \
	rcont_ndiff_metal1_conn_ndiff_conn - np_rmetal1_conn np_rndiff_conn
mergevia took 0.03 user, 0.03 sys, 5.00 elapsed, 9692.0 kbytes
/bin/rm -f tmp_rcont_ndiff_metal1_conn_ndiff_conn
geom -V cont_pdiff_metal1_conn_pdiff_conn np_rpdiff_conn.conn - tmp_rcont_pdiff_metal1_conn_pdiff_conn,11,i,2
geom took  0.00 user, 0.00 sys, 1.00 elapsed, 4304.0 kbytes
mergevia -V -i -tech \
	/comelec/softs/opt/opus_kits/CADENCE_PDKS/gpdk045_v_4_0/qrc/typical \
	-cnt tmp_rcont_pdiff_metal1_conn_pdiff_conn \
	rcont_pdiff_metal1_conn_pdiff_conn - np_rmetal1_conn np_rpdiff_conn
mergevia took 0.03 user, 0.02 sys, 3.00 elapsed, 9716.0 kbytes
/bin/rm -f tmp_rcont_pdiff_metal1_conn_pdiff_conn

#==========================================================#
# Assign net numbers to nonresistive layers
#==========================================================#

epick -V -reo -e rcont_ndiff_metal1_conn_ndiff_conn -e \
	rcont_pdiff_metal1_conn_pdiff_conn np_rndiff_conn.conn tmp_ndiff_conn
epick took  0.00 user, 0.00 sys, 0.00 elapsed, 2240.0 kbytes
epick -V -reo -e tmp_ndiff_conn -c np_rndiff_conn.conn tmp1_ndiff_conn
epick took  0.00 user, 0.00 sys, 0.00 elapsed, 2236.0 kbytes
geom -V tmp1_ndiff_conn np_rndiff_conn - tmp1_ndiff_conn,11,i,2
geom took  0.00 user, 0.00 sys, 0.00 elapsed, 4304.0 kbytes
geom -V tmp_ndiff_conn,tmp1_ndiff_conn - np_rndiff_conn,1,i,1
geom took  0.00 user, 0.00 sys, 0.00 elapsed, 4280.0 kbytes
/bin/rm -f tmp_ndiff_conn tmp1_ndiff_conn
epick -V -reo -e rcont_ndiff_metal1_conn_ndiff_conn -e \
	rcont_pdiff_metal1_conn_pdiff_conn np_rpdiff_conn.conn tmp_pdiff_conn
epick took  0.00 user, 0.00 sys, 0.00 elapsed, 2236.0 kbytes
epick -V -reo -e tmp_pdiff_conn -c np_rpdiff_conn.conn tmp1_pdiff_conn
epick took  0.00 user, 0.00 sys, 1.00 elapsed, 2240.0 kbytes
geom -V tmp1_pdiff_conn np_rpdiff_conn - tmp1_pdiff_conn,11,i,2
geom took  0.00 user, 0.00 sys, 0.00 elapsed, 4304.0 kbytes
geom -V tmp_pdiff_conn,tmp1_pdiff_conn - np_rpdiff_conn,1,i,1
geom took  0.00 user, 0.00 sys, 0.00 elapsed, 4304.0 kbytes
/bin/rm -f tmp_pdiff_conn tmp1_pdiff_conn
epick -V -reo -e rcont_ndiff_metal1_conn_ndiff_conn -e \
	rcont_pdiff_metal1_conn_pdiff_conn np_rnwell_conn.conn tmp_nwell_conn
epick took  0.00 user, 0.00 sys, 0.00 elapsed, 2236.0 kbytes
epick -V -reo -e tmp_nwell_conn -c np_rnwell_conn.conn tmp1_nwell_conn
epick took  0.00 user, 0.00 sys, 0.00 elapsed, 2236.0 kbytes
geom -V tmp1_nwell_conn np_rnwell_conn - tmp1_nwell_conn,11,i,2
geom took  0.00 user, 0.00 sys, 0.00 elapsed, 4304.0 kbytes
geom -V tmp_nwell_conn,tmp1_nwell_conn - np_rnwell_conn,1,i,1
geom took  0.00 user, 0.00 sys, 1.00 elapsed, 4304.0 kbytes
/bin/rm -f tmp_nwell_conn tmp1_nwell_conn
epick -V -reo -e rcont_ndiff_metal1_conn_ndiff_conn -e \
	rcont_pdiff_metal1_conn_pdiff_conn np_rpwell.conn tmp_pwell
epick took  0.00 user, 0.00 sys, 0.00 elapsed, 2236.0 kbytes
epick -V -reo -e tmp_pwell -c np_rpwell.conn tmp1_pwell
epick took  0.00 user, 0.00 sys, 0.00 elapsed, 2240.0 kbytes
geom -V tmp1_pwell np_rpwell - tmp1_pwell,11,i,2
geom took  0.00 user, 0.00 sys, 1.00 elapsed, 4332.0 kbytes
geom -V tmp_pwell,tmp1_pwell - np_rpwell,1,i,1
geom took  0.00 user, 0.00 sys, 0.00 elapsed, 4280.0 kbytes
/bin/rm -f tmp_pwell tmp1_pwell

#==========================================================#
# Process text layers
#==========================================================#

flatlabel -V  -tc -F metal1_conn_pintext L1T0
INFO (FLTLBL-89003): exec labsort -V L1T0


#==========================================================#
# Parasitic R extraction with default precision
#==========================================================#

rex -V -m -pd -I'#' -tech \
	/comelec/softs/opt/opus_kits/CADENCE_PDKS/gpdk045_v_4_0/qrc/typical \
	-map p2elayermapfile -wee p2elayermapfile -N NET -Ply np_rpoly_conn \
	-er np_rmetal1_conn,metal1_conn.den -rP res.mod \
	np_rpoly_conn::poly_conn_cut::-0.003 \
	np_rmetal1_conn::metal1_conn_cut::s,w:0.06,0.06,0:0.06,0.08,0:0.06,0.09,0:0.06,0.13,0:0.06,0.16,0:0.06,0.19,0:0.06,0.26,0:0.06,0.38,0:0.06,0.5,0:0.06,0.63,0:0.06,0.83,0:0.06,1,0.01:0.06,1.5,0.01:0.06,3,0.01:0.06,4.05,0.01:0.08,0.06,0.01:0.08,0.08,0.01:0.08,0.09,0.01:0.08,0.13,0:0.08,0.16,0.01:0.08,0.19,0:0.08,0.26,0:0.08,0.38,0:0.08,0.5,0:0.08,0.63,0:0.08,0.83,0:0.08,1,0.01:0.08,1.5,0.01:0.08,3,0.01:0.08,4.05,0.01:0.09,0.06,0.01:0.09,0.08,0.01:0.09,0.09,0.01:0.09,0.13,0:0.09,0.16,0.01:0.09,0.19,0:0.09,0.26,0:0.09,0.38,0:0.09,0.5,0:0.09,0.63,0:0.09,0.83,0:0.09,1,0.01:0.09,1.5,0.01:0.09,3,0.01:0.09,4.05,0.01:0.13,0.06,0.01:0.13,0.08,0.01:0.13,0.09,0.01:0.13,0.13,0:0.13,0.16,0.01:0.13,0.19,0:0.13,0.26,0:0.13,0.38,0:0.13,0.5,0:0.13,0.63,0:0.13,0.83,0:0.13,1,0.01:0.13,1.5,0.01:0.13,3,0.01:0.13,4.05,0.01:0.16,0.06,0.01:0.16,0.08,0.01:0.16,0.09,0.01:0.16,0.13,0:0.16,0.16,0.01:0.16,0.19,0:0.16,0.26,0:0.16,0.38,0:0.16,0.5,0:0.16,0.63,0:0.16,0.83,0:0.16,1,0.01:0.16,1.5,0.01:0.16,3,0.01:0.16,4.05,0.01:0.19,0.06,0.02:0.19,0.08,0.01:0.19,0.09,0.01:0.19,0.13,0:0.19,0.16,0.01:0.19,0.19,0:0.19,0.26,0:0.19,0.38,0:0.19,0.5,0:0.19,0.63,0:0.19,0.83,0:0.19,1,0.01:0.19,1.5,0.01:0.19,3,0.01:0.19,4.05,0.01:0.26,0.06,0.02:0.26,0.08,0.01:0.26,0.09,0.01:0.26,0.13,0:0.26,0.16,0.01:0.26,0.19,0:0.26,0.26,0:0.26,0.38,0:0.26,0.5,0:0.26,0.63,0:0.26,0.83,0:0.26,1,0.01:0.26,1.5,0.01:0.26,3,0.01:0.26,4.05,0.01:0.38,0.06,0.02:0.38,0.08,0.01:0.38,0.09,0.01:0.38,0.13,0:0.38,0.16,0.01:0.38,0.19,0:0.38,0.26,0:0.38,0.38,0:0.38,0.5,0:0.38,0.63,0:0.38,0.83,0:0.38,1,0.01:0.38,1.5,0.01:0.38,3,0.01:0.38,4.05,0.01:0.63,0.06,0.02:0.63,0.08,0.01:0.63,0.09,0.01:0.63,0.13,0:0.63,0.16,0.01:0.63,0.19,0:0.63,0.26,0:0.63,0.38,0:0.63,0.5,0:0.63,0.63,0:0.63,0.83,0:0.63,1,0.01:0.63,1.5,0.01:0.63,3,0.01:0.63,4.05,0.01:0.83,0.06,0.02:0.83,0.08,0.01:0.83,0.09,0.01:0.83,0.13,0:0.83,0.16,0.01:0.83,0.19,0:0.83,0.26,0:0.83,0.38,0:0.83,0.5,0:0.83,0.63,0:0.83,0.83,0:0.83,1,0.01:0.83,1.5,0.01:0.83,3,0.01:0.83,4.05,0.01:1.5,0.06,0.02:1.5,0.08,0.01:1.5,0.09,0.01:1.5,0.13,0:1.5,0.16,0.01:1.5,0.19,0:1.5,0.26,0:1.5,0.38,0:1.5,0.5,0:1.5,0.63,0:1.5,0.83,0:1.5,1,0.01:1.5,1.5,0.01:1.5,3,0.01:1.5,4.05,0.01:3,0.06,0.02:3,0.08,0.01:3,0.09,0.01:3,0.13,0:3,0.16,0.01:3,0.19,0:3,0.26,0:3,0.38,0:3,0.5,0:3,0.63,0:3,0.83,0:3,1,0.01:3,1.5,0.01:3,3,0.01:3,4.05,0.01:5,0.06,0.02:5,0.08,0.01:5,0.09,0.01:5,0.13,0:5,0.16,0.01:5,0.19,0:5,0.26,0:5,0.38,0:5,0.5,0:5,0.63,0:5,0.83,0:5,1,0.01:5,1.5,0.01:5,3,0.01:5,4.05,0.01 \
	- rcont_ndiff_metal1_conn_ndiff_conn,2,t \
	rcont_pdiff_metal1_conn_pdiff_conn,2,t rcont_poly,1,2,t \
	_nmos1v_MOS_2_mgvia,1,z _pmos1v_MOS_10_mgvia,1,z - L1T0,2,I
rex took  0.01 user, 0.02 sys, 4.00 elapsed, 18272.0 kbytes

#==========================================================#
# Combine power non-power
#==========================================================#

/bin/rm -f ndiff_conn
geom np_rndiff_conn,p_rndiff_conn - ndiff_conn,1,i,1
/bin/rm -f nwell_conn
geom np_rnwell_conn,p_rnwell_conn - nwell_conn,1,i,1
/bin/rm -f pdiff_conn
geom np_rpdiff_conn,p_rpdiff_conn - pdiff_conn,1,i,1
/bin/rm -f poly_conn
geom np_rpoly_conn,p_rpoly_conn - poly_conn,1,i,1
/bin/rm -f pwell
geom np_rpwell,p_rpwell - pwell,1,i,1

#==========================================================#
# Reconnect MOSFET devices
#==========================================================#

reconnect -V -n NET -s mwires.res -mf -t \
	_nmos1v_MOS_2.transn:_nmos1v_MOS_2.transnr _nmos1v_MOS_2 \
	ndiff_conn,_nmos1v_MOS_2_mgvia,pwell -t \
	_pmos1v_MOS_10.transn:_pmos1v_MOS_10.transnr _pmos1v_MOS_10 \
	pdiff_conn,_pmos1v_MOS_10_mgvia,nwell_conn
reconnect took 0.00 user, 0.00 sys, 2.00 elapsed, 5300.0 kbytes
changeTransFileNameAP _nmos1v_MOS_2.transn _nmos1v_MOS_2.transnr
changeTransFileNameAP _pmos1v_MOS_10.transn _pmos1v_MOS_10.transnr

#==========================================================#
# Form capacitance layers for resistive process layers
#==========================================================#

geom -V -i p_rpoly_conn,np_rpoly_conn - so_poly_conn,1,n
geom took  0.00 user, 0.00 sys, 1.00 elapsed, 4308.0 kbytes
geom -V p_rpoly_conn,np_rpoly_conn - poly_conn,1,i,1
geom took  0.00 user, 0.00 sys, 1.00 elapsed, 4304.0 kbytes
geom -V -i p_rmetal1_conn,np_rmetal1_conn - so_metal1_conn,1,n
geom took  0.00 user, 0.00 sys, 0.00 elapsed, 4304.0 kbytes
geom -V p_rmetal1_conn,np_rmetal1_conn - metal1_conn,1,i,1
geom took  0.00 user, 0.00 sys, 0.00 elapsed, 4304.0 kbytes

#==========================================================#
# Form capacitance layers for non-resistive process layers
#==========================================================#

grow -V .001 ndiff_conn mask
grow took  0.00 user, 0.00 sys, 0.00 elapsed, 3792.0 kbytes
geom -V pdiff_conn mask - pdiff_conn,10,i,1
geom took  0.00 user, 0.00 sys, 1.00 elapsed, 4304.0 kbytes
geom -V ndiff_conn,pdiff_conn - Oxide,1,i,1
geom took  0.00 user, 0.00 sys, 1.00 elapsed, 4276.0 kbytes
createEmptyLayer metal11_conn
createEmptyLayer metal10_conn
createEmptyLayer metal9_conn
createEmptyLayer metal8_conn
createEmptyLayer metal7_conn
createEmptyLayer metal6_conn
createEmptyLayer metal5_conn
createEmptyLayer metal4_conn
createEmptyLayer metal3_conn
createEmptyLayer metal2_conn

#==========================================================#
# Form substrate
#==========================================================#

geom -V p_rnwell_conn,np_rnwell_conn - nwell_conn,1,i,1
geom took  0.00 user, 0.01 sys, 0.00 elapsed, 4304.0 kbytes
xytoebbox -V -g 46.802 -e metal11_conn,metal10_conn,metal9_conn,metal8_conn,metal7_conn,metal6_conn,metal5_conn,metal4_conn,metal3_conn,metal2_conn,metal1_conn,poly_conn,Oxide,nwell_conn xg_nwell_conn
grow -V 0.001 nwell_conn g_nwell_conn
grow took  0.00 user, 0.00 sys, 0.00 elapsed, 3796.0 kbytes
geom -V xg_nwell_conn g_nwell_conn - tmp_nwell_conn,10
geom took  0.00 user, 0.00 sys, 0.00 elapsed, 4308.0 kbytes
epick -V -reo -D ${CAP_GROUND} tmp_nwell_conn pick_nwell_conn
epick took  0.00 user, 0.00 sys, 0.00 elapsed, 2228.0 kbytes
grow -V -m 0.002 nwell_conn g_nwell_conn
grow took  0.00 user, 0.00 sys, 0.00 elapsed, 3792.0 kbytes
geom took  0.00 user, 0.00 sys, 0.00 elapsed, 4304.0 kbytes
stamp -i g_nwell_conn pick_nwell_conn
emerge -V pick_nwell_conn nwell_conn tmp1_nwell_conn
emerge took 0.00 user, 0.00 sys, 0.00 elapsed, 2208.0 kbytes
geom -V tmp1_nwell_conn - nwell_conn,1,i,1
geom took  0.00 user, 0.00 sys, 0.00 elapsed, 4304.0 kbytes
/bin/rm -f g_nwell_conn xg_nwell_conn tmp_nwell_conn tmp1_nwell_conn
geom -V nwell_conn - FOX,1,i,1
geom took  0.00 user, 0.00 sys, 1.00 elapsed, 4304.0 kbytes
geom -V FOX Oxide - FOX,10,i,1
geom took  0.00 user, 0.00 sys, 0.00 elapsed, 4308.0 kbytes
geom _nmos1v_MOS_2,_pmos1v_MOS_10 - qrcgate,1,i,1

#==========================================================#
# Create sip/sw3d/cn3d capacitance data files
#==========================================================#

cat <<ENDCAT> sip.cmd
sip -V -cgnd ${CAP_GROUND} -s -o -sub 2 -mlc poly_conn,metal1_conn -er \
	metal2_conn.den -n 0.94 -i 0,0.941 -b metal1_conn,poly_conn,Oxide,FOX \
	-t \
	metal3_conn,metal4_conn,metal5_conn,metal6_conn,metal7_conn,metal8_conn,metal9_conn,metal10_conn,metal11_conn \
	-j 0.06 -Maxw 1.41 -p metal2_conn,key 0,0.94 - metal2_conn.sip
sip -V -cgnd ${CAP_GROUND} -s -o -sub 2 -mlc metal1_conn,metal2_conn -er \
	metal3_conn.den -n 0.94 -i 0,0.941 -b \
	metal2_conn,metal1_conn,poly_conn,Oxide,FOX -t \
	metal4_conn,metal5_conn,metal6_conn,metal7_conn,metal8_conn,metal9_conn,metal10_conn,metal11_conn \
	-j 0.06 -Maxw 1.41 -p metal3_conn,key 0,0.94 - metal3_conn.sip
sip -V -cgnd ${CAP_GROUND} -s -o -sub 2 -mlc metal2_conn,metal3_conn -er \
	metal4_conn.den -n 0.94 -i 0,0.941 -b \
	metal3_conn,metal2_conn,metal1_conn,poly_conn,Oxide,FOX -t \
	metal5_conn,metal6_conn,metal7_conn,metal8_conn,metal9_conn,metal10_conn,metal11_conn \
	-j 0.06 -Maxw 1.41 -p metal4_conn,key 0,0.94 - metal4_conn.sip
sip -V -cgnd ${CAP_GROUND} -s -o -sub 2 -mlc metal3_conn,metal4_conn -er \
	metal5_conn.den -n 1.57 -i 0,1.571 -b \
	metal4_conn,metal3_conn,metal2_conn,metal1_conn,poly_conn,Oxide,FOX \
	-t \
	metal6_conn,metal7_conn,metal8_conn,metal9_conn,metal10_conn,metal11_conn \
	-j 0.06 -Maxw 1.41 -p metal5_conn,key 0,1.57 - metal5_conn.sip
sip -V -cgnd ${CAP_GROUND} -s -o -sub 2 -mlc metal4_conn,metal5_conn -er \
	metal6_conn.den -n 1.57 -i 0,1.571 -b \
	metal5_conn,metal4_conn,metal3_conn,metal2_conn,metal1_conn,poly_conn,Oxide,FOX \
	-t metal7_conn,metal8_conn,metal9_conn,metal10_conn,metal11_conn -j \
	0.06 -Maxw 1.41 -p metal6_conn,key 0,1.57 - metal6_conn.sip
sip -V -cgnd ${CAP_GROUND} -s -o -sub 2 -mlc metal5_conn,metal6_conn -er \
	metal7_conn.den -n 1.57 -i 0,1.571 -b \
	metal6_conn,metal5_conn,metal4_conn,metal3_conn,metal2_conn,metal1_conn,poly_conn,Oxide,FOX \
	-t metal8_conn,metal9_conn,metal10_conn,metal11_conn -j 0.06 -Maxw \
	1.41 -p metal7_conn,key 0,1.57 - metal7_conn.sip
sip -V -cgnd ${CAP_GROUND} -s -o -sub 2 -mlc metal6_conn,metal7_conn -er \
	metal8_conn.den -n 1.57 -i 0,1.571 -b \
	metal7_conn,metal6_conn,metal5_conn,metal4_conn,metal3_conn,metal2_conn,metal1_conn,poly_conn,Oxide,FOX \
	-t metal9_conn,metal10_conn,metal11_conn -j 0.06 -Maxw 1.41 -p \
	metal8_conn,key 0,1.57 - metal8_conn.sip
sip -V -cgnd ${CAP_GROUND} -s -o -sub 2 -mlc metal7_conn,metal8_conn -er \
	metal9_conn.den -n 5.4 -i 0,5.401 -b \
	metal8_conn,metal7_conn,metal6_conn,metal5_conn,metal4_conn,metal3_conn,metal2_conn,metal1_conn,poly_conn,Oxide,FOX \
	-t metal10_conn,metal11_conn -j 0.36 -Maxw 8.1 -p metal9_conn,key \
	0,5.4 - metal9_conn.sip
sip -V -cgnd ${CAP_GROUND} -s -o -sub 2 -mlc metal8_conn,metal9_conn -er \
	metal10_conn.den -n 5.4 -i 0,5.401 -b \
	metal9_conn,metal8_conn,metal7_conn,metal6_conn,metal5_conn,metal4_conn,metal3_conn,metal2_conn,metal1_conn,poly_conn,Oxide,FOX \
	-t metal11_conn -j 0.36 -Maxw 8.1 -p metal10_conn,key 0,5.4 - \
	metal10_conn.sip
sip -V -cgnd ${CAP_GROUND} -s -o -sub 2 -mlc metal9_conn,metal10_conn -n 23.4 \
	-i 0,23.401 -b \
	metal10_conn,metal9_conn,metal8_conn,metal7_conn,metal6_conn,metal5_conn,metal4_conn,metal3_conn,metal2_conn,metal1_conn,poly_conn,Oxide,FOX \
	-j 2.7 -Maxw 60.75 -p metal11_conn,key 0,23.4 - metal11_conn.sip
sip -V -cgnd ${CAP_GROUND} -s -o -sub 2 -cp poly_conn,allGate,Oxide -n 1.35 \
	-i 0,1.351 -b Oxide,FOX -t \
	metal1_conn,metal2_conn,metal3_conn,metal4_conn,metal5_conn,metal6_conn,metal7_conn,metal8_conn,metal9_conn,metal10_conn,metal11_conn \
	-j 0.04 -Maxw 2.025 -p poly_conn,key 0,1.35 - poly_conn.sip
sip -V -cgnd ${CAP_GROUND} -s -o -sub 2 -mlc poly_conn -er metal1_conn.den -n \
	0.94 -i 0,0.941 -b poly_conn,Oxide,FOX -t \
	metal2_conn,metal3_conn,metal4_conn,metal5_conn,metal6_conn,metal7_conn,metal8_conn,metal9_conn,metal10_conn,metal11_conn \
	-j 0.06 -Maxw 1.41 -p metal1_conn,key 0,0.94 - metal1_conn.sip
sip -V -s -cgnd ${CAP_GROUND} -sub 2 -L3A -h -b \
	metal9_conn,metal8_conn,metal7_conn,metal6_conn,metal5_conn,metal4_conn,metal3_conn,metal2_conn,metal1_conn,poly_conn,Oxide,FOX \
	-Maxw 60.75 -p metal10_conn,key,metal11_conn,key 0,23.4,0 - \
	metal10_conn_metal11_conn.sip
sip -V -s -cgnd ${CAP_GROUND} -sub 2 -L3A -h -R metal11_conn -b \
	metal8_conn,metal7_conn,metal6_conn,metal5_conn,metal4_conn,metal3_conn,metal2_conn,metal1_conn,poly_conn,Oxide,FOX \
	-Maxw 60.75 -p metal9_conn,key,metal11_conn,key 0,23.4,0 - \
	metal9_conn_metal11_conn.sip
sip -V -s -cgnd ${CAP_GROUND} -sub 2 -h -b \
	metal8_conn,metal7_conn,metal6_conn,metal5_conn,metal4_conn,metal3_conn,metal2_conn,metal1_conn,poly_conn,Oxide,FOX \
	-t metal11_conn -Maxw 8.1 -p metal9_conn,key,metal10_conn,key 0,5.4,0 \
	- metal9_conn_metal10_conn.sip
sip -V -s -cgnd ${CAP_GROUND} -sub 2 -L3A -h -R metal10_conn -b \
	metal7_conn,metal6_conn,metal5_conn,metal4_conn,metal3_conn,metal2_conn,metal1_conn,poly_conn,Oxide,FOX \
	-t metal11_conn -Maxw 8.1 -p metal8_conn,key,metal10_conn,key 0,5.4,0 \
	- metal8_conn_metal10_conn.sip
sip -V -s -cgnd ${CAP_GROUND} -sub 2 -h -b \
	metal7_conn,metal6_conn,metal5_conn,metal4_conn,metal3_conn,metal2_conn,metal1_conn,poly_conn,Oxide,FOX \
	-t metal10_conn,metal11_conn -Maxw 8.1 -p \
	metal8_conn,key,metal9_conn,key 0,5.4,0 - metal8_conn_metal9_conn.sip
sip -V -s -cgnd ${CAP_GROUND} -sub 2 -L3A -h -R metal9_conn -b \
	metal6_conn,metal5_conn,metal4_conn,metal3_conn,metal2_conn,metal1_conn,poly_conn,Oxide,FOX \
	-t metal10_conn,metal11_conn -Maxw 8.1 -p \
	metal7_conn,key,metal9_conn,key 0,5.4,0 - metal7_conn_metal9_conn.sip
sip -V -s -cgnd ${CAP_GROUND} -sub 2 -h -b \
	metal6_conn,metal5_conn,metal4_conn,metal3_conn,metal2_conn,metal1_conn,poly_conn,Oxide,FOX \
	-t metal9_conn,metal10_conn,metal11_conn -Maxw 1.41 -p \
	metal7_conn,key,metal8_conn,key 0,1.57,0 - \
	metal7_conn_metal8_conn.sip
sip -V -s -cgnd ${CAP_GROUND} -sub 2 -L3A -h -R metal8_conn -b \
	metal5_conn,metal4_conn,metal3_conn,metal2_conn,metal1_conn,poly_conn,Oxide,FOX \
	-t metal9_conn,metal10_conn,metal11_conn -Maxw 1.41 -p \
	metal6_conn,key,metal8_conn,key 0,1.57,0 - \
	metal6_conn_metal8_conn.sip
sip -V -s -cgnd ${CAP_GROUND} -sub 2 -h -b \
	metal5_conn,metal4_conn,metal3_conn,metal2_conn,metal1_conn,poly_conn,Oxide,FOX \
	-t metal8_conn,metal9_conn,metal10_conn,metal11_conn -Maxw 1.41 -p \
	metal6_conn,key,metal7_conn,key 0,1.57,0 - \
	metal6_conn_metal7_conn.sip
sip -V -s -cgnd ${CAP_GROUND} -sub 2 -L3A -h -R metal7_conn -b \
	metal4_conn,metal3_conn,metal2_conn,metal1_conn,poly_conn,Oxide,FOX \
	-t metal8_conn,metal9_conn,metal10_conn,metal11_conn -Maxw 1.41 -p \
	metal5_conn,key,metal7_conn,key 0,1.57,0 - \
	metal5_conn_metal7_conn.sip
sip -V -s -cgnd ${CAP_GROUND} -sub 2 -h -b \
	metal4_conn,metal3_conn,metal2_conn,metal1_conn,poly_conn,Oxide,FOX \
	-t metal7_conn,metal8_conn,metal9_conn,metal10_conn,metal11_conn \
	-Maxw 1.41 -p metal5_conn,key,metal6_conn,key 0,1.57,0 - \
	metal5_conn_metal6_conn.sip
sip -V -s -cgnd ${CAP_GROUND} -sub 2 -L3A -h -R metal6_conn -b \
	metal3_conn,metal2_conn,metal1_conn,poly_conn,Oxide,FOX -t \
	metal7_conn,metal8_conn,metal9_conn,metal10_conn,metal11_conn -Maxw \
	1.41 -p metal4_conn,key,metal6_conn,key 0,1.57,0 - \
	metal4_conn_metal6_conn.sip
sip -V -s -cgnd ${CAP_GROUND} -sub 2 -h -b \
	metal3_conn,metal2_conn,metal1_conn,poly_conn,Oxide,FOX -t \
	metal6_conn,metal7_conn,metal8_conn,metal9_conn,metal10_conn,metal11_conn \
	-Maxw 1.41 -p metal4_conn,key,metal5_conn,key 0,1.57,0 - \
	metal4_conn_metal5_conn.sip
sip -V -s -cgnd ${CAP_GROUND} -sub 2 -L3A -h -R metal5_conn -b \
	metal2_conn,metal1_conn,poly_conn,Oxide,FOX -t \
	metal6_conn,metal7_conn,metal8_conn,metal9_conn,metal10_conn,metal11_conn \
	-Maxw 1.41 -p metal3_conn,key,metal5_conn,key 0,1.57,0 - \
	metal3_conn_metal5_conn.sip
sip -V -s -cgnd ${CAP_GROUND} -sub 2 -h -b \
	metal2_conn,metal1_conn,poly_conn,Oxide,FOX -t \
	metal5_conn,metal6_conn,metal7_conn,metal8_conn,metal9_conn,metal10_conn,metal11_conn \
	-Maxw 1.41 -p metal3_conn,key,metal4_conn,key 0,0.94,0 - \
	metal3_conn_metal4_conn.sip
sip -V -s -cgnd ${CAP_GROUND} -sub 2 -L3A -h -R metal4_conn -b \
	metal1_conn,poly_conn,Oxide,FOX -t \
	metal5_conn,metal6_conn,metal7_conn,metal8_conn,metal9_conn,metal10_conn,metal11_conn \
	-Maxw 1.41 -p metal2_conn,key,metal4_conn,key 0,0.94,0 - \
	metal2_conn_metal4_conn.sip
sip -V -s -cgnd ${CAP_GROUND} -sub 2 -h -b metal1_conn,poly_conn,Oxide,FOX -t \
	metal4_conn,metal5_conn,metal6_conn,metal7_conn,metal8_conn,metal9_conn,metal10_conn,metal11_conn \
	-Maxw 1.41 -p metal2_conn,key,metal3_conn,key 0,0.94,0 - \
	metal2_conn_metal3_conn.sip
sip -V -s -cgnd ${CAP_GROUND} -sub 2 -L3A -h -R metal3_conn -b \
	poly_conn,Oxide,FOX -t \
	metal4_conn,metal5_conn,metal6_conn,metal7_conn,metal8_conn,metal9_conn,metal10_conn,metal11_conn \
	-Maxw 1.41 -p metal1_conn:metal1_conn_cut,key,metal3_conn,key \
	0,0.94,0 - metal1_conn_metal3_conn.sip
sip -V -s -cgnd ${CAP_GROUND} -sub 2 -h -b poly_conn,Oxide,FOX -t \
	metal3_conn,metal4_conn,metal5_conn,metal6_conn,metal7_conn,metal8_conn,metal9_conn,metal10_conn,metal11_conn \
	-Maxw 1.41 -p metal1_conn:metal1_conn_cut,key,metal2_conn,key \
	0,0.94,0 - metal1_conn_metal2_conn.sip
sip -V -s -cgnd ${CAP_GROUND} -sub 2 -L3A -h -R metal2_conn -b Oxide,FOX -t \
	metal3_conn,metal4_conn,metal5_conn,metal6_conn,metal7_conn,metal8_conn,metal9_conn,metal10_conn,metal11_conn \
	-k metal1_conn:0.15 -Maxw 2.025 -p \
	poly_conn:poly_conn_cut,key,metal2_conn,key 0,1.35,0 - \
	poly_conn_metal2_conn.sip
sip -V -s -cgnd ${CAP_GROUND} -sub 2 -h -R metal1_conn,poly_conn -b Oxide,FOX \
	-t \
	metal2_conn,metal3_conn,metal4_conn,metal5_conn,metal6_conn,metal7_conn,metal8_conn,metal9_conn,metal10_conn,metal11_conn \
	-Maxw 2.025 -p \
	poly_conn:poly_conn_cut,key,metal1_conn:metal1_conn_cut,key 0,1.35,0 \
	- poly_conn_metal1_conn.sip
ENDCAT

#==========================================================#
# Prepare gate capacitance blocking layers
#==========================================================#

emerge -V _nmos1v_MOS_2 _pmos1v_MOS_10 allGate
emerge took 0.00 user, 0.00 sys, 0.00 elapsed, 2212.0 kbytes

#==========================================================#
# Run pax16 to generate capfile
#==========================================================#

pax16 -V -ignore_cf_table -scf sip.cmd -rP \
	np_rpoly_conn.res,np_rmetal1_conn.res,mwires.res -M_perim_off -c \
	/comelec/softs/opt/opus_kits/CADENCE_PDKS/gpdk045_v_4_0/qrc/typical/qrcTechFile \
	-f FOX Oxide poly_conn:poly_conn_cut metal1_conn:metal1_conn_cut \
	metal2_conn metal3_conn metal4_conn metal5_conn metal6_conn \
	metal7_conn metal8_conn metal9_conn metal10_conn metal11_conn allGate \
	- \
	/comelec/softs/opt/opus_kits/CADENCE_PDKS/gpdk045_v_4_0/qrc/typical/qrcTechFile \
	- - NET - capfile
pax16_rdpaxcmd took  0.08 user, 0.05 sys, 0.00 elapsed, 52436.0 kbytes
pax16 took  0.04 user, 0.14 sys, 19.00 elapsed, 76268.0 kbytes

#==========================================================#
# Generate netlister data files
#==========================================================#

cat <<ENDCAT> lvsmos.mod
xg45n1svt,	100000.0, 0,	xg45n1svt,	unused, unused, 100000.0
g45n1svt,	100000.0, 0,	g45n1svt,	unused, unused, 100000.0
xg45p1svt,	100000.0, 0,	xg45p1svt,	unused, unused, 100000.0
g45p1svt,	100000.0, 0,	g45p1svt,	unused, unused, 100000.0
ENDCAT

#==========================================================#
# Perform RC reduction
#==========================================================#

xreduce -V -mergecap -n NET -tech \
	/comelec/softs/opt/opus_kits/CADENCE_PDKS/gpdk045_v_4_0/qrc/typical \
	-d1 -mfactorR infinite -rmselfC -g ${CAP_GROUND},1.0 -danglingR -minR \
	0.001 -rP np_rpoly_conn.res,np_rmetal1_conn.res,mwires.res -minC \
	1e-17 -minCper 0.1 -cap capfile L1T0 _nmos1v_MOS_2.transnr \
	_pmos1v_MOS_10.transnr
INFO (XREDUCE-199097): mFactorR set to infinite

INFO (XREDUCE-199128): mfactorR option to keep resistors is disabled

INFO (XREDUCE-199107): Total number of resistors is 50

INFO (XREDUCE-199109): minR option removed 1 resistors (2%)

INFO (XREDUCE-199054): Total number of capacitors in capfile is 413

INFO (XREDUCE-199052): mergecap required for 2 (3%) of 69 nets

INFO (XREDUCE-199113): danglingR option removed 0 resistors

INFO (XREDUCE-199114): mfactorR option merged 0 groups of parallel transistors

INFO (XREDUCE-199063): Removed 35 self-capacitors in capfile.cmodel.cap

INFO (XREDUCE-199065): minC small capacitor decoupling set to 0.1%

INFO (XREDUCE-199066): minC option decoupled 67 capacitors in capfile

INFO (XREDUCE-199067): the number of capacitors decreased by 42 (10%)

INFO (XREDUCE-199107): Total number of resistors is 49

INFO (XREDUCE-199108): d1 option renamed 4 nets

INFO (XREDUCE-199054): Total number of capacitors in capfile is 326

xreduce took 0.05 user, 0.16 sys, 7.00 elapsed, 10628.0 kbytes

#==========================================================#
# Generate HSPICE file
#==========================================================#

advgen -V -g0 -li -f -n -o HSPICE -TL L1T0 -nxref \
	/cal/exterieurs/afonlupt-25/afonlupt/projetCD2IC/CDS_wk_dir2/LVS/TSPCFF/TSPCFF.gnx \
	-dxref \
	/cal/exterieurs/afonlupt-25/afonlupt/projetCD2IC/CDS_wk_dir2/LVS/TSPCFF/TSPCFF.gdx \
	-sc caps2dversion -m capfile -rP res.mod np_rpoly_conn.res \
	np_rmetal1_conn.res -rP mwires.mod mwires.res -ta \
	lvsmos.mod,_nmos1v_MOS_2.net _nmos1v_MOS_2.transnr -ta \
	lvsmos.mod,_pmos1v_MOS_10.net _pmos1v_MOS_10.transnr - NET - \
	/cal/exterieurs/afonlupt-25/afonlupt/projetCD2IC/CDS_wk_dir2/TSPCFF.sp
process netfile took 0.00 user, 0.01 sys, 1.00 elapsed, 9964.0 kbytes
advgen took:  0.01 user, 0.00 sys, 0.00 elapsed, 11316.0 kbytes
INFO (LBRCXM-610): Extraction finished.

INFO (LBRCXM-582): Checking in license for Virtuoso_QRC_Extraction_XL 15.20

INFO (LBRCXM-702): Run ended: Thu Nov 20 13:28:28 2025


INFO (LBRCXM-805): Run took: 3m56s elapsed

INFO (LBRCXM-708): *****  Quantus QRC terminated normally  *****


