
---

file: ./xcelium.d/AMSD/ams_spice_in/amscb_ie_crules.vams
	connect worklib.ddiscrete_dynsup_full_fast_cr:vams
		errors: 0, warnings: 0

---

file: ./xcelium.d/AMSD/ams_spice_in/amscb_ie_crules.vams
	connect worklib.ddiscrete_dynsup_full_fast_cr:vams (up-to-date)
		errors: 0, warnings: 0

---

file: ./xcelium.d/AMSD/ams_spice_in/amscb_ie_crules.vams
	connect worklib.ddiscrete_dynsup_full_fast_cr:vams (up-to-date)
		errors: 0, warnings: 0

---

file: ./xcelium.d/AMSD/ams_spice_in/amscb_ie_crules.vams
	connect worklib.ddiscrete_dynsup_full_fast_cr:vams (up-to-date)
		errors: 0, warnings: 0

---

file: ./xcelium.d/AMSD/ams_spice_in/amscb_ie_crules.vams
	connect worklib.ddiscrete_dynsup_full_fast_cr:vams (up-to-date)
		errors: 0, warnings: 0

---

file: ./xcelium.d/AMSD/ams_spice_in/amscb_ie_crules.vams
	connect worklib.ddiscrete_dynsup_full_fast_cr:vams (up-to-date)
		errors: 0, warnings: 0

---

file: ./xcelium.d/AMSD/ams_spice_in/amscb_ie_crules.vams
	connect worklib.ddiscrete_dynsup_full_fast_cr:vams (up-to-date)
		errors: 0, warnings: 0

---

file: ./xcelium.d/AMSD/ams_spice_in/amscb_ie_crules.vams
	connect worklib.ddiscrete_dynsup_full_fast_cr:vams (up-to-date)
		errors: 0, warnings: 0

---

file: ./xcelium.d/AMSD/ams_spice_in/amscb_ie_crules.vams
	connect worklib.ddiscrete_dynsup_full_fast_cr:vams (up-to-date)
		errors: 0, warnings: 0

---

file: ./xcelium.d/AMSD/ams_spice_in/amscb_ie_crules.vams
	connect worklib.ddiscrete_dynsup_full_fast_cr:vams (up-to-date)
		errors: 0, warnings: 0

---

file: ./xcelium.d/AMSD/ams_spice_in/amscb_ie_crules.vams
	connect worklib.ddiscrete_dynsup_full_fast_cr:vams (up-to-date)
		errors: 0, warnings: 0
