\# Program start time:     UTC 2025.11.20 13:04:32.951
\# Local time: CET (UTC+01:00) 2025.11.20 14:04:32.951
\o Program:		@(#)$CDS: viva version 6.1.8-64b 06/29/2021 19:15 (sjfhw316) $
\o Hierarchy:		/comelec/softs/opt/Cadence/releases/IC618/tools.lnx86/dfII/
\o Sub version:		sub-version  IC6.1.8-64b.500.19  (64-bit addresses)
\# Command line:	/comelec/softs/opt/Cadence/releases/IC618/tools.lnx86/dfII/bin/64bit/viva -datadir psf
\# Host name (type):	tp-3a107-06 (x86_64)
\# Operating system:	Linux 6.1.0-41-amd64 #1 SMP PREEMPT_DYNAMIC Debian 6.1.158-1 (2025-11-09)
\# Linux /etc/issue:	Debian GNU/Linux 12 \n \l
\# X display name (WxH):	:0.0 (1920x1080)
\# Available geometry:			TL(0:27) BR(1919:1079)
\# X server:			The X.Org Foundation
\# Depth of Visual (Root):	24 (24)
\# Number of Planes Used:	24
\# X version:		11.0 (vendor release 12101007)
\# X resource pool:	base 0x4200000, mask 0x1fffff (2097151), shift 0
\# 			current id 0x0, current max 0x1ffffa (2097146)
\# Max data seg size:	     unlimited
\# Max process size:	     unlimited
\# Initial sbrk value:	        441 MB
\# Available memory:	     16,093 MB
\# System memory:	     19,583 MB
\# Maximum memory size:	     19,191 MB
\# Max mem available:	     16,142 MB
\# Initial memory used:	         49 MB
\#        process size:	        586 MB
\# Thread usage limits (effective/default):	maxthreads 62496/62496 maxload 20.00/20.00
\# Qt version:		5.9.1
\# Window Manager:	other
\# User Name:		afonlupt-25
\o Working Directory:	tp-3a107-06:/cal/exterieurs/afonlupt-25/afonlupt/projetCD2IC/TSPCFF_cell_rise
\# Process Id:		170307
\o 
\o COPYRIGHT (C) 1992-2021  CADENCE DESIGN SYSTEMS INC.  ALL RIGHTS RESERVED.
\o           (C) 1992-2021  UNIX SYSTEMS Laboratories INC.,
\o                          Reproduced with permission.
\o 
\o This Cadence Design Systems program and online documentation are
\o proprietary/confidential information and may be disclosed/used only
\o as authorized in a license agreement controlling such use and disclosure.
\o 
\o           RESTRICTED RIGHTS NOTICE (SHORT FORM)
\o Use/reproduction/disclosure is subject to restriction
\o set forth at FAR 1252.227-19 or its equivalent.
\o Virtuoso Framework License (111) was checked out successfully. Total checkout time was 0.25s.
\o Loading ams.cxt 
\o Loading auCore.cxt 
\p > 
\o Loading dal.cxt 
\o Loading awv.cxt 
\o Loading viva.cxt 
\a hiSetCurrentWindow(window(2))
\r t
\a hiCloseWindow(swindow(1))
\r t
\a hiQuit()
\# Displaying modal dbox "hiQuitDBox", title "Quit"
\p > 
\a hiDBoxOK(hiQuitDBox)
\r t
\o Segmentation fault
\o Segmentation fault
\# Available memory:         16,033 MB at UTC 2025.11.20 13:04:43.596
\# Memory report: Maximum memory size now 16,171 MB at UTC 2025.11.20 13:04:43.596
\# Thread usage report: 25 active threads, active load 1.40 at UTC 2025.11.20 13:04:43.596
\o 
\# Memory report: on exit            138 MB, process size 792 MB at UTC 2025.11.20 13:04:43.599
\# Memory report: peak usage         138 MB, process size 792 MB
