ahdlcmicompile: Compiling ahdlcmi in xcelium.d/AMSD/ahdlSimDB/amsXrunControl.ahdlSimDB//bsource_2b273e.va.bsource_2b273e.ahdlcmi/Linux-64/ for Linux-64 with optimize using gcc on Thu Oct 23 16:13:05 CEST 2025 [5.0]
ahdlcmicompile: Generating makefile
PATH:  /comelec/softs/opt/Cadence/releases/SPECTRE211/bin:/comelec/softs/opt/Cadence/releases/SPECTRE211/tools.lnx86/bin/64bit:/comelec/softs/opt/Cadence/releases/SPECTRE211/tools.lnx86/bin:/comelec/softs/opt/Cadence/releases/XCELIUM2109/bin:/comelec/softs/opt/Cadence/releases/XCELIUM2109/tools/bin/64bit:/comelec/softs/opt/Cadence/releases/XCELIUM2109/tools/bin:/comelec/softs/opt/Cadence/releases/XCELIUM2109/tools/vtools/vfault/bin:/comelec/softs/opt/Cadence/releases/ULTRASIM181/bin:/usr/local/bin:/usr/bin:/bin:/usr/local/games:/usr/games:/usr/local/sbin:/usr/sbin:/sbin:/usr/local/nfs_bin
LD_LIBRARY_PATH:  /comelec/softs/opt/Cadence/releases/SPECTRE211/tools.lnx86/giganta/lib/64bit:/comelec/softs/opt/Cadence/releases/SPECTRE211/tools.lnx86/mdl/lib/64bit:/comelec/softs/opt/Cadence/releases/SPECTRE211/tools.lnx86/mmsim/lib/64bit:/comelec/softs/opt/Cadence/releases/SPECTRE211/tools.lnx86/tcltk-8.4.20/lib/64bit:/comelec/softs/opt/Cadence/releases/SPECTRE211/tools.lnx86/python/64bit/lib:/comelec/softs/opt/Cadence/releases/SPECTRE211/tools.lnx86/inca/lib/64bit:/comelec/softs/opt/Cadence/releases/SPECTRE211/tools.lnx86/awrmwo/lib/64bit:/comelec/softs/opt/Cadence/releases/SPECTRE211/tools.lnx86/spectre/lib/64bit:/comelec/softs/opt/Cadence/releases/SPECTRE211/tools.lnx86/dfII/lib/64bit:/comelec/softs/opt/Cadence/releases/SPECTRE211/tools.lnx86/fmc/lib/64bit:/comelec/softs/opt/Cadence/releases/SPECTRE211/tools.lnx86/lib/64bit:/comelec/softs/opt/Cadence/releases/SPECTRE211/tools.lnx86/lib/64bit:/comelec/softs/opt/Cadence/releases/SPECTRE211/tools.lnx86/lib:/comelec/softs/opt/Cadence/releases/XCELIUM2109/tools/lib/64bit/Debian:/comelec/softs/opt/Cadence/releases/XCELIUM2109/tools/lib/64bit:/usr/lib/x86_64-linux-gnu:/usr/lib:/comelec/softs/opt/Cadence/releases/XCELIUM2109/tools/lib/64bit:/comelec/softs/opt/Cadence/releases/XCELIUM2109/tools/lib/64bit/Ubuntu:/tools/lib/64/comelec/softs/opt/Cadence/releases/XCELIUM2109/tools/sev/lib/64bit:/comelec/softs/opt/Cadence/releases/XCELIUM2109/tools/cdsbinutils/lib/64bit:/comelec/softs/opt/Cadence/releases/XCELIUM2109/tools/systemc/lib/64bit:/comelec/softs/opt/Cadence/releases/XCELIUM2109/tools/tbsc/lib/64bit
/comelec/softs/opt/Cadence/releases/SPECTRE211/tools.lnx86/spectre/ahdlcmi/bin/gnumake -j1 -f GNUmakefile
gnumake[1]: Entering directory '/cal/exterieurs/prats-25/Desktop/Cadence45nm/INV_cell_rise/xcelium.d/AMSD/ahdlSimDB/amsXrunControl.ahdlSimDB/bsource_2b273e.va.bsource_2b273e.ahdlcmi/Linux-64'
Cleaning ./obj/optimize/5.0
rm -f -rf ./obj/optimize/5.0
gnumake[1]: Leaving directory '/cal/exterieurs/prats-25/Desktop/Cadence45nm/INV_cell_rise/xcelium.d/AMSD/ahdlSimDB/amsXrunControl.ahdlSimDB/bsource_2b273e.va.bsource_2b273e.ahdlcmi/Linux-64'
gnumake[1]: Entering directory '/cal/exterieurs/prats-25/Desktop/Cadence45nm/INV_cell_rise/xcelium.d/AMSD/ahdlSimDB/amsXrunControl.ahdlSimDB/bsource_2b273e.va.bsource_2b273e.ahdlcmi/Linux-64'
Compiling C file bsource_2b273e_func.c (optimize)
/comelec/softs/opt/Cadence/releases/SPECTRE211/tools.lnx86/spectre/ahdlcmi/bin/64bit/ahdlcc 0 /usr/bin/gcc  -ffast-math  -fno-unsafe-math-optimizations -O3 -m64 -DSYSV -DSVR4 -D_REENTRANT -fPIC   -DconfigSPECTRE -I. -I/comelec/softs/opt/Cadence/releases/SPECTRE211/tools.lnx86/spectre/ahdlcmi/include -c bsource_2b273e_func.c -o obj/optimize/5.0/bsource_2b273e_func.o || rm -f -f obj/optimize/5.0/bsource_2b273e_func.o
rm -f -rf bsource_2b273e_func.c
Compiling C file bsource_2b273e_DcFuncDerLoad.c (optimize)
/comelec/softs/opt/Cadence/releases/SPECTRE211/tools.lnx86/spectre/ahdlcmi/bin/64bit/ahdlcc 0 /usr/bin/gcc  -ffast-math  -fno-unsafe-math-optimizations -O3 -m64 -DSYSV -DSVR4 -D_REENTRANT -fPIC   -DconfigSPECTRE -I. -I/comelec/softs/opt/Cadence/releases/SPECTRE211/tools.lnx86/spectre/ahdlcmi/include -c bsource_2b273e_DcFuncDerLoad.c -o obj/optimize/5.0/bsource_2b273e_DcFuncDerLoad.o || rm -f -f obj/optimize/5.0/bsource_2b273e_DcFuncDerLoad.o
rm -f -rf bsource_2b273e_DcFuncDerLoad.c
Compiling C file bsource_2b273e_DcFuncLoad.c (optimize)
/comelec/softs/opt/Cadence/releases/SPECTRE211/tools.lnx86/spectre/ahdlcmi/bin/64bit/ahdlcc 0 /usr/bin/gcc  -ffast-math  -fno-unsafe-math-optimizations -O3 -m64 -DSYSV -DSVR4 -D_REENTRANT -fPIC   -DconfigSPECTRE -I. -I/comelec/softs/opt/Cadence/releases/SPECTRE211/tools.lnx86/spectre/ahdlcmi/include -c bsource_2b273e_DcFuncLoad.c -o obj/optimize/5.0/bsource_2b273e_DcFuncLoad.o || rm -f -f obj/optimize/5.0/bsource_2b273e_DcFuncLoad.o
rm -f -rf bsource_2b273e_DcFuncLoad.c
Compiling C file bsource_2b273e_TranFuncDerLoad.c (optimize)
/comelec/softs/opt/Cadence/releases/SPECTRE211/tools.lnx86/spectre/ahdlcmi/bin/64bit/ahdlcc 0 /usr/bin/gcc  -ffast-math  -fno-unsafe-math-optimizations -O3 -m64 -DSYSV -DSVR4 -D_REENTRANT -fPIC   -DconfigSPECTRE -I. -I/comelec/softs/opt/Cadence/releases/SPECTRE211/tools.lnx86/spectre/ahdlcmi/include -c bsource_2b273e_TranFuncDerLoad.c -o obj/optimize/5.0/bsource_2b273e_TranFuncDerLoad.o || rm -f -f obj/optimize/5.0/bsource_2b273e_TranFuncDerLoad.o
rm -f -rf bsource_2b273e_TranFuncDerLoad.c
Compiling C file bsource_2b273e_TranFuncDerSimLoad.c (optimize)
/comelec/softs/opt/Cadence/releases/SPECTRE211/tools.lnx86/spectre/ahdlcmi/bin/64bit/ahdlcc 0 /usr/bin/gcc  -ffast-math  -fno-unsafe-math-optimizations -O3 -m64 -DSYSV -DSVR4 -D_REENTRANT -fPIC   -DconfigSPECTRE -I. -I/comelec/softs/opt/Cadence/releases/SPECTRE211/tools.lnx86/spectre/ahdlcmi/include -c bsource_2b273e_TranFuncDerSimLoad.c -o obj/optimize/5.0/bsource_2b273e_TranFuncDerSimLoad.o || rm -f -f obj/optimize/5.0/bsource_2b273e_TranFuncDerSimLoad.o
rm -f -rf bsource_2b273e_TranFuncDerSimLoad.c
Compiling C file bsource_2b273e_TranFuncLoad.c (optimize)
/comelec/softs/opt/Cadence/releases/SPECTRE211/tools.lnx86/spectre/ahdlcmi/bin/64bit/ahdlcc 0 /usr/bin/gcc  -ffast-math  -fno-unsafe-math-optimizations -O3 -m64 -DSYSV -DSVR4 -D_REENTRANT -fPIC   -DconfigSPECTRE -I. -I/comelec/softs/opt/Cadence/releases/SPECTRE211/tools.lnx86/spectre/ahdlcmi/include -c bsource_2b273e_TranFuncLoad.c -o obj/optimize/5.0/bsource_2b273e_TranFuncLoad.o || rm -f -f obj/optimize/5.0/bsource_2b273e_TranFuncLoad.o
rm -f -rf bsource_2b273e_TranFuncLoad.c
Compiling C file bsource_2b273e_TranFuncSimLoad.c (optimize)
/comelec/softs/opt/Cadence/releases/SPECTRE211/tools.lnx86/spectre/ahdlcmi/bin/64bit/ahdlcc 0 /usr/bin/gcc  -ffast-math  -fno-unsafe-math-optimizations -O3 -m64 -DSYSV -DSVR4 -D_REENTRANT -fPIC   -DconfigSPECTRE -I. -I/comelec/softs/opt/Cadence/releases/SPECTRE211/tools.lnx86/spectre/ahdlcmi/include -c bsource_2b273e_TranFuncSimLoad.c -o obj/optimize/5.0/bsource_2b273e_TranFuncSimLoad.o || rm -f -f obj/optimize/5.0/bsource_2b273e_TranFuncSimLoad.o
rm -f -rf bsource_2b273e_TranFuncSimLoad.c
Compiling C file bsource_2b273e_OpPointCalc.c (optimize)
/comelec/softs/opt/Cadence/releases/SPECTRE211/tools.lnx86/spectre/ahdlcmi/bin/64bit/ahdlcc 0 /usr/bin/gcc  -ffast-math  -fno-unsafe-math-optimizations -O3 -m64 -DSYSV -DSVR4 -D_REENTRANT -fPIC   -DconfigSPECTRE -I. -I/comelec/softs/opt/Cadence/releases/SPECTRE211/tools.lnx86/spectre/ahdlcmi/include -c bsource_2b273e_OpPointCalc.c -o obj/optimize/5.0/bsource_2b273e_OpPointCalc.o || rm -f -f obj/optimize/5.0/bsource_2b273e_OpPointCalc.o
rm -f -rf bsource_2b273e_OpPointCalc.c
Compiling C file bsource_2b273e_cmi_c.c (optimize)
/comelec/softs/opt/Cadence/releases/SPECTRE211/tools.lnx86/spectre/ahdlcmi/bin/64bit/ahdlcc 0 /usr/bin/gcc  -ffast-math  -fno-unsafe-math-optimizations -O3 -m64 -DSYSV -DSVR4 -D_REENTRANT -fPIC   -DconfigSPECTRE -I. -I/comelec/softs/opt/Cadence/releases/SPECTRE211/tools.lnx86/spectre/ahdlcmi/include -I/comelec/softs/opt/Cadence/releases/SPECTRE211/tools.lnx86/cmi/include -c bsource_2b273e_cmi_c.c -o obj/optimize/5.0/bsource_2b273e_cmi_c.o || rm -f -f obj/optimize/5.0/bsource_2b273e_cmi_c.o
<stdin>: In function 'bsource_2b273e_pGetInstanceParams':
<stdin>:1268:69: warning: implicit declaration of function 'devGetInstKnotStatus'; did you mean 'devGetInstState'? [-Wimplicit-function-declaration]
<stdin>: In function 'bsource_2b273e_pDC_Load':
<stdin>:1552:41: warning: passing argument 1 of 'aslDevFillZeorDiagonalElemet' makes pointer from integer without a cast [-Wint-conversion]
In file included from <stdin>:24:
/comelec/softs/opt/Cadence/releases/SPECTRE211/tools.lnx86/spectre/ahdlcmi/include/ahdlDevLibGlobal.h:2803:63: note: expected 'void *' but argument is of type 'long int'
 2803 | ASL_FUNC_DECL_START extern void aslDevFillZeorDiagonalElemet( void *, int, unsigned int, struct ahdlFuncModeParam * );
      |                                                               ^~~~~~
<stdin>: In function 'bsource_2b273e_pCloneStencil':
<stdin>:1876:36: warning: assignment to 'long int' from 'void *' makes integer from pointer without a cast [-Wint-conversion]
<stdin>:1877:33: warning: passing argument 1 of 'aslDevMemcpy_wrap' makes pointer from integer without a cast [-Wint-conversion]
/comelec/softs/opt/Cadence/releases/SPECTRE211/tools.lnx86/spectre/ahdlcmi/include/ahdlDevLibGlobal.h:1404:53: note: expected 'void *' but argument is of type 'long int'
 1404 | ASL_FUNC_DECL_START extern void *aslDevMemcpy_wrap( void *, const void *, size_t );
      |                                                     ^~~~~~
<stdin>:1877:67: warning: passing argument 2 of 'aslDevMemcpy_wrap' makes pointer from integer without a cast [-Wint-conversion]
/comelec/softs/opt/Cadence/releases/SPECTRE211/tools.lnx86/spectre/ahdlcmi/include/ahdlDevLibGlobal.h:1404:61: note: expected 'const void *' but argument is of type 'long int'
 1404 | ASL_FUNC_DECL_START extern void *aslDevMemcpy_wrap( void *, const void *, size_t );
      |                                                             ^~~~~~~~~~~~
<stdin>: In function 'bsource_2b273e_pCompare':
<stdin>:1978:37: warning: assignment to 'long int' from 'long int *' makes integer from pointer without a cast [-Wint-conversion]
<stdin>:1979:23: warning: passing argument 1 of 'memcpy' makes pointer from integer without a cast [-Wint-conversion]
In file included from /comelec/softs/opt/Cadence/releases/SPECTRE211/tools.lnx86/spectre/ahdlcmi/include/ahdlPiCmi.h:5,
                 from /comelec/softs/opt/Cadence/releases/SPECTRE211/tools.lnx86/spectre/ahdlcmi/include/ahdlDevLibGlobal.h:83:
/usr/include/string.h:43:39: note: expected 'void * restrict' but argument is of type 'long int'
   43 | extern void *memcpy (void *__restrict __dest, const void *__restrict __src,
      |                      ~~~~~~~~~~~~~~~~~^~~~~~
<stdin>:1979:58: warning: passing argument 2 of 'memcpy' makes pointer from integer without a cast [-Wint-conversion]
/usr/include/string.h:43:70: note: expected 'const void * restrict' but argument is of type 'long int'
   43 | extern void *memcpy (void *__restrict __dest, const void *__restrict __src,
      |                                               ~~~~~~~~~~~~~~~~~~~~~~~^~~~~
<stdin>:1981:37: warning: assignment to 'long int' from 'void *' makes integer from pointer without a cast [-Wint-conversion]
<stdin>: In function 'bsource_2b273e_pGetMatrixPointers':
<stdin>:2155:34: warning: assignment to 'long int' from 'void *' makes integer from pointer without a cast [-Wint-conversion]
<stdin>: In function 'bsource_2b273e_pAnalTranLoad':
<stdin>:2872:42: warning: passing argument 1 of 'aslDevFillZeorDiagonalElemet' makes pointer from integer without a cast [-Wint-conversion]
/comelec/softs/opt/Cadence/releases/SPECTRE211/tools.lnx86/spectre/ahdlcmi/include/ahdlDevLibGlobal.h:2803:63: note: expected 'void *' but argument is of type 'long int'
 2803 | ASL_FUNC_DECL_START extern void aslDevFillZeorDiagonalElemet( void *, int, unsigned int, struct ahdlFuncModeParam * );
      |                                                               ^~~~~~
<stdin>: In function 'bsource_2b273e_pNoiseBindSrcs':
<stdin>:3114:49: warning: passing argument 3 of 'aslDevNoiseBindStartModel' discards 'const' qualifier from pointer target type [-Wdiscarded-qualifiers]
/comelec/softs/opt/Cadence/releases/SPECTRE211/tools.lnx86/spectre/ahdlcmi/include/ahdlDevLibGlobal.h:1135:95: note: expected 'char *' but argument is of type 'devModelID' {aka 'const char *'}
 1135 | ASL_FUNC_DECL_START extern void aslDevNoiseBindStartModel( struct noiseData *, devInstKnot *, char *, char * );
      |                                                                                               ^~~~~~
<stdin>: In function 'bsource_2b273e_pNoiseNameSrcs':
<stdin>:3177:44: warning: passing argument 3 of 'aslDevNoiseNameModel' discards 'const' qualifier from pointer target type [-Wdiscarded-qualifiers]
/comelec/softs/opt/Cadence/releases/SPECTRE211/tools.lnx86/spectre/ahdlcmi/include/ahdlDevLibGlobal.h:1143:97: note: expected 'char *' but argument is of type 'devModelID' {aka 'const char *'}
 1143 | ASL_FUNC_DECL_START extern msgSeverity aslDevNoiseNameModel( struct noiseData *, devInstKnot *, char *, char * );
      |                                                                                                 ^~~~~~
<stdin>: In function 'bsource_2b273e_pSaveRestart':
<stdin>:3325:4: warning: implicit declaration of function 'pklAccessDouble' [-Wimplicit-function-declaration]
<stdin>:3326:30: warning: passing argument 2 of 'aslDevAvarSR' from incompatible pointer type [-Wincompatible-pointer-types]
/comelec/softs/opt/Cadence/releases/SPECTRE211/tools.lnx86/spectre/ahdlcmi/include/ahdlDevLibGlobal.h:1265:58: note: expected 'struct ahdlAnalogVar *' but argument is of type 'char *'
 1265 | ASL_FUNC_DECL_START extern PklError_e aslDevAvarSR( int, struct ahdlAnalogVar *, char *, char *, char *, PklJar_t * );
      |                                                          ^~~~~~~~~~~~~~~~~~~~~~
<stdin>: In function 'bsource_2b273e_pSaveRestartInst':
<stdin>:3394:28: warning: passing argument 2 of 'aslDevAvarSR' from incompatible pointer type [-Wincompatible-pointer-types]
/comelec/softs/opt/Cadence/releases/SPECTRE211/tools.lnx86/spectre/ahdlcmi/include/ahdlDevLibGlobal.h:1265:58: note: expected 'struct ahdlAnalogVar *' but argument is of type 'char *'
 1265 | ASL_FUNC_DECL_START extern PklError_e aslDevAvarSR( int, struct ahdlAnalogVar *, char *, char *, char *, PklJar_t * );
      |                                                          ^~~~~~~~~~~~~~~~~~~~~~
<stdin>: In function 'ahdlbsource_2b273eDescInstall':
<stdin>:3536:2: warning: implicit declaration of function 'descSetDeviceType'; did you mean 'descSetDelete'? [-Wimplicit-function-declaration]
<stdin>:3538:2: warning: implicit declaration of function 'descSetSetContrInfoPtr' [-Wimplicit-function-declaration]
<stdin>:3545:2: warning: implicit declaration of function 'descSetCopySignals'; did you mean 'descSetMapSignals'? [-Wimplicit-function-declaration]
<stdin>:3546:2: warning: implicit declaration of function 'descSetCloneStencil'; did you mean 'descSetDeleteStencil'? [-Wimplicit-function-declaration]
<stdin>:3562:2: warning: implicit declaration of function 'descSetPreload'; did you mean 'descSetHB_Load'? [-Wimplicit-function-declaration]
<stdin>:3569:2: warning: implicit declaration of function 'descSetNoiseLoadFreqDep'; did you mean 'descSetNoiseLoadBiasDep'? [-Wimplicit-function-declaration]
<stdin>:3571:2: warning: implicit declaration of function 'descSetNoiseBindSrcs' [-Wimplicit-function-declaration]
<stdin>:3572:2: warning: implicit declaration of function 'descSetNoiseNameSrcs' [-Wimplicit-function-declaration]
<stdin>:3577:2: warning: implicit declaration of function 'descSetGetNodeNamesForBranch' [-Wimplicit-function-declaration]
<stdin>:3578:2: warning: implicit declaration of function 'descSetGetLinearityFactor' [-Wimplicit-function-declaration]
rm -f -rf bsource_2b273e_cmi_c.c
/usr/bin/gcc -shared -O3 -m64 -fPIC -o obj/optimize/5.0/libahdlcmi_bsource_2b273e.so ./obj/optimize/5.0/bsource_2b273e_func.o ./obj/optimize/5.0/bsource_2b273e_DcFuncDerLoad.o ./obj/optimize/5.0/bsource_2b273e_DcFuncLoad.o ./obj/optimize/5.0/bsource_2b273e_TranFuncDerLoad.o ./obj/optimize/5.0/bsource_2b273e_TranFuncDerSimLoad.o ./obj/optimize/5.0/bsource_2b273e_TranFuncLoad.o ./obj/optimize/5.0/bsource_2b273e_TranFuncSimLoad.o ./obj/optimize/5.0/bsource_2b273e_OpPointCalc.o ./obj/optimize/5.0/bsource_2b273e_cmi_c.o  -Wl,-rpath,/usr/lib -Wl,-rpath,/lib -s 
rm -f -f ./obj/optimize/5.0/bsource_2b273e_func.o ./obj/optimize/5.0/bsource_2b273e_DcFuncDerLoad.o ./obj/optimize/5.0/bsource_2b273e_DcFuncLoad.o ./obj/optimize/5.0/bsource_2b273e_TranFuncDerLoad.o ./obj/optimize/5.0/bsource_2b273e_TranFuncDerSimLoad.o ./obj/optimize/5.0/bsource_2b273e_TranFuncLoad.o ./obj/optimize/5.0/bsource_2b273e_TranFuncSimLoad.o ./obj/optimize/5.0/bsource_2b273e_OpPointCalc.o ./obj/optimize/5.0/bsource_2b273e_cmi_c.o 
gnumake[1]: Leaving directory '/cal/exterieurs/prats-25/Desktop/Cadence45nm/INV_cell_rise/xcelium.d/AMSD/ahdlSimDB/amsXrunControl.ahdlSimDB/bsource_2b273e.va.bsource_2b273e.ahdlcmi/Linux-64'
